Archive member included to satisfy reference by file (symbol)

Generated_Source\PSoC6\pdl\middleware\ble\lib\cy_ble_stack_gcc_host_ipc_cm4.a(CyBleStackMgrIP_Interface.o)
                              .\CortexM4\ARM_GCC_541\Debug\cy_ble.o (Cy_BLE_EnablePrivacyFeature)
Generated_Source\PSoC6\pdl\middleware\ble\lib\cy_ble_stack_gcc_host_ipc_cm4.a(BT_os.o)
                              Generated_Source\PSoC6\pdl\middleware\ble\lib\cy_ble_stack_gcc_host_ipc_cm4.a(CyBleStackMgrIP_Interface.o) (cyBleStackMemoryConfig)
Generated_Source\PSoC6\pdl\middleware\ble\lib\cy_ble_stack_gcc_host_ipc_cm4.a(CyBleStackMgr_StackTaskHandler.o)
                              Generated_Source\PSoC6\pdl\middleware\ble\lib\cy_ble_stack_gcc_host_ipc_cm4.a(CyBleStackMgrIP_Interface.o) (CyBle_CreateBleStackTask)
Generated_Source\PSoC6\pdl\middleware\ble\lib\cy_ble_stack_gcc_host_ipc_cm4.a(storage_pl.o)
                              Generated_Source\PSoC6\pdl\middleware\ble\lib\cy_ble_stack_gcc_host_ipc_cm4.a(CyBleStackMgrIP_Interface.o) (storage_manager_init)
Generated_Source\PSoC6\pdl\middleware\ble\lib\cy_ble_stack_gcc_host_ipc_cm4.a(mint_os.o)
                              Generated_Source\PSoC6\pdl\middleware\ble\lib\cy_ble_stack_gcc_host_ipc_cm4.a(CyBleStackMgrIP_Interface.o) (OS_init)
Generated_Source\PSoC6\pdl\middleware\ble\lib\cy_ble_stack_gcc_host_ipc_cm4.a(mint_os_queue.o)
                              Generated_Source\PSoC6\pdl\middleware\ble\lib\cy_ble_stack_gcc_host_ipc_cm4.a(mint_os.o) (OS_TOTAL_QUEUES)
Generated_Source\PSoC6\pdl\middleware\ble\lib\cy_ble_stack_gcc_host_ipc_cm4.a(mint_os_task.o)
                              Generated_Source\PSoC6\pdl\middleware\ble\lib\cy_ble_stack_gcc_host_ipc_cm4.a(mint_os.o) (idle_func_handler)
Generated_Source\PSoC6\pdl\middleware\ble\lib\cy_ble_stack_gcc_host_ipc_cm4.a(mint_buf_mgmt.o)
                              Generated_Source\PSoC6\pdl\middleware\ble\lib\cy_ble_stack_gcc_host_ipc_cm4.a(BT_os.o) (mint_buf_mgmt_allocate_buffer)
Generated_Source\PSoC6\pdl\middleware\ble\lib\cy_ble_stack_gcc_host_ipc_cm4.a(transport_ipc.o)
                              Generated_Source\PSoC6\pdl\middleware\ble\lib\cy_ble_stack_gcc_host_ipc_cm4.a(CyBleStackMgr_StackTaskHandler.o) (CyBleHost_HciIpcFreePktBuffer)
Generated_Source\PSoC6\pdl\middleware\ble\lib\cy_ble_stack_gcc_host_ipc_cm4.a(CyBleStackMgr_PSoCIPCHal.o)
                              Generated_Source\PSoC6\pdl\middleware\ble\lib\cy_ble_stack_gcc_host_ipc_cm4.a(transport_ipc.o) (CyBleHost_IPC_HAL_InitWithStaticMem)
Generated_Source\PSoC6\pdl\middleware\ble\lib\cy_ble_stack_gcc_host_ipc_cm4.a(host_main.o)
                              Generated_Source\PSoC6\pdl\middleware\ble\lib\cy_ble_stack_gcc_host_ipc_cm4.a(CyBleStackMgrIP_Interface.o) (CyBle_HostInit)
Generated_Source\PSoC6\pdl\middleware\ble\lib\cy_ble_stack_gcc_host_ipc_cm4.a(att_api.o)
                              Generated_Source\PSoC6\pdl\middleware\ble\lib\cy_ble_stack_gcc_host_ipc_cm4.a(host_main.o) (BT_att_register)
Generated_Source\PSoC6\pdl\middleware\ble\lib\cy_ble_stack_gcc_host_ipc_cm4.a(att_init.o)
                              Generated_Source\PSoC6\pdl\middleware\ble\lib\cy_ble_stack_gcc_host_ipc_cm4.a(att_api.o) (att_connections)
Generated_Source\PSoC6\pdl\middleware\ble\lib\cy_ble_stack_gcc_host_ipc_cm4.a(att_internal.o)
                              Generated_Source\PSoC6\pdl\middleware\ble\lib\cy_ble_stack_gcc_host_ipc_cm4.a(att_api.o) (att_get_fsm_event)
Generated_Source\PSoC6\pdl\middleware\ble\lib\cy_ble_stack_gcc_host_ipc_cm4.a(BT_common.o)
                              Generated_Source\PSoC6\pdl\middleware\ble\lib\cy_ble_stack_gcc_host_ipc_cm4.a(host_main.o) (BT_bluetooth_off)
Generated_Source\PSoC6\pdl\middleware\ble\lib\cy_ble_stack_gcc_host_ipc_cm4.a(device_queue.o)
                              Generated_Source\PSoC6\pdl\middleware\ble\lib\cy_ble_stack_gcc_host_ipc_cm4.a(host_main.o) (CyBle_DeviceQueueHeapDeInit)
Generated_Source\PSoC6\pdl\middleware\ble\lib\cy_ble_stack_gcc_host_ipc_cm4.a(l2cap.o)
                              Generated_Source\PSoC6\pdl\middleware\ble\lib\cy_ble_stack_gcc_host_ipc_cm4.a(host_main.o) (CyBle_L2capCB)
Generated_Source\PSoC6\pdl\middleware\ble\lib\cy_ble_stack_gcc_host_ipc_cm4.a(l2cap_disconnect.o)
                              Generated_Source\PSoC6\pdl\middleware\ble\lib\cy_ble_stack_gcc_host_ipc_cm4.a(l2cap.o) (l2ca_disconnect_req)
Generated_Source\PSoC6\pdl\middleware\ble\lib\cy_ble_stack_gcc_host_ipc_cm4.a(l2cap_init.o)
                              Generated_Source\PSoC6\pdl\middleware\ble\lib\cy_ble_stack_gcc_host_ipc_cm4.a(l2cap_disconnect.o) (l2cap_fixed_channel)
Generated_Source\PSoC6\pdl\middleware\ble\lib\cy_ble_stack_gcc_host_ipc_cm4.a(l2cap_utils.o)
                              Generated_Source\PSoC6\pdl\middleware\ble\lib\cy_ble_stack_gcc_host_ipc_cm4.a(l2cap_disconnect.o) (l2cap_buffer_dequeue)
[...]
Memory Configuration

Name             Origin             Length             Attributes
ram              0x08024000         0x00023800         xrw
flash            0x10080000         0x00080000         xr
em_eeprom        0x14000000         0x00008000         xr
sflash_user_data 0x16000800         0x00000800         xr
sflash_nar       0x16001a00         0x00000200         xr
sflash_public_key 0x16005a00         0x00000c00         xr
sflash_toc_2     0x16007c00         0x00000200         xr
sflash_rtoc_2    0x16007e00         0x00000200         xr
xip              0x18000000         0x08000000         xr
efuse            0x90700000         0x00100000         r
*default*        0x00000000         0xffffffff

Linker script and memory map

LOAD c:/program files/cypress/psoc creator/4.3/psoc creator/import/gnu/arm/5.4.1/bin/../lib/gcc/arm-none-eabi/5.4.1/armv7e-m/softfp/crti.o
LOAD c:/program files/cypress/psoc creator/4.3/psoc creator/import/gnu/arm/5.4.1/bin/../lib/gcc/arm-none-eabi/5.4.1/armv7e-m/softfp/crtbegin.o
LOAD c:/program files/cypress/psoc creator/4.3/psoc creator/import/gnu/arm/5.4.1/bin/../lib/gcc/arm-none-eabi/5.4.1/../../../../arm-none-eabi/lib/armv7e-m/softfp/crt0.o
START GROUP
LOAD Generated_Source\PSoC6\pdl\middleware\ble\lib\cy_ble_stack_gcc_host_ipc_cm4.a
LOAD .\CortexM4\ARM_GCC_541\Debug\startup_psoc6_01_cm4.o
LOAD .\CortexM4\ARM_GCC_541\Debug\main_cm4.o
LOAD .\CortexM4\ARM_GCC_541\Debug\system_psoc6_cm4.o
LOAD .\CortexM4\ARM_GCC_541\Debug\cyfitter_sysint_cfg.o
LOAD .\CortexM4\ARM_GCC_541\Debug\cymetadata.o
LOAD .\CortexM4\ARM_GCC_541\Debug\BLE.o
LOAD .\CortexM4\ARM_GCC_541\Debug\BLE_config.o
LOAD .\CortexM4\ARM_GCC_541\Debug\BLE_ias_config.o
LOAD .\CortexM4\ARM_GCC_541\Debug\UART.o
LOAD .\CortexM4\ARM_GCC_541\Debug\cy_efuse.o
LOAD .\CortexM4\ARM_GCC_541\Debug\cy_flash.o
LOAD .\CortexM4\ARM_GCC_541\Debug\cy_gpio.o
LOAD .\CortexM4\ARM_GCC_541\Debug\cy_ipc_drv.o
LOAD .\CortexM4\ARM_GCC_541\Debug\cy_ipc_sema.o
LOAD .\CortexM4\ARM_GCC_541\Debug\cy_ipc_pipe.o
LOAD .\CortexM4\ARM_GCC_541\Debug\cy_lvd.o
LOAD .\CortexM4\ARM_GCC_541\Debug\cy_profile.o
LOAD .\CortexM4\ARM_GCC_541\Debug\cy_prot.o
LOAD .\CortexM4\ARM_GCC_541\Debug\cy_scb_common.o
LOAD .\CortexM4\ARM_GCC_541\Debug\cy_scb_i2c.o
LOAD .\CortexM4\ARM_GCC_541\Debug\cy_scb_ezi2c.o
LOAD .\CortexM4\ARM_GCC_541\Debug\cy_scb_spi.o
LOAD .\CortexM4\ARM_GCC_541\Debug\cy_scb_uart.o
LOAD .\CortexM4\ARM_GCC_541\Debug\cy_sysanalog.o
LOAD .\CortexM4\ARM_GCC_541\Debug\cy_sysclk.o
LOAD .\CortexM4\ARM_GCC_541\Debug\cy_sysint.o
LOAD .\CortexM4\ARM_GCC_541\Debug\cy_syslib.o
LOAD .\CortexM4\ARM_GCC_541\Debug\cy_syslib_gcc.o
LOAD .\CortexM4\ARM_GCC_541\Debug\cy_syspm.o
LOAD .\CortexM4\ARM_GCC_541\Debug\cy_systick.o
LOAD .\CortexM4\ARM_GCC_541\Debug\cy_trigmux.o
LOAD .\CortexM4\ARM_GCC_541\Debug\cy_wdt.o
LOAD .\CortexM4\ARM_GCC_541\Debug\cy_device.o
LOAD .\CortexM4\ARM_GCC_541\Debug\cy_ble.o
LOAD .\CortexM4\ARM_GCC_541\Debug\cy_ble_hal_int.o
LOAD .\CortexM4\ARM_GCC_541\Debug\cy_ble_hal_pvt.o
LOAD .\CortexM4\ARM_GCC_541\Debug\cy_ble_gap.o
LOAD .\CortexM4\ARM_GCC_541\Debug\cy_ble_gatt.o
LOAD .\CortexM4\ARM_GCC_541\Debug\cy_ble_event_handler.o
LOAD .\CortexM4\ARM_GCC_541\Debug\cy_ble_ancs.o
LOAD .\CortexM4\ARM_GCC_541\Debug\cy_ble_ans.o
LOAD .\CortexM4\ARM_GCC_541\Debug\cy_ble_aios.o
LOAD .\CortexM4\ARM_GCC_541\Debug\cy_ble_bas.o
LOAD .\CortexM4\ARM_GCC_541\Debug\cy_ble_bcs.o
LOAD .\CortexM4\ARM_GCC_541\Debug\cy_ble_bls.o
LOAD .\CortexM4\ARM_GCC_541\Debug\cy_ble_bms.o
LOAD .\CortexM4\ARM_GCC_541\Debug\cy_ble_bts.o
LOAD .\CortexM4\ARM_GCC_541\Debug\cy_ble_cgms.o
LOAD .\CortexM4\ARM_GCC_541\Debug\cy_ble_cps.o
LOAD .\CortexM4\ARM_GCC_541\Debug\cy_ble_cscs.o
LOAD .\CortexM4\ARM_GCC_541\Debug\cy_ble_cts.o
LOAD .\CortexM4\ARM_GCC_541\Debug\cy_ble_custom.o
LOAD .\CortexM4\ARM_GCC_541\Debug\cy_ble_dis.o
LOAD .\CortexM4\ARM_GCC_541\Debug\cy_ble_ess.o
LOAD .\CortexM4\ARM_GCC_541\Debug\cy_ble_gls.o
LOAD .\CortexM4\ARM_GCC_541\Debug\cy_ble_hids.o
LOAD .\CortexM4\ARM_GCC_541\Debug\cy_ble_hps.o
LOAD .\CortexM4\ARM_GCC_541\Debug\cy_ble_hrs.o
LOAD .\CortexM4\ARM_GCC_541\Debug\cy_ble_hts.o
LOAD .\CortexM4\ARM_GCC_541\Debug\cy_ble_ias.o
LOAD .\CortexM4\ARM_GCC_541\Debug\cy_ble_ips.o
LOAD .\CortexM4\ARM_GCC_541\Debug\cy_ble_lls.o
LOAD .\CortexM4\ARM_GCC_541\Debug\cy_ble_lns.o
LOAD .\CortexM4\ARM_GCC_541\Debug\cy_ble_ndcs.o
LOAD .\CortexM4\ARM_GCC_541\Debug\cy_ble_plxs.o
LOAD .\CortexM4\ARM_GCC_541\Debug\cy_ble_pass.o
LOAD .\CortexM4\ARM_GCC_541\Debug\cy_ble_rscs.o
LOAD .\CortexM4\ARM_GCC_541\Debug\cy_ble_rtus.o
LOAD .\CortexM4\ARM_GCC_541\Debug\cy_ble_scps.o
LOAD .\CortexM4\ARM_GCC_541\Debug\cy_ble_tps.o
LOAD .\CortexM4\ARM_GCC_541\Debug\cy_ble_uds.o
LOAD .\CortexM4\ARM_GCC_541\Debug\cy_ble_wpts.o
LOAD .\CortexM4\ARM_GCC_541\Debug\cy_ble_wss.o
LOAD .\CortexM4\ARM_GCC_541\Debug\cy_ble_clk.o
END GROUP
START GROUP
LOAD c:/program files/cypress/psoc creator/4.3/psoc creator/import/gnu/arm/5.4.1/bin/../lib/gcc/arm-none-eabi/5.4.1/armv7e-m/softfp\libgcc.a
LOAD c:/program files/cypress/psoc creator/4.3/psoc creator/import/gnu/arm/5.4.1/bin/../lib/gcc/arm-none-eabi/5.4.1/../../../../arm-none-eabi/lib/armv7e-m/softfp\libg_nano.a
LOAD c:/program files/cypress/psoc creator/4.3/psoc creator/import/gnu/arm/5.4.1/bin/../lib/gcc/arm-none-eabi/5.4.1/../../../../arm-none-eabi/lib/armv7e-m/softfp\libc_nano.a
END GROUP
START GROUP
LOAD c:/program files/cypress/psoc creator/4.3/psoc creator/import/gnu/arm/5.4.1/bin/../lib/gcc/arm-none-eabi/5.4.1/armv7e-m/softfp\libgcc.a
LOAD c:/program files/cypress/psoc creator/4.3/psoc creator/import/gnu/arm/5.4.1/bin/../lib/gcc/arm-none-eabi/5.4.1/../../../../arm-none-eabi/lib/armv7e-m/softfp\libc_nano.a
END GROUP
LOAD c:/program files/cypress/psoc creator/4.3/psoc creator/import/gnu/arm/5.4.1/bin/../lib/gcc/arm-none-eabi/5.4.1/armv7e-m/softfp/crtend.o
LOAD c:/program files/cypress/psoc creator/4.3/psoc creator/import/gnu/arm/5.4.1/bin/../lib/gcc/arm-none-eabi/5.4.1/armv7e-m/softfp/crtn.o
START GROUP
LOAD c:/program files/cypress/psoc creator/4.3/psoc creator/import/gnu/arm/5.4.1/bin/../lib/gcc/arm-none-eabi/5.4.1/armv7e-m/softfp\libgcc.a
LOAD c:/program files/cypress/psoc creator/4.3/psoc creator/import/gnu/arm/5.4.1/bin/../lib/gcc/arm-none-eabi/5.4.1/../../../../arm-none-eabi/lib/armv7e-m/softfp\libc.a
LOAD c:/program files/cypress/psoc creator/4.3/psoc creator/import/gnu/arm/5.4.1/bin/../lib/gcc/arm-none-eabi/5.4.1/../../../../arm-none-eabi/lib/armv7e-m/softfp\libnosys.a
END GROUP
START GROUP
LOAD c:/program files/cypress/psoc creator/4.3/psoc creator/import/gnu/arm/5.4.1/bin/../lib/gcc/arm-none-eabi/5.4.1/armv7e-m/softfp\libgcc.a
LOAD c:/program files/cypress/psoc creator/4.3/psoc creator/import/gnu/arm/5.4.1/bin/../lib/gcc/arm-none-eabi/5.4.1/../../../../arm-none-eabi/lib/armv7e-m/softfp\libc.a
LOAD c:/program files/cypress/psoc creator/4.3/psoc creator/import/gnu/arm/5.4.1/bin/../lib/gcc/arm-none-eabi/5.4.1/../../../../arm-none-eabi/lib/armv7e-m/softfp\libm.a
LOAD c:/program files/cypress/psoc creator/4.3/psoc creator/import/gnu/arm/5.4.1/bin/../lib/gcc/arm-none-eabi/5.4.1/../../../../arm-none-eabi/lib/armv7e-m/softfp\libnosys.a
END GROUP

.text           0x10080000     0x5e04
                0x10080000                . = ALIGN (0x4)
                0x10080000                __Vectors = .
 *(.vectors)
 .vectors       0x10080000      0x28c .\CortexM4\ARM_GCC_541\Debug\startup_psoc6_01_cm4.o
                0x1008028c                . = ALIGN (0x4)
                0x1008028c                __Vectors_End = .
                0x0000028c                __Vectors_Size = (__Vectors_End - __Vectors)
                0x1008028c                __end__ = .
                0x1008028c                . = ALIGN (0x4)
 *(.text*)
 .text          0x1008028c       0x5c c:/program files/cypress/psoc creator/4.3/psoc creator/import/gnu/arm/5.4.1/bin/../lib/gcc/arm-none-eabi/5.4.1/armv7e-m/softfp/crtbegin.o
 .text          0x100802e8       0x84 .\CortexM4\ARM_GCC_541\Debug\startup_psoc6_01_cm4.o
                0x100802e8                Cy_OnResetUser
                0x100802ea                Reset_Handler
                0x1008034c                cpuss_interrupts_ipc_6_IRQHandler
                0x1008034c                DebugMon_Handler
                0x1008034c                tcpwm_1_interrupts_11_IRQHandler
                0x1008034c                cpuss_interrupts_ipc_0_IRQHandler
                0x1008034c                tcpwm_1_interrupts_15_IRQHandler
                0x1008034c                ioss_interrupts_gpio_13_IRQHandler
                0x1008034c                tcpwm_1_interrupts_13_IRQHandler
                0x1008034c                cpuss_interrupts_dw1_8_IRQHandler
                0x1008034c                tcpwm_0_interrupts_0_IRQHandler
                0x1008034c                SysTick_Handler
                0x1008034c                cpuss_interrupt_fm_IRQHandler
                0x1008034c                cpuss_interrupts_ipc_7_IRQHandler
                0x1008034c                tcpwm_1_interrupts_14_IRQHandler
                0x1008034c                cpuss_interrupts_dw0_5_IRQHandler
                0x1008034c                tcpwm_1_interrupts_9_IRQHandler
                0x1008034c                cpuss_interrupts_cm0_cti_1_IRQHandler
                0x1008034c                tcpwm_1_interrupts_22_IRQHandler
                0x1008034c                cpuss_interrupts_dw0_4_IRQHandler
                0x1008034c                PendSV_Handler
                0x1008034c                NMI_Handler
                0x1008034c                cpuss_interrupts_dw1_12_IRQHandler
                0x1008034c                tcpwm_1_interrupts_12_IRQHandler
                0x1008034c                smif_interrupt_IRQHandler
                0x1008034c                tcpwm_1_interrupts_2_IRQHandler
                0x1008034c                cpuss_interrupts_ipc_13_IRQHandler
                0x1008034c                udb_interrupts_11_IRQHandler
                0x1008034c                tcpwm_1_interrupts_18_IRQHandler
                0x1008034c                cpuss_interrupts_dw0_11_IRQHandler
                0x1008034c                tcpwm_0_interrupts_2_IRQHandler
                0x1008034c                cpuss_interrupts_dw0_13_IRQHandler
                0x1008034c                udb_interrupts_2_IRQHandler
                0x1008034c                cpuss_interrupts_dw1_7_IRQHandler
                0x1008034c                ioss_interrupts_gpio_1_IRQHandler
                0x1008034c                ioss_interrupts_gpio_7_IRQHandler
                0x1008034c                scb_5_interrupt_IRQHandler
                0x1008034c                udb_interrupts_6_IRQHandler
                0x1008034c                cpuss_interrupts_fault_1_IRQHandler
                0x1008034c                cpuss_interrupts_ipc_4_IRQHandler
                0x1008034c                cpuss_interrupts_ipc_5_IRQHandler
                0x1008034c                cpuss_interrupts_dw1_10_IRQHandler
                0x1008034c                udb_interrupts_0_IRQHandler
                0x1008034c                tcpwm_1_interrupts_6_IRQHandler
                0x1008034c                scb_4_interrupt_IRQHandler
                0x1008034c                pass_interrupt_dacs_IRQHandler
                0x1008034c                ioss_interrupts_gpio_2_IRQHandler
                0x1008034c                cpuss_interrupts_dw1_9_IRQHandler
                0x1008034c                cpuss_interrupts_dw1_13_IRQHandler
                0x1008034c                scb_2_interrupt_IRQHandler
                0x1008034c                cpuss_interrupts_cm0_cti_0_IRQHandler
                0x1008034c                udb_interrupts_5_IRQHandler
                0x1008034c                srss_interrupt_IRQHandler
                0x1008034c                udb_interrupts_12_IRQHandler
                0x1008034c                scb_0_interrupt_IRQHandler
                0x1008034c                csd_interrupt_IRQHandler
                0x1008034c                udb_interrupts_1_IRQHandler
                0x1008034c                profile_interrupt_IRQHandler
                0x1008034c                tcpwm_1_interrupts_1_IRQHandler
                0x1008034c                cpuss_interrupts_ipc_12_IRQHandler
                0x1008034c                tcpwm_1_interrupts_3_IRQHandler
                0x1008034c                tcpwm_0_interrupts_7_IRQHandler
                0x1008034c                cpuss_interrupts_dw1_1_IRQHandler
                0x1008034c                cpuss_interrupts_dw1_0_IRQHandler
                0x1008034c                cpuss_interrupts_dw0_9_IRQHandler
                0x1008034c                lpcomp_interrupt_IRQHandler
                0x1008034c                tcpwm_1_interrupts_23_IRQHandler
                0x1008034c                udb_interrupts_4_IRQHandler
                0x1008034c                tcpwm_1_interrupts_20_IRQHandler
                0x1008034c                ioss_interrupt_gpio_IRQHandler
                0x1008034c                tcpwm_0_interrupts_1_IRQHandler
                0x1008034c                ioss_interrupts_gpio_8_IRQHandler
                0x1008034c                tcpwm_0_interrupts_6_IRQHandler
                0x1008034c                scb_7_interrupt_IRQHandler
                0x1008034c                tcpwm_1_interrupts_7_IRQHandler
                0x1008034c                cpuss_interrupts_ipc_11_IRQHandler
                0x1008034c                udb_interrupts_13_IRQHandler
                0x1008034c                cpuss_interrupts_dw0_15_IRQHandler
                0x1008034c                udb_interrupts_7_IRQHandler
                0x1008034c                cpuss_interrupts_dw1_6_IRQHandler
                0x1008034c                cpuss_interrupt_crypto_IRQHandler
                0x1008034c                scb_1_interrupt_IRQHandler
                0x1008034c                Default_Handler
                0x1008034c                usb_interrupt_hi_IRQHandler
                0x1008034c                tcpwm_1_interrupts_0_IRQHandler
                0x1008034c                udb_interrupts_9_IRQHandler
                0x1008034c                audioss_interrupt_pdm_IRQHandler
                0x1008034c                srss_interrupt_mcwdt_0_IRQHandler
                0x1008034c                scb_3_interrupt_IRQHandler
                0x1008034c                pass_interrupt_ctbs_IRQHandler
                0x1008034c                udb_interrupts_8_IRQHandler
                0x1008034c                ioss_interrupts_gpio_3_IRQHandler
                0x1008034c                scb_6_interrupt_IRQHandler
                0x1008034c                cpuss_interrupts_cm4_cti_0_IRQHandler
                0x1008034c                cpuss_interrupts_dw1_3_IRQHandler
                0x1008034c                pass_interrupt_sar_IRQHandler
                0x1008034c                ioss_interrupts_gpio_0_IRQHandler
                0x1008034c                ioss_interrupts_gpio_14_IRQHandler
                0x1008034c                tcpwm_0_interrupts_4_IRQHandler
                0x1008034c                udb_interrupts_3_IRQHandler
                0x1008034c                tcpwm_0_interrupts_5_IRQHandler
                0x1008034c                cpuss_interrupts_ipc_15_IRQHandler
                0x1008034c                cpuss_interrupts_cm4_cti_1_IRQHandler
                0x1008034c                scb_8_interrupt_IRQHandler
                0x1008034c                srss_interrupt_mcwdt_1_IRQHandler
                0x1008034c                cpuss_interrupts_dw1_2_IRQHandler
                0x1008034c                SVC_Handler
                0x1008034c                cpuss_interrupts_dw1_5_IRQHandler
                0x1008034c                cpuss_interrupts_ipc_1_IRQHandler
                0x1008034c                cpuss_interrupts_dw0_0_IRQHandler
                0x1008034c                ioss_interrupts_gpio_12_IRQHandler
                0x1008034c                cpuss_interrupts_ipc_3_IRQHandler
                0x1008034c                tcpwm_1_interrupts_17_IRQHandler
                0x1008034c                srss_interrupt_backup_IRQHandler
                0x1008034c                bless_interrupt_IRQHandler
                0x1008034c                cpuss_interrupts_ipc_10_IRQHandler
                0x1008034c                cpuss_interrupts_ipc_9_IRQHandler
                0x1008034c                cpuss_interrupts_dw0_14_IRQHandler
                0x1008034c                tcpwm_1_interrupts_4_IRQHandler
                0x1008034c                tcpwm_0_interrupts_3_IRQHandler
                0x1008034c                cpuss_interrupts_dw1_15_IRQHandler
                0x1008034c                ioss_interrupts_gpio_10_IRQHandler
                0x1008034c                udb_interrupts_10_IRQHandler
                0x1008034c                cpuss_interrupts_dw0_8_IRQHandler
                0x1008034c                ioss_interrupts_gpio_11_IRQHandler
                0x1008034c                cpuss_interrupts_ipc_14_IRQHandler
                0x1008034c                ioss_interrupts_gpio_5_IRQHandler
                0x1008034c                ioss_interrupts_gpio_4_IRQHandler
                0x1008034c                tcpwm_1_interrupts_8_IRQHandler
                0x1008034c                cpuss_interrupts_dw1_14_IRQHandler
                0x1008034c                usb_interrupt_med_IRQHandler
                0x1008034c                cpuss_interrupts_dw0_2_IRQHandler
                0x1008034c                tcpwm_1_interrupts_10_IRQHandler
                0x1008034c                cpuss_interrupts_fault_0_IRQHandler
                0x1008034c                cpuss_interrupts_dw0_12_IRQHandler
                0x1008034c                ioss_interrupts_gpio_6_IRQHandler
                0x1008034c                tcpwm_1_interrupts_21_IRQHandler
                0x1008034c                tcpwm_1_interrupts_16_IRQHandler
                0x1008034c                cpuss_interrupts_dw1_4_IRQHandler
                0x1008034c                udb_interrupts_15_IRQHandler
                0x1008034c                cpuss_interrupts_dw1_11_IRQHandler
                0x1008034c                cpuss_interrupts_dw0_6_IRQHandler
                0x1008034c                ioss_interrupt_vdd_IRQHandler
                0x1008034c                cpuss_interrupts_dw0_7_IRQHandler
                0x1008034c                audioss_interrupt_i2s_IRQHandler
                0x1008034c                tcpwm_1_interrupts_5_IRQHandler
                0x1008034c                cpuss_interrupts_ipc_2_IRQHandler
                0x1008034c                cpuss_interrupts_dw0_10_IRQHandler
                0x1008034c                tcpwm_1_interrupts_19_IRQHandler
                0x1008034c                cpuss_interrupts_dw0_1_IRQHandler
                0x1008034c                ioss_interrupts_gpio_9_IRQHandler
                0x1008034c                usb_interrupt_lo_IRQHandler
                0x1008034c                cpuss_interrupts_ipc_8_IRQHandler
                0x1008034c                udb_interrupts_14_IRQHandler
                0x1008034c                cpuss_interrupts_dw0_3_IRQHandler
                0x10080350                UsageFault_Handler
                0x10080350                HardFault_Handler
                0x10080350                MemManage_Handler
                0x10080350                BusFault_Handler
 .text.ShowError
                0x1008036c       0x30 .\CortexM4\ARM_GCC_541\Debug\main_cm4.o
                0x1008036c                ShowError
 .text.StackEventHandler
                0x1008039c      0x394 .\CortexM4\ARM_GCC_541\Debug\main_cm4.o
                0x1008039c                StackEventHandler
 .text.BleFindMe_Init
                0x10080730       0x78 .\CortexM4\ARM_GCC_541\Debug\main_cm4.o
                0x10080730                BleFindMe_Init
 .text.main     0x100807a8       0x48 .\CortexM4\ARM_GCC_541\Debug\main_cm4.o
                0x100807a8                main
 .text.Cy_SysIpcPipeIsrCm4
                0x100807f0        0xc .\CortexM4\ARM_GCC_541\Debug\system_psoc6_cm4.o
                0x100807f0                Cy_SysIpcPipeIsrCm4
 .text.Cy_SystemInit
                0x100807fc        0x4 .\CortexM4\ARM_GCC_541\Debug\system_psoc6_cm4.o
                0x100807fc                Cy_SystemInit
 .text.SystemCoreClockUpdate
                0x10080800      0x190 .\CortexM4\ARM_GCC_541\Debug\system_psoc6_cm4.o
                0x10080800                SystemCoreClockUpdate
 .text.SystemInit
                0x10080990       0x48 .\CortexM4\ARM_GCC_541\Debug\system_psoc6_cm4.o
                0x10080990                SystemInit
 .text.Cy_SystemInitFpuEnable
                0x100809d8       0x28 .\CortexM4\ARM_GCC_541\Debug\system_psoc6_cm4.o
                0x100809d8                Cy_SystemInitFpuEnable
 .text.Cy_BLE_Start
                0x10080a00       0x38 .\CortexM4\ARM_GCC_541\Debug\BLE.o
                0x10080a00                Cy_BLE_Start
 .text.Cy_BLE_Stop
                0x10080a38        0x8 .\CortexM4\ARM_GCC_541\Debug\BLE.o
                0x10080a38                Cy_BLE_Stop
 .text.Cy_Flash_ProcessOpcode
                0x10080a40       0xac .\CortexM4\ARM_GCC_541\Debug\cy_flash.o
 .text.Cy_Flash_OperationStatus
                0x10080aec       0x5c .\CortexM4\ARM_GCC_541\Debug\cy_flash.o
 .text.Cy_Flash_InitExt
                0x10080b48       0x80 .\CortexM4\ARM_GCC_541\Debug\cy_flash.o
                0x10080b48                Cy_Flash_InitExt
 .text.Cy_Flash_Init
                0x10080bc8       0x10 .\CortexM4\ARM_GCC_541\Debug\cy_flash.o
                0x10080bc8                Cy_Flash_Init
 .text.Cy_IPC_Drv_LockRelease
                0x10080bd8       0x3c .\CortexM4\ARM_GCC_541\Debug\cy_ipc_drv.o
                0x10080bd8                Cy_IPC_Drv_LockRelease
 .text.Cy_IPC_Drv_SendMsgWord
                0x10080c14       0x3c .\CortexM4\ARM_GCC_541\Debug\cy_ipc_drv.o
                0x10080c14                Cy_IPC_Drv_SendMsgWord
 .text.Cy_IPC_Drv_ReadMsgWord
                0x10080c50       0x38 .\CortexM4\ARM_GCC_541\Debug\cy_ipc_drv.o
                0x10080c50                Cy_IPC_Drv_ReadMsgWord
 .text.Cy_IPC_Sema_InitExt
                0x10080c88       0xac .\CortexM4\ARM_GCC_541\Debug\cy_ipc_sema.o
                0x10080c88                Cy_IPC_Sema_InitExt
 .text.Cy_IPC_Sema_Init
                0x10080d34       0x64 .\CortexM4\ARM_GCC_541\Debug\cy_ipc_sema.o
                0x10080d34                Cy_IPC_Sema_Init
 .text.Cy_IPC_Sema_Clear
                0x10080d98       0x88 .\CortexM4\ARM_GCC_541\Debug\cy_ipc_sema.o
                0x10080d98                Cy_IPC_Sema_Clear
 .text.Cy_IPC_Sema_Status
                0x10080e20       0x40 .\CortexM4\ARM_GCC_541\Debug\cy_ipc_sema.o
                0x10080e20                Cy_IPC_Sema_Status
 .text.Cy_IPC_Pipe_Config
                0x10080e60       0x10 .\CortexM4\ARM_GCC_541\Debug\cy_ipc_pipe.o
                0x10080e60                Cy_IPC_Pipe_Config
 .text.Cy_IPC_Pipe_EndpointInit
                0x10080e70       0xd0 .\CortexM4\ARM_GCC_541\Debug\cy_ipc_pipe.o
                0x10080e70                Cy_IPC_Pipe_EndpointInit
 .text.Cy_IPC_Pipe_Init
                0x10080f40       0xb4 .\CortexM4\ARM_GCC_541\Debug\cy_ipc_pipe.o
                0x10080f40                Cy_IPC_Pipe_Init
 .text.Cy_IPC_Pipe_SendMessage
                0x10080ff4       0xa4 .\CortexM4\ARM_GCC_541\Debug\cy_ipc_pipe.o
                0x10080ff4                Cy_IPC_Pipe_SendMessage
 .text.Cy_IPC_Pipe_RegisterCallback
                0x10081098       0x50 .\CortexM4\ARM_GCC_541\Debug\cy_ipc_pipe.o
                0x10081098                Cy_IPC_Pipe_RegisterCallback
 .text.Cy_IPC_Pipe_RegisterCallbackRel
                0x100810e8       0x2c .\CortexM4\ARM_GCC_541\Debug\cy_ipc_pipe.o
                0x100810e8                Cy_IPC_Pipe_RegisterCallbackRel
 .text.Cy_IPC_Pipe_ExecCallback
                0x10081114       0xbc .\CortexM4\ARM_GCC_541\Debug\cy_ipc_pipe.o
                0x10081114                Cy_IPC_Pipe_ExecCallback
 .text.Cy_IPC_Pipe_ExecuteCallback
                0x100811d0       0x2c .\CortexM4\ARM_GCC_541\Debug\cy_ipc_pipe.o
                0x100811d0                Cy_IPC_Pipe_ExecuteCallback
 .text.Cy_IPC_Pipe_EndpointPause
                0x100811fc       0x54 .\CortexM4\ARM_GCC_541\Debug\cy_ipc_pipe.o
                0x100811fc                Cy_IPC_Pipe_EndpointPause
 .text.Cy_IPC_Pipe_EndpointResume
                0x10081250       0x48 .\CortexM4\ARM_GCC_541\Debug\cy_ipc_pipe.o
                0x10081250                Cy_IPC_Pipe_EndpointResume
 .text.Cy_SCB_WriteString
                0x10081298       0x30 .\CortexM4\ARM_GCC_541\Debug\cy_scb_common.o
                0x10081298                Cy_SCB_WriteString
 .text.Cy_SysInt_SetVector
                0x100812c8       0x48 .\CortexM4\ARM_GCC_541\Debug\cy_sysint.o
                0x100812c8                Cy_SysInt_SetVector
 .text.Cy_SysInt_Init
                0x10081310       0x74 .\CortexM4\ARM_GCC_541\Debug\cy_sysint.o
                0x10081310                Cy_SysInt_Init
 .text.Cy_SysLib_Delay
                0x10081384       0x30 .\CortexM4\ARM_GCC_541\Debug\cy_syslib.o
                0x10081384                Cy_SysLib_Delay
 .text.Cy_SysLib_Halt
                0x100813b4        0x4 .\CortexM4\ARM_GCC_541\Debug\cy_syslib.o
                0x100813b4                Cy_SysLib_Halt
 .text.Cy_SysLib_AssertFailed
                0x100813b8       0x1c .\CortexM4\ARM_GCC_541\Debug\cy_syslib.o
                0x100813b8                Cy_SysLib_AssertFailed
 .text.Cy_SysLib_ProcessingFault
                0x100813d4        0x4 .\CortexM4\ARM_GCC_541\Debug\cy_syslib.o
                0x100813d4                Cy_SysLib_ProcessingFault
 .text.Cy_SysLib_FaultHandler
                0x100813d8       0xa4 .\CortexM4\ARM_GCC_541\Debug\cy_syslib.o
                0x100813d8                Cy_SysLib_FaultHandler
 *fill*         0x1008147c        0x4 
 .text          0x10081480       0x20 .\CortexM4\ARM_GCC_541\Debug\cy_syslib_gcc.o
                0x10081480                Cy_SysLib_DelayCycles
                0x10081492                Cy_SysLib_EnterCriticalSection
                0x1008149a                Cy_SysLib_ExitCriticalSection
 .text.Cy_SysPm_SetHibernateWakeupSource
                0x100814a0       0x68 .\CortexM4\ARM_GCC_541\Debug\cy_syspm.o
                0x100814a0                Cy_SysPm_SetHibernateWakeupSource
 .text.Cy_SysPm_RegisterCallback
                0x10081508       0x5c .\CortexM4\ARM_GCC_541\Debug\cy_syspm.o
                0x10081508                Cy_SysPm_RegisterCallback
 .text.Cy_SysPm_UnregisterCallback
                0x10081564       0x68 .\CortexM4\ARM_GCC_541\Debug\cy_syspm.o
                0x10081564                Cy_SysPm_UnregisterCallback
 .text.Cy_SysPm_ExecuteCallback
                0x100815cc       0xc8 .\CortexM4\ARM_GCC_541\Debug\cy_syspm.o
                0x100815cc                Cy_SysPm_ExecuteCallback
 .text.Cy_SysPm_SystemEnterHibernate
                0x10081694       0x74 .\CortexM4\ARM_GCC_541\Debug\cy_syspm.o
                0x10081694                Cy_SysPm_SystemEnterHibernate
 .text.Cy_PDL_Init
                0x10081708        0xc .\CortexM4\ARM_GCC_541\Debug\cy_device.o
                0x10081708                Cy_PDL_Init
 .text.Cy_BLE_DeepSleepCallback
                0x10081714       0x88 .\CortexM4\ARM_GCC_541\Debug\cy_ble.o
                0x10081714                Cy_BLE_DeepSleepCallback
 .text.Cy_BLE_SleepCallback
                0x1008179c       0x64 .\CortexM4\ARM_GCC_541\Debug\cy_ble.o
                0x1008179c                Cy_BLE_SleepCallback
 .text.Cy_BLE_UnregisterHostPMCallbacks
                0x10081800       0x18 .\CortexM4\ARM_GCC_541\Debug\cy_ble.o
                0x10081800                Cy_BLE_UnregisterHostPMCallbacks
 .text.Cy_BLE_Init
                0x10081818       0xa0 .\CortexM4\ARM_GCC_541\Debug\cy_ble.o
                0x10081818                Cy_BLE_Init
 .text.Cy_BLE_Enable
                0x100818b8      0x134 .\CortexM4\ARM_GCC_541\Debug\cy_ble.o
                0x100818b8                Cy_BLE_Enable
 .text.Cy_BLE_Disable
                0x100819ec        0x8 .\CortexM4\ARM_GCC_541\Debug\cy_ble.o
                0x100819ec                Cy_BLE_Disable
 .text.Cy_BLE_IPC_HostMsgFlushRecvCallBack
                0x100819f4       0x1c .\CortexM4\ARM_GCC_541\Debug\cy_ble_hal_pvt.o
 .text.Cy_BLE_IPC_HostMsgRecvCallBack
                0x10081a10       0x1c .\CortexM4\ARM_GCC_541\Debug\cy_ble_hal_pvt.o
 .text.Cy_BLE_HAL_BlockCalcCRC8
                0x10081a2c       0x34 .\CortexM4\ARM_GCC_541\Debug\cy_ble_hal_pvt.o
                0x10081a2c                Cy_BLE_HAL_BlockCalcCRC8
 .text.Cy_BLE_HAL_CalcCRC8
                0x10081a60        0xc .\CortexM4\ARM_GCC_541\Debug\cy_ble_hal_pvt.o
                0x10081a60                Cy_BLE_HAL_CalcCRC8
 .text.Cy_BLE_HAL_EnterCriticalSection
                0x10081a6c        0x8 .\CortexM4\ARM_GCC_541\Debug\cy_ble_hal_pvt.o
                0x10081a6c                Cy_BLE_HAL_EnterCriticalSection
 .text.Cy_BLE_HAL_ExitCriticalSection
                0x10081a74        0x8 .\CortexM4\ARM_GCC_541\Debug\cy_ble_hal_pvt.o
                0x10081a74                Cy_BLE_HAL_ExitCriticalSection
 .text.Cy_BLE_HAL_EnableHostIpcPipeInterrupt
                0x10081a7c        0xc .\CortexM4\ARM_GCC_541\Debug\cy_ble_hal_pvt.o
                0x10081a7c                Cy_BLE_HAL_EnableHostIpcPipeInterrupt
 .text.Cy_BLE_HAL_DisableHostIpcPipeInterrupt
                0x10081a88        0xc .\CortexM4\ARM_GCC_541\Debug\cy_ble_hal_pvt.o
                0x10081a88                Cy_BLE_HAL_DisableHostIpcPipeInterrupt
 .text.Cy_BLE_IPC_HostRegisterClientCallbacks
                0x10081a94       0x34 .\CortexM4\ARM_GCC_541\Debug\cy_ble_hal_pvt.o
                0x10081a94                Cy_BLE_IPC_HostRegisterClientCallbacks
 .text.Cy_BLE_IPC_SendMessageToController
                0x10081ac8       0x20 .\CortexM4\ARM_GCC_541\Debug\cy_ble_hal_pvt.o
                0x10081ac8                Cy_BLE_IPC_SendMessageToController
 .text.Cy_BLE_HAL_EccHeapInit
                0x10081ae8        0x4 .\CortexM4\ARM_GCC_541\Debug\cy_ble_hal_pvt.o
                0x10081ae8                Cy_BLE_HAL_EccHeapInit
 .text.Cy_BLE_HAL_EccHeapDeInit
                0x10081aec        0x4 .\CortexM4\ARM_GCC_541\Debug\cy_ble_hal_pvt.o
                0x10081aec                Cy_BLE_HAL_EccHeapDeInit
 .text.Cy_BLE_HAL_EccGetFeatureHeapReq
                0x10081af0        0x4 .\CortexM4\ARM_GCC_541\Debug\cy_ble_hal_pvt.o
                0x10081af0                Cy_BLE_HAL_EccGetFeatureHeapReq
 .text.Cy_BLE_HAL_PairingLocalPublicKeyHandler
                0x10081af4        0x8 .\CortexM4\ARM_GCC_541\Debug\cy_ble_hal_pvt.o
                0x10081af4                Cy_BLE_HAL_PairingLocalPublicKeyHandler
 .text.Cy_BLE_HAL_PairingRemoteKeyHandler
                0x10081afc        0x8 .\CortexM4\ARM_GCC_541\Debug\cy_ble_hal_pvt.o
                0x10081afc                Cy_BLE_HAL_PairingRemoteKeyHandler
 .text.Cy_BLE_HAL_PairingDhkeyHandler
                0x10081b04        0x8 .\CortexM4\ARM_GCC_541\Debug\cy_ble_hal_pvt.o
                0x10081b04                Cy_BLE_HAL_PairingDhkeyHandler
 .text.Cy_BLE_HAL_PairingDhkeyCheckHandler
                0x10081b0c        0x8 .\CortexM4\ARM_GCC_541\Debug\cy_ble_hal_pvt.o
                0x10081b0c                Cy_BLE_HAL_PairingDhkeyCheckHandler
 .text.Cy_BLE_HAL_PairingKeypressNotificationHandler
                0x10081b14        0x8 .\CortexM4\ARM_GCC_541\Debug\cy_ble_hal_pvt.o
                0x10081b14                Cy_BLE_HAL_PairingKeypressNotificationHandler
 .text.Cy_BLE_HAL_PairingRandHandler
                0x10081b1c        0x8 .\CortexM4\ARM_GCC_541\Debug\cy_ble_hal_pvt.o
                0x10081b1c                Cy_BLE_HAL_PairingRandHandler
 .text.Cy_BLE_HAL_PairingConfirmHandler
                0x10081b24        0x8 .\CortexM4\ARM_GCC_541\Debug\cy_ble_hal_pvt.o
                0x10081b24                Cy_BLE_HAL_PairingConfirmHandler
 .text.Cy_BLE_HAL_PairingLrConfirmingHandler
                0x10081b2c        0x8 .\CortexM4\ARM_GCC_541\Debug\cy_ble_hal_pvt.o
                0x10081b2c                Cy_BLE_HAL_PairingLrConfirmingHandler
 .text.Cy_BLE_HAL_PairingScTbxLocalPubkeyGenerateComplete
                0x10081b34        0x8 .\CortexM4\ARM_GCC_541\Debug\cy_ble_hal_pvt.o
                0x10081b34                Cy_BLE_HAL_PairingScTbxLocalPubkeyGenerateComplete
 .text.Cy_BLE_HAL_PairingScTbxGenerateLocalP256PublicKey
                0x10081b3c        0x8 .\CortexM4\ARM_GCC_541\Debug\cy_ble_hal_pvt.o
                0x10081b3c                Cy_BLE_HAL_PairingScTbxGenerateLocalP256PublicKey
 .text.Cy_BLE_HAL_SeSmpScUserPasskeyHandler
                0x10081b44        0x8 .\CortexM4\ARM_GCC_541\Debug\cy_ble_hal_pvt.o
                0x10081b44                Cy_BLE_HAL_SeSmpScUserPasskeyHandler
 .text.Cy_BLE_HAL_EccPointMult
                0x10081b4c        0x4 .\CortexM4\ARM_GCC_541\Debug\cy_ble_hal_pvt.o
                0x10081b4c                Cy_BLE_HAL_EccPointMult
 .text.Cy_BLE_ServiceInit
                0x10081b50       0x8c .\CortexM4\ARM_GCC_541\Debug\cy_ble_gap.o
                0x10081b50                Cy_BLE_ServiceInit
 .text.Cy_BLE_GAPP_StartAdvertisement
                0x10081bdc      0x120 .\CortexM4\ARM_GCC_541\Debug\cy_ble_gap.o
                0x10081bdc                Cy_BLE_GAPP_StartAdvertisement
 .text.Cy_BLE_ChangeAdDeviceAddress
                0x10081cfc       0x5c .\CortexM4\ARM_GCC_541\Debug\cy_ble_gap.o
                0x10081cfc                Cy_BLE_ChangeAdDeviceAddress
 .text.Cy_BLE_GAPC_StartScan
                0x10081d58       0xc8 .\CortexM4\ARM_GCC_541\Debug\cy_ble_gap.o
                0x10081d58                Cy_BLE_GAPC_StartScan
 .text.Cy_BLE_GAPC_CancelDeviceConnection
                0x10081e20       0x38 .\CortexM4\ARM_GCC_541\Debug\cy_ble_gap.o
                0x10081e20                Cy_BLE_GAPC_CancelDeviceConnection
 .text.Cy_BLE_GATTS_WriteAttributeValueCCCD
                0x10081e58       0x6c .\CortexM4\ARM_GCC_541\Debug\cy_ble_gatt.o
                0x10081e58                Cy_BLE_GATTS_WriteAttributeValueCCCD
 .text.Cy_BLE_GATTS_WriteEventHandler
                0x10081ec4       0x84 .\CortexM4\ARM_GCC_541\Debug\cy_ble_gatt.o
                0x10081ec4                Cy_BLE_GATTS_WriteEventHandler
 .text.Cy_BLE_GATTS_ReadAttributeValueCCCDReqHandler
                0x10081f48       0x5c .\CortexM4\ARM_GCC_541\Debug\cy_ble_gatt.o
                0x10081f48                Cy_BLE_GATTS_ReadAttributeValueCCCDReqHandler
 .text.Cy_BLE_GATTC_RemoveConnHandle
                0x10081fa4       0xb4 .\CortexM4\ARM_GCC_541\Debug\cy_ble_gatt.o
                0x10081fa4                Cy_BLE_GATTC_RemoveConnHandle
 .text.Cy_BLE_GetDiscoveryIdx
                0x10082058       0x3c .\CortexM4\ARM_GCC_541\Debug\cy_ble_gatt.o
                0x10082058                Cy_BLE_GetDiscoveryIdx
 .text.Cy_BLE_GATTC_DiscoverCharacteristicsEventHandler
                0x10082094       0x98 .\CortexM4\ARM_GCC_541\Debug\cy_ble_gatt.o
                0x10082094                Cy_BLE_GATTC_DiscoverCharacteristicsEventHandler
 .text.Cy_BLE_GATTC_DiscoverCharDescriptorsEventHandler
                0x1008212c       0x68 .\CortexM4\ARM_GCC_541\Debug\cy_ble_gatt.o
                0x1008212c                Cy_BLE_GATTC_DiscoverCharDescriptorsEventHandler
 .text.Cy_BLE_GATTC_GetCharRange
                0x10082194       0x7c .\CortexM4\ARM_GCC_541\Debug\cy_ble_gatt.o
                0x10082194                Cy_BLE_GATTC_GetCharRange
 .text.Cy_BLE_GATTC_IndicationEventHandler
                0x10082210       0x44 .\CortexM4\ARM_GCC_541\Debug\cy_ble_gatt.o
                0x10082210                Cy_BLE_GATTC_IndicationEventHandler
 .text.Cy_BLE_GAPC_DiscoverCharacteristicsEventHandler
                0x10082254      0x1a0 .\CortexM4\ARM_GCC_541\Debug\cy_ble_event_handler.o
 .text.Cy_BLE_TimeOutEventHandler
                0x100823f4       0xfc .\CortexM4\ARM_GCC_541\Debug\cy_ble_event_handler.o
 .text.Cy_BLE_SendWriteResponse
                0x100824f0       0x44 .\CortexM4\ARM_GCC_541\Debug\cy_ble_event_handler.o
 .text.Cy_BLE_RegisterServiceEventHandler
                0x10082534       0x5c .\CortexM4\ARM_GCC_541\Debug\cy_ble_event_handler.o
                0x10082534                Cy_BLE_RegisterServiceEventHandler
 .text.Cy_BLE_InvokeServiceEventHandler
                0x10082590       0x38 .\CortexM4\ARM_GCC_541\Debug\cy_ble_event_handler.o
                0x10082590                Cy_BLE_InvokeServiceEventHandler
 .text.Cy_BLE_IsDeviceAddressValid
                0x100825c8       0x20 .\CortexM4\ARM_GCC_541\Debug\cy_ble_event_handler.o
                0x100825c8                Cy_BLE_IsDeviceAddressValid
 .text.Cy_BLE_ReadByGroupEventHandler
                0x100825e8      0x1ac .\CortexM4\ARM_GCC_541\Debug\cy_ble_event_handler.o
                0x100825e8                Cy_BLE_ReadByGroupEventHandler
 .text.Cy_BLE_ReadByTypeEventHandler
                0x10082794      0x21c .\CortexM4\ARM_GCC_541\Debug\cy_ble_event_handler.o
                0x10082794                Cy_BLE_ReadByTypeEventHandler
 .text.Cy_BLE_FindInfoEventHandler
                0x100829b0       0xd4 .\CortexM4\ARM_GCC_541\Debug\cy_ble_event_handler.o
                0x100829b0                Cy_BLE_FindInfoEventHandler
 .text.Cy_BLE_NextCharDscrDiscovery
                0x10082a84      0x160 .\CortexM4\ARM_GCC_541\Debug\cy_ble_event_handler.o
                0x10082a84                Cy_BLE_NextCharDscrDiscovery
 .text.Cy_BLE_NextCharDiscovery
                0x10082be4      0x138 .\CortexM4\ARM_GCC_541\Debug\cy_ble_event_handler.o
                0x10082be4                Cy_BLE_NextCharDiscovery
 .text.Cy_BLE_NextInclDiscovery
                0x10082d1c      0x138 .\CortexM4\ARM_GCC_541\Debug\cy_ble_event_handler.o
                0x10082d1c                Cy_BLE_NextInclDiscovery
 .text.Cy_BLE_LongProcedureEndEventHandler
                0x10082e54       0xec .\CortexM4\ARM_GCC_541\Debug\cy_ble_event_handler.o
                0x10082e54                Cy_BLE_LongProcedureEndEventHandler
 .text.Cy_BLE_ErrorResponseEventHandler
                0x10082f40       0x2c .\CortexM4\ARM_GCC_541\Debug\cy_ble_event_handler.o
                0x10082f40                Cy_BLE_ErrorResponseEventHandler
 .text.Cy_BLE_EventHandler
                0x10082f6c      0xa28 .\CortexM4\ARM_GCC_541\Debug\cy_ble_event_handler.o
                0x10082f6c                Cy_BLE_EventHandler
 .text.Cy_BLE_IASC_DiscoverCharacteristicsEventHandler
                0x10083994       0x70 .\CortexM4\ARM_GCC_541\Debug\cy_ble_ias.o
 .text.Cy_BLE_IASC_GetCharRange
                0x10083a04       0x34 .\CortexM4\ARM_GCC_541\Debug\cy_ble_ias.o
 .text.Cy_BLE_IAS_EventHandler
                0x10083a38       0x30 .\CortexM4\ARM_GCC_541\Debug\cy_ble_ias.o
 .text.Cy_BLE_IAS_Init
                0x10083a68       0x58 .\CortexM4\ARM_GCC_541\Debug\cy_ble_ias.o
                0x10083a68                Cy_BLE_IAS_Init
 .text.memcmp   0x10083ac0       0x1e c:/program files/cypress/psoc creator/4.3/psoc creator/import/gnu/arm/5.4.1/bin/../lib/gcc/arm-none-eabi/5.4.1/../../../../arm-none-eabi/lib/armv7e-m/softfp\libg_nano.a(lib_a-memcmp.o)
                0x10083ac0                memcmp
 .text.memcpy   0x10083ade       0x16 c:/program files/cypress/psoc creator/4.3/psoc creator/import/gnu/arm/5.4.1/bin/../lib/gcc/arm-none-eabi/5.4.1/../../../../arm-none-eabi/lib/armv7e-m/softfp\libg_nano.a(lib_a-memcpy-stub.o)
                0x10083ade                memcpy
 .text.memset   0x10083af4       0x10 c:/program files/cypress/psoc creator/4.3/psoc creator/import/gnu/arm/5.4.1/bin/../lib/gcc/arm-none-eabi/5.4.1/../../../../arm-none-eabi/lib/armv7e-m/softfp\libg_nano.a(lib_a-memset.o)
                0x10083af4                memset
 .text.printf   0x10083b04       0x30 c:/program files/cypress/psoc creator/4.3/psoc creator/import/gnu/arm/5.4.1/bin/../lib/gcc/arm-none-eabi/5.4.1/../../../../arm-none-eabi/lib/armv7e-m/softfp\libg_nano.a(lib_a-printf.o)
                0x10083b04                iprintf
                0x10083b04                printf
 .text.sprintf  0x10083b34       0x48 c:/program files/cypress/psoc creator/4.3/psoc creator/import/gnu/arm/5.4.1/bin/../lib/gcc/arm-none-eabi/5.4.1/../../../../arm-none-eabi/lib/armv7e-m/softfp\libg_nano.a(lib_a-sprintf.o)
                0x10083b34                siprintf
                0x10083b34                sprintf
 .text.strncpy  0x10083b7c       0x26 c:/program files/cypress/psoc creator/4.3/psoc creator/import/gnu/arm/5.4.1/bin/../lib/gcc/arm-none-eabi/5.4.1/../../../../arm-none-eabi/lib/armv7e-m/softfp\libg_nano.a(lib_a-strncpy.o)
                0x10083b7c                strncpy
 *fill*         0x10083ba2        0x2 
 .text._cleanup_r
                0x10083ba4        0xc c:/program files/cypress/psoc creator/4.3/psoc creator/import/gnu/arm/5.4.1/bin/../lib/gcc/arm-none-eabi/5.4.1/../../../../arm-none-eabi/lib/armv7e-m/softfp\libg_nano.a(lib_a-findfp.o)
                0x10083ba4                _cleanup_r
 .text.std.isra.0
                0x10083bb0       0x48 c:/program files/cypress/psoc creator/4.3/psoc creator/import/gnu/arm/5.4.1/bin/../lib/gcc/arm-none-eabi/5.4.1/../../../../arm-none-eabi/lib/armv7e-m/softfp\libg_nano.a(lib_a-findfp.o)
 .text.__sfmoreglue
                0x10083bf8       0x2c c:/program files/cypress/psoc creator/4.3/psoc creator/import/gnu/arm/5.4.1/bin/../lib/gcc/arm-none-eabi/5.4.1/../../../../arm-none-eabi/lib/armv7e-m/softfp\libg_nano.a(lib_a-findfp.o)
                0x10083bf8                __sfmoreglue
 .text.__sinit  0x10083c24       0x60 c:/program files/cypress/psoc creator/4.3/psoc creator/import/gnu/arm/5.4.1/bin/../lib/gcc/arm-none-eabi/5.4.1/../../../../arm-none-eabi/lib/armv7e-m/softfp\libg_nano.a(lib_a-findfp.o)
                0x10083c24                __sinit
 .text.__sfp    0x10083c84       0x78 c:/program files/cypress/psoc creator/4.3/psoc creator/import/gnu/arm/5.4.1/bin/../lib/gcc/arm-none-eabi/5.4.1/../../../../arm-none-eabi/lib/armv7e-m/softfp\libg_nano.a(lib_a-findfp.o)
                0x10083c84                __sfp
 .text._fwalk_reent
                0x10083cfc       0x3c c:/program files/cypress/psoc creator/4.3/psoc creator/import/gnu/arm/5.4.1/bin/../lib/gcc/arm-none-eabi/5.4.1/../../../../arm-none-eabi/lib/armv7e-m/softfp\libg_nano.a(lib_a-fwalk.o)
                0x10083cfc                _fwalk_reent
 .text._malloc_r
                0x10083d38       0xbc c:/program files/cypress/psoc creator/4.3/psoc creator/import/gnu/arm/5.4.1/bin/../lib/gcc/arm-none-eabi/5.4.1/../../../../arm-none-eabi/lib/armv7e-m/softfp\libg_nano.a(lib_a-nano-mallocr.o)
                0x10083d38                _malloc_r
 .text.__ssputs_r
                0x10083df4       0xb2 c:/program files/cypress/psoc creator/4.3/psoc creator/import/gnu/arm/5.4.1/bin/../lib/gcc/arm-none-eabi/5.4.1/../../../../arm-none-eabi/lib/armv7e-m/softfp\libg_nano.a(lib_a-nano-svfprintf.o)
                0x10083df4                __ssputs_r
 *fill*         0x10083ea6        0x2 
 .text._svfprintf_r
                0x10083ea8      0x1e8 c:/program files/cypress/psoc creator/4.3/psoc creator/import/gnu/arm/5.4.1/bin/../lib/gcc/arm-none-eabi/5.4.1/../../../../arm-none-eabi/lib/armv7e-m/softfp\libg_nano.a(lib_a-nano-svfprintf.o)
                0x10083ea8                _svfiprintf_r
                0x10083ea8                _svfprintf_r
 .text.__sfputc_r
                0x10084090       0x30 c:/program files/cypress/psoc creator/4.3/psoc creator/import/gnu/arm/5.4.1/bin/../lib/gcc/arm-none-eabi/5.4.1/../../../../arm-none-eabi/lib/armv7e-m/softfp\libg_nano.a(lib_a-nano-vfprintf.o)
 .text.__sfputs_r
                0x100840c0       0x24 c:/program files/cypress/psoc creator/4.3/psoc creator/import/gnu/arm/5.4.1/bin/../lib/gcc/arm-none-eabi/5.4.1/../../../../arm-none-eabi/lib/armv7e-m/softfp\libg_nano.a(lib_a-nano-vfprintf.o)
                0x100840c0                __sfputs_r
 .text._vfprintf_r
                0x100840e4      0x238 c:/program files/cypress/psoc creator/4.3/psoc creator/import/gnu/arm/5.4.1/bin/../lib/gcc/arm-none-eabi/5.4.1/../../../../arm-none-eabi/lib/armv7e-m/softfp\libg_nano.a(lib_a-nano-vfprintf.o)
                0x100840e4                _vfprintf_r
                0x100840e4                _vfiprintf_r
 .text._printf_common
                0x1008431c       0xec c:/program files/cypress/psoc creator/4.3/psoc creator/import/gnu/arm/5.4.1/bin/../lib/gcc/arm-none-eabi/5.4.1/../../../../arm-none-eabi/lib/armv7e-m/softfp\libg_nano.a(lib_a-nano-vfprintf_i.o)
                0x1008431c                _printf_common
 .text._printf_i
                0x10084408      0x24c c:/program files/cypress/psoc creator/4.3/psoc creator/import/gnu/arm/5.4.1/bin/../lib/gcc/arm-none-eabi/5.4.1/../../../../arm-none-eabi/lib/armv7e-m/softfp\libg_nano.a(lib_a-nano-vfprintf_i.o)
                0x10084408                _printf_i
 .text._sbrk_r  0x10084654       0x20 c:/program files/cypress/psoc creator/4.3/psoc creator/import/gnu/arm/5.4.1/bin/../lib/gcc/arm-none-eabi/5.4.1/../../../../arm-none-eabi/lib/armv7e-m/softfp\libg_nano.a(lib_a-sbrkr.o)
                0x10084654                _sbrk_r
 .text.__sread  0x10084674       0x22 c:/program files/cypress/psoc creator/4.3/psoc creator/import/gnu/arm/5.4.1/bin/../lib/gcc/arm-none-eabi/5.4.1/../../../../arm-none-eabi/lib/armv7e-m/softfp\libg_nano.a(lib_a-stdio.o)
                0x10084674                __sread
 .text.__swrite
                0x10084696       0x38 c:/program files/cypress/psoc creator/4.3/psoc creator/import/gnu/arm/5.4.1/bin/../lib/gcc/arm-none-eabi/5.4.1/../../../../arm-none-eabi/lib/armv7e-m/softfp\libg_nano.a(lib_a-stdio.o)
                0x10084696                __swrite
 .text.__sseek  0x100846ce       0x24 c:/program files/cypress/psoc creator/4.3/psoc creator/import/gnu/arm/5.4.1/bin/../lib/gcc/arm-none-eabi/5.4.1/../../../../arm-none-eabi/lib/armv7e-m/softfp\libg_nano.a(lib_a-stdio.o)
                0x100846ce                __sseek
 .text.__sclose
                0x100846f2        0x8 c:/program files/cypress/psoc creator/4.3/psoc creator/import/gnu/arm/5.4.1/bin/../lib/gcc/arm-none-eabi/5.4.1/../../../../arm-none-eabi/lib/armv7e-m/softfp\libg_nano.a(lib_a-stdio.o)
                0x100846f2                __sclose
 *fill*         0x100846fa        0x2 
 .text.__swbuf_r
                0x100846fc       0xa8 c:/program files/cypress/psoc creator/4.3/psoc creator/import/gnu/arm/5.4.1/bin/../lib/gcc/arm-none-eabi/5.4.1/../../../../arm-none-eabi/lib/armv7e-m/softfp\libg_nano.a(lib_a-wbuf.o)
                0x100846fc                __swbuf_r
 .text._write_r
                0x100847a4       0x24 c:/program files/cypress/psoc creator/4.3/psoc creator/import/gnu/arm/5.4.1/bin/../lib/gcc/arm-none-eabi/5.4.1/../../../../arm-none-eabi/lib/armv7e-m/softfp\libg_nano.a(lib_a-writer.o)
                0x100847a4                _write_r
 .text.__swsetup_r
                0x100847c8       0xdc c:/program files/cypress/psoc creator/4.3/psoc creator/import/gnu/arm/5.4.1/bin/../lib/gcc/arm-none-eabi/5.4.1/../../../../arm-none-eabi/lib/armv7e-m/softfp\libg_nano.a(lib_a-wsetup.o)
                0x100847c8                __swsetup_r
 .text._close_r
                0x100848a4       0x20 c:/program files/cypress/psoc creator/4.3/psoc creator/import/gnu/arm/5.4.1/bin/../lib/gcc/arm-none-eabi/5.4.1/../../../../arm-none-eabi/lib/armv7e-m/softfp\libg_nano.a(lib_a-closer.o)
                0x100848a4                _close_r
 .text.__sflush_r
                0x100848c4      0x110 c:/program files/cypress/psoc creator/4.3/psoc creator/import/gnu/arm/5.4.1/bin/../lib/gcc/arm-none-eabi/5.4.1/../../../../arm-none-eabi/lib/armv7e-m/softfp\libg_nano.a(lib_a-fflush.o)
                0x100848c4                __sflush_r
 .text._fflush_r
                0x100849d4       0x54 c:/program files/cypress/psoc creator/4.3/psoc creator/import/gnu/arm/5.4.1/bin/../lib/gcc/arm-none-eabi/5.4.1/../../../../arm-none-eabi/lib/armv7e-m/softfp\libg_nano.a(lib_a-fflush.o)
                0x100849d4                _fflush_r
 .text._lseek_r
                0x10084a28       0x24 c:/program files/cypress/psoc creator/4.3/psoc creator/import/gnu/arm/5.4.1/bin/../lib/gcc/arm-none-eabi/5.4.1/../../../../arm-none-eabi/lib/armv7e-m/softfp\libg_nano.a(lib_a-lseekr.o)
                0x10084a28                _lseek_r
 .text.__swhatbuf_r
                0x10084a4c       0x46 c:/program files/cypress/psoc creator/4.3/psoc creator/import/gnu/arm/5.4.1/bin/../lib/gcc/arm-none-eabi/5.4.1/../../../../arm-none-eabi/lib/armv7e-m/softfp\libg_nano.a(lib_a-makebuf.o)
                0x10084a4c                __swhatbuf_r
 *fill*         0x10084a92        0x2 
 .text.__smakebuf_r
                0x10084a94       0x78 c:/program files/cypress/psoc creator/4.3/psoc creator/import/gnu/arm/5.4.1/bin/../lib/gcc/arm-none-eabi/5.4.1/../../../../arm-none-eabi/lib/armv7e-m/softfp\libg_nano.a(lib_a-makebuf.o)
                0x10084a94                __smakebuf_r
 *fill*         0x10084b0c        0x4 
 .text          0x10084b10       0xa0 c:/program files/cypress/psoc creator/4.3/psoc creator/import/gnu/arm/5.4.1/bin/../lib/gcc/arm-none-eabi/5.4.1/../../../../arm-none-eabi/lib/armv7e-m/softfp\libg_nano.a(lib_a-memchr.o)
                0x10084b10                memchr
 .text.memmove  0x10084bb0       0x36 c:/program files/cypress/psoc creator/4.3/psoc creator/import/gnu/arm/5.4.1/bin/../lib/gcc/arm-none-eabi/5.4.1/../../../../arm-none-eabi/lib/armv7e-m/softfp\libg_nano.a(lib_a-memmove.o)
                0x10084bb0                memmove
 .text.__malloc_lock
                0x10084be6        0x2 c:/program files/cypress/psoc creator/4.3/psoc creator/import/gnu/arm/5.4.1/bin/../lib/gcc/arm-none-eabi/5.4.1/../../../../arm-none-eabi/lib/armv7e-m/softfp\libg_nano.a(lib_a-mlock.o)
                0x10084be6                __malloc_lock
 .text.__malloc_unlock
                0x10084be8        0x2 c:/program files/cypress/psoc creator/4.3/psoc creator/import/gnu/arm/5.4.1/bin/../lib/gcc/arm-none-eabi/5.4.1/../../../../arm-none-eabi/lib/armv7e-m/softfp\libg_nano.a(lib_a-mlock.o)
                0x10084be8                __malloc_unlock
 *fill*         0x10084bea        0x2 
 .text._free_r  0x10084bec       0x9c c:/program files/cypress/psoc creator/4.3/psoc creator/import/gnu/arm/5.4.1/bin/../lib/gcc/arm-none-eabi/5.4.1/../../../../arm-none-eabi/lib/armv7e-m/softfp\libg_nano.a(lib_a-nano-freer.o)
                0x10084bec                _free_r
 .text._realloc_r
                0x10084c88       0x4c c:/program files/cypress/psoc creator/4.3/psoc creator/import/gnu/arm/5.4.1/bin/../lib/gcc/arm-none-eabi/5.4.1/../../../../arm-none-eabi/lib/armv7e-m/softfp\libg_nano.a(lib_a-nano-reallocr.o)
                0x10084c88                _realloc_r
 .text._read_r  0x10084cd4       0x24 c:/program files/cypress/psoc creator/4.3/psoc creator/import/gnu/arm/5.4.1/bin/../lib/gcc/arm-none-eabi/5.4.1/../../../../arm-none-eabi/lib/armv7e-m/softfp\libg_nano.a(lib_a-readr.o)
                0x10084cd4                _read_r
 .text._fstat_r
                0x10084cf8       0x24 c:/program files/cypress/psoc creator/4.3/psoc creator/import/gnu/arm/5.4.1/bin/../lib/gcc/arm-none-eabi/5.4.1/../../../../arm-none-eabi/lib/armv7e-m/softfp\libg_nano.a(lib_a-fstatr.o)
                0x10084cf8                _fstat_r
 .text._isatty_r
                0x10084d1c       0x20 c:/program files/cypress/psoc creator/4.3/psoc creator/import/gnu/arm/5.4.1/bin/../lib/gcc/arm-none-eabi/5.4.1/../../../../arm-none-eabi/lib/armv7e-m/softfp\libg_nano.a(lib_a-isattyr.o)
                0x10084d1c                _isatty_r
 .text._malloc_usable_size_r
                0x10084d3c       0x14 c:/program files/cypress/psoc creator/4.3/psoc creator/import/gnu/arm/5.4.1/bin/../lib/gcc/arm-none-eabi/5.4.1/../../../../arm-none-eabi/lib/armv7e-m/softfp\libg_nano.a(lib_a-nano-msizer.o)
                0x10084d3c                _malloc_usable_size_r
 .text._close   0x10084d50       0x10 c:/program files/cypress/psoc creator/4.3/psoc creator/import/gnu/arm/5.4.1/bin/../lib/gcc/arm-none-eabi/5.4.1/../../../../arm-none-eabi/lib/armv7e-m/softfp\libnosys.a(close.o)
                0x10084d50                _close
 .text._fstat   0x10084d60       0x10 c:/program files/cypress/psoc creator/4.3/psoc creator/import/gnu/arm/5.4.1/bin/../lib/gcc/arm-none-eabi/5.4.1/../../../../arm-none-eabi/lib/armv7e-m/softfp\libnosys.a(fstat.o)
                0x10084d60                _fstat
 .text._isatty  0x10084d70       0x10 c:/program files/cypress/psoc creator/4.3/psoc creator/import/gnu/arm/5.4.1/bin/../lib/gcc/arm-none-eabi/5.4.1/../../../../arm-none-eabi/lib/armv7e-m/softfp\libnosys.a(isatty.o)
                0x10084d70                _isatty
 .text._lseek   0x10084d80       0x10 c:/program files/cypress/psoc creator/4.3/psoc creator/import/gnu/arm/5.4.1/bin/../lib/gcc/arm-none-eabi/5.4.1/../../../../arm-none-eabi/lib/armv7e-m/softfp\libnosys.a(lseek.o)
                0x10084d80                _lseek
 .text._read    0x10084d90       0x10 c:/program files/cypress/psoc creator/4.3/psoc creator/import/gnu/arm/5.4.1/bin/../lib/gcc/arm-none-eabi/5.4.1/../../../../arm-none-eabi/lib/armv7e-m/softfp\libnosys.a(read.o)
                0x10084d90                _read
 .text._sbrk    0x10084da0       0x1c c:/program files/cypress/psoc creator/4.3/psoc creator/import/gnu/arm/5.4.1/bin/../lib/gcc/arm-none-eabi/5.4.1/../../../../arm-none-eabi/lib/armv7e-m/softfp\libnosys.a(sbrk.o)
                0x10084da0                _sbrk
 .text._write   0x10084dbc       0x10 c:/program files/cypress/psoc creator/4.3/psoc creator/import/gnu/arm/5.4.1/bin/../lib/gcc/arm-none-eabi/5.4.1/../../../../arm-none-eabi/lib/armv7e-m/softfp\libnosys.a(write.o)
                0x10084dbc                _write
 *(.init)
 .init          0x10084dcc        0x4 c:/program files/cypress/psoc creator/4.3/psoc creator/import/gnu/arm/5.4.1/bin/../lib/gcc/arm-none-eabi/5.4.1/armv7e-m/softfp/crti.o
                0x10084dcc                _init
 .init          0x10084dd0        0x8 c:/program files/cypress/psoc creator/4.3/psoc creator/import/gnu/arm/5.4.1/bin/../lib/gcc/arm-none-eabi/5.4.1/armv7e-m/softfp/crtn.o
 *(.fini)
 .fini          0x10084dd8        0x4 c:/program files/cypress/psoc creator/4.3/psoc creator/import/gnu/arm/5.4.1/bin/../lib/gcc/arm-none-eabi/5.4.1/armv7e-m/softfp/crti.o
                0x10084dd8                _fini
 .fini          0x10084ddc        0x8 c:/program files/cypress/psoc creator/4.3/psoc creator/import/gnu/arm/5.4.1/bin/../lib/gcc/arm-none-eabi/5.4.1/armv7e-m/softfp/crtn.o
 *crtbegin.o(.ctors)
 *crtbegin?.o(.ctors)
 *(EXCLUDE_FILE(*crtend.o *crtend?.o) .ctors)
 *(SORT(.ctors.*))
 *(.ctors)
 *crtbegin.o(.dtors)
 *crtbegin?.o(.dtors)
 *(EXCLUDE_FILE(*crtend.o *crtend?.o) .dtors)
 *(SORT(.dtors.*))
 *(.dtors)
 *(.rodata .rodata.* .constdata .constdata.* .conststring .conststring.*)
 .rodata.str1.4
                0x10084de4      0x4e0 .\CortexM4\ARM_GCC_541\Debug\main_cm4.o
                                0x4e4 (size before relaxing)
 .rodata        0x100852c4       0x34 .\CortexM4\ARM_GCC_541\Debug\system_psoc6_cm4.o
 .rodata        0x100852f8      0x146 .\CortexM4\ARM_GCC_541\Debug\BLE_config.o
 *fill*         0x1008543e        0x2 
 .rodata.str1.4
                0x10085440       0x3f .\CortexM4\ARM_GCC_541\Debug\cy_flash.o
 *fill*         0x1008547f        0x1 
 .rodata.str1.4
                0x10085480       0x7f .\CortexM4\ARM_GCC_541\Debug\cy_ipc_drv.o
 .rodata.str1.4
                0x100854ff       0x3f .\CortexM4\ARM_GCC_541\Debug\cy_ipc_sema.o
 *fill*         0x100854ff        0x1 
 .rodata.str1.4
                0x10085500       0x40 .\CortexM4\ARM_GCC_541\Debug\cy_ipc_pipe.o
                                 0x7f (size before relaxing)
 .rodata.str1.4
                0x10085540       0x41 .\CortexM4\ARM_GCC_541\Debug\cy_sysint.o
 *fill*         0x10085581        0x3 
 .rodata.str1.4
                0x10085584       0x3f .\CortexM4\ARM_GCC_541\Debug\cy_syspm.o
                                 0x7f (size before relaxing)
 *fill*         0x100855c3        0x1 
 .rodata        0x100855c4      0x170 .\CortexM4\ARM_GCC_541\Debug\cy_device.o
                0x100855c4                cy_deviceIpBlockCfgPSoC6_02
                0x1008567c                cy_deviceIpBlockCfgPSoC6_01
 .rodata        0x10085734       0x10 .\CortexM4\ARM_GCC_541\Debug\cy_ble.o
 .rodata        0x10085744      0x100 .\CortexM4\ARM_GCC_541\Debug\cy_ble_hal_pvt.o
 .rodata        0x10085844        0xa .\CortexM4\ARM_GCC_541\Debug\cy_ble_event_handler.o
 *fill*         0x1008584e        0x2 
 .rodata.str1.4
                0x10085850       0x38 .\CortexM4\ARM_GCC_541\Debug\cy_ble_event_handler.o
                                 0x37 (size before relaxing)
 .constdata     0x10085888       0x18 Generated_Source\PSoC6\pdl\middleware\ble\lib\cy_ble_stack_gcc_host_ipc_cm4.a(BT_os.o)
                0x10085888                cyBleStackMemoryConfig
 .constdata     0x100858a0       0x58 Generated_Source\PSoC6\pdl\middleware\ble\lib\cy_ble_stack_gcc_host_ipc_cm4.a(l2cap_init.o)
                0x100858a0                l2cap_le_sig_handler
 .constdata     0x100858f8       0x3c Generated_Source\PSoC6\pdl\middleware\ble\lib\cy_ble_stack_gcc_host_ipc_cm4.a(fsm_engine_pl.o)
                0x100858f8                fsm_module_table
 .constdata     0x10085934      0x110 Generated_Source\PSoC6\pdl\middleware\ble\lib\cy_ble_stack_gcc_host_ipc_cm4.a(gap_hci_iface.o)
                0x10085934                hciCommandCompleteEventHandlers
 .constdata     0x10085a44       0x20 Generated_Source\PSoC6\pdl\middleware\ble\lib\cy_ble_stack_gcc_host_ipc_cm4.a(gap_privacy.o)
 .constdata     0x10085a64       0x32 Generated_Source\PSoC6\pdl\middleware\ble\lib\cy_ble_stack_gcc_host_ipc_cm4.a(smp_core.o)
                0x10085a64                smp_iocap_assoc_map
                0x10085a7d                smp_sc_iocap_assoc_map
 *fill*         0x10085a96        0x2 
 .constdata     0x10085a98        0xc Generated_Source\PSoC6\pdl\middleware\ble\lib\cy_ble_stack_gcc_host_ipc_cm4.a(smp_interface.o)
                0x10085a98                smp_event_fp
 .constdata     0x10085aa4       0x22 Generated_Source\PSoC6\pdl\middleware\ble\lib\cy_ble_stack_gcc_host_ipc_cm4.a(smp_utils.o)
                0x10085aa4                smp_event_map
 *fill*         0x10085ac6        0x2 
 .constdata     0x10085ac8       0xb4 Generated_Source\PSoC6\pdl\middleware\ble\lib\cy_ble_stack_gcc_host_ipc_cm4.a(smp_fsm_table.o)
                0x10085ac8                smp_state_event_table
 .constdata     0x10085b7c      0x110 Generated_Source\PSoC6\pdl\middleware\ble\lib\cy_ble_stack_gcc_host_ipc_cm4.a(smp_fsm_table.o)
                0x10085b7c                smp_event_handler_table
 .constdata     0x10085c8c       0x20 Generated_Source\PSoC6\pdl\middleware\ble\lib\cy_ble_stack_gcc_host_ipc_cm4.a(aes_cmac.o)
                0x10085c8c                cmac_zero_data
                0x10085c9c                cmac_rb_data
 .constdata     0x10085cac       0x60 Generated_Source\PSoC6\pdl\middleware\ble\lib\cy_ble_stack_gcc_host_ipc_cm4.a(att_fsm_table.o)
                0x10085cac                att_state_event_table
 .constdata     0x10085d0c       0x58 Generated_Source\PSoC6\pdl\middleware\ble\lib\cy_ble_stack_gcc_host_ipc_cm4.a(att_fsm_table.o)
                0x10085d0c                att_event_handler_table
 .rodata.str1.1
                0x10085d64        0x2 c:/program files/cypress/psoc creator/4.3/psoc creator/import/gnu/arm/5.4.1/bin/../lib/gcc/arm-none-eabi/5.4.1/../../../../arm-none-eabi/lib/armv7e-m/softfp\libg_nano.a(lib_a-impure.o)
 *fill*         0x10085d66        0x2 
 .rodata._global_impure_ptr
                0x10085d68        0x4 c:/program files/cypress/psoc creator/4.3/psoc creator/import/gnu/arm/5.4.1/bin/../lib/gcc/arm-none-eabi/5.4.1/../../../../arm-none-eabi/lib/armv7e-m/softfp\libg_nano.a(lib_a-impure.o)
                0x10085d68                _global_impure_ptr
 .rodata.__sf_fake_stdin
                0x10085d6c       0x20 c:/program files/cypress/psoc creator/4.3/psoc creator/import/gnu/arm/5.4.1/bin/../lib/gcc/arm-none-eabi/5.4.1/../../../../arm-none-eabi/lib/armv7e-m/softfp\libg_nano.a(lib_a-findfp.o)
                0x10085d6c                __sf_fake_stdin
 .rodata.__sf_fake_stdout
                0x10085d8c       0x20 c:/program files/cypress/psoc creator/4.3/psoc creator/import/gnu/arm/5.4.1/bin/../lib/gcc/arm-none-eabi/5.4.1/../../../../arm-none-eabi/lib/armv7e-m/softfp\libg_nano.a(lib_a-findfp.o)
                0x10085d8c                __sf_fake_stdout
 .rodata.__sf_fake_stderr
                0x10085dac       0x20 c:/program files/cypress/psoc creator/4.3/psoc creator/import/gnu/arm/5.4.1/bin/../lib/gcc/arm-none-eabi/5.4.1/../../../../arm-none-eabi/lib/armv7e-m/softfp\libg_nano.a(lib_a-findfp.o)
                0x10085dac                __sf_fake_stderr
 .rodata.str1.1
                0x10085dcc       0x11 c:/program files/cypress/psoc creator/4.3/psoc creator/import/gnu/arm/5.4.1/bin/../lib/gcc/arm-none-eabi/5.4.1/../../../../arm-none-eabi/lib/armv7e-m/softfp\libg_nano.a(lib_a-nano-svfprintf.o)
 .rodata.str1.1
                0x10085ddd       0x11 c:/program files/cypress/psoc creator/4.3/psoc creator/import/gnu/arm/5.4.1/bin/../lib/gcc/arm-none-eabi/5.4.1/../../../../arm-none-eabi/lib/armv7e-m/softfp\libg_nano.a(lib_a-nano-vfprintf.o)
 .rodata.str1.1
                0x10085ddd       0x22 c:/program files/cypress/psoc creator/4.3/psoc creator/import/gnu/arm/5.4.1/bin/../lib/gcc/arm-none-eabi/5.4.1/../../../../arm-none-eabi/lib/armv7e-m/softfp\libg_nano.a(lib_a-nano-vfprintf_i.o)
 *(.eh_frame*)
 *fill*         0x10085dff        0x1 
 .eh_frame      0x10085e00        0x0 c:/program files/cypress/psoc creator/4.3/psoc creator/import/gnu/arm/5.4.1/bin/../lib/gcc/arm-none-eabi/5.4.1/armv7e-m/softfp/crtbegin.o
 .eh_frame      0x10085e00        0x4 c:/program files/cypress/psoc creator/4.3/psoc creator/import/gnu/arm/5.4.1/bin/../lib/gcc/arm-none-eabi/5.4.1/armv7e-m/softfp/crtend.o

.glue_7         0x10085e04        0x0
 .glue_7        0x10085e04        0x0 linker stubs

.glue_7t        0x10085e04        0x0
 .glue_7t       0x10085e04        0x0 linker stubs

.vfp11_veneer   0x10085e04        0x0
 .vfp11_veneer  0x10085e04        0x0 linker stubs

.v4_bx          0x10085e04        0x0
 .v4_bx         0x10085e04        0x0 linker stubs

.iplt           0x10085e04        0x0
 .iplt          0x10085e04        0x0 c:/program files/cypress/psoc creator/4.3/psoc creator/import/gnu/arm/5.4.1/bin/../lib/gcc/arm-none-eabi/5.4.1/armv7e-m/softfp/crtbegin.o

i.CyBleStackMgr_Init
                0x10085e04       0xdc
 i.CyBleStackMgr_Init
                0x10085e04       0xdc Generated_Source\PSoC6\pdl\middleware\ble\lib\cy_ble_stack_gcc_host_ipc_cm4.a(CyBleStackMgrIP_Interface.o)
                0x10085e04                CyBleStackMgr_Init

i.CyBleStackMgr_ProcessBleEvents
                0x10085ee0       0x14
 i.CyBleStackMgr_ProcessBleEvents
                0x10085ee0       0x14 Generated_Source\PSoC6\pdl\middleware\ble\lib\cy_ble_stack_gcc_host_ipc_cm4.a(CyBleStackMgrIP_Interface.o)
                0x10085ee0                CyBleStackMgr_ProcessBleEvents

i.CyBleStackMgr_Shutdown
                0x10085ef4       0x20
 i.CyBleStackMgr_Shutdown
                0x10085ef4       0x20 Generated_Source\PSoC6\pdl\middleware\ble\lib\cy_ble_stack_gcc_host_ipc_cm4.a(CyBleStackMgrIP_Interface.o)
                0x10085ef4                CyBleStackMgr_Shutdown

i.CyBle_GetHeapMemory
                0x10085f14       0x3c
 i.CyBle_GetHeapMemory
                0x10085f14       0x3c Generated_Source\PSoC6\pdl\middleware\ble\lib\cy_ble_stack_gcc_host_ipc_cm4.a(CyBleStackMgrIP_Interface.o)
                0x10085f14                CyBle_GetHeapMemory

i.CyBle_GetNumAppBufferPools
                0x10085f50        0xc
 i.CyBle_GetNumAppBufferPools
                0x10085f50        0xc Generated_Source\PSoC6\pdl\middleware\ble\lib\cy_ble_stack_gcc_host_ipc_cm4.a(CyBleStackMgrIP_Interface.o)
                0x10085f50                CyBle_GetNumAppBufferPools

i.CyBle_HostStackBufferPoolInit
                0x10085f5c       0xc4
 i.CyBle_HostStackBufferPoolInit
                0x10085f5c       0xc4 Generated_Source\PSoC6\pdl\middleware\ble\lib\cy_ble_stack_gcc_host_ipc_cm4.a(CyBleStackMgrIP_Interface.o)

i.CyBle_SortBufers
                0x10086020       0x40
 i.CyBle_SortBufers
                0x10086020       0x40 Generated_Source\PSoC6\pdl\middleware\ble\lib\cy_ble_stack_gcc_host_ipc_cm4.a(CyBleStackMgrIP_Interface.o)
                0x10086020                CyBle_SortBufers

i.CyBle_StackGetConfigPtr
                0x10086060        0x8
 i.CyBle_StackGetConfigPtr
                0x10086060        0x8 Generated_Source\PSoC6\pdl\middleware\ble\lib\cy_ble_stack_gcc_host_ipc_cm4.a(CyBleStackMgrIP_Interface.o)
                0x10086060                CyBle_StackGetConfigPtr

i.Cy_BLE_EnablePrivacyFeature
                0x10086068        0x4
 i.Cy_BLE_EnablePrivacyFeature
                0x10086068        0x4 Generated_Source\PSoC6\pdl\middleware\ble\lib\cy_ble_stack_gcc_host_ipc_cm4.a(CyBleStackMgrIP_Interface.o)
                0x10086068                Cy_BLE_EnablePrivacyFeature

i.Cy_BLE_GetStackLibraryVersion
                0x1008606c       0x20
 i.Cy_BLE_GetStackLibraryVersion
                0x1008606c       0x20 Generated_Source\PSoC6\pdl\middleware\ble\lib\cy_ble_stack_gcc_host_ipc_cm4.a(CyBleStackMgrIP_Interface.o)
                0x1008606c                Cy_BLE_GetStackLibraryVersion

i.Cy_BLE_ProcessEvents
                0x1008608c        0x4
 i.Cy_BLE_ProcessEvents
                0x1008608c        0x4 Generated_Source\PSoC6\pdl\middleware\ble\lib\cy_ble_stack_gcc_host_ipc_cm4.a(CyBleStackMgrIP_Interface.o)
                0x1008608c                Cy_BLE_ProcessEvents

i.Cy_BLE_StackEnterLPM
                0x10086090       0x16
 i.Cy_BLE_StackEnterLPM
                0x10086090       0x16 Generated_Source\PSoC6\pdl\middleware\ble\lib\cy_ble_stack_gcc_host_ipc_cm4.a(CyBleStackMgrIP_Interface.o)
                0x10086090                Cy_BLE_StackEnterLPM

i.Cy_BLE_StackGetBleSsState
                0x100860a6        0x4
 i.Cy_BLE_StackGetBleSsState
                0x100860a6        0x4 Generated_Source\PSoC6\pdl\middleware\ble\lib\cy_ble_stack_gcc_host_ipc_cm4.a(CyBleStackMgrIP_Interface.o)
                0x100860a6                Cy_BLE_StackGetBleSsState

i.Cy_BLE_StackGetFeatureConfig
                0x100860ac       0x20
 i.Cy_BLE_StackGetFeatureConfig
                0x100860ac       0x20 Generated_Source\PSoC6\pdl\middleware\ble\lib\cy_ble_stack_gcc_host_ipc_cm4.a(CyBleStackMgrIP_Interface.o)
                0x100860ac                Cy_BLE_StackGetFeatureConfig

i.Cy_BLE_StackInit
                0x100860cc       0x70
 i.Cy_BLE_StackInit
                0x100860cc       0x70 Generated_Source\PSoC6\pdl\middleware\ble\lib\cy_ble_stack_gcc_host_ipc_cm4.a(CyBleStackMgrIP_Interface.o)
                0x100860cc                Cy_BLE_StackInit

i.Cy_BLE_StackSetFeatureConfig
                0x1008613c       0x54
 i.Cy_BLE_StackSetFeatureConfig
                0x1008613c       0x54 Generated_Source\PSoC6\pdl\middleware\ble\lib\cy_ble_stack_gcc_host_ipc_cm4.a(CyBleStackMgrIP_Interface.o)
                0x1008613c                Cy_BLE_StackSetFeatureConfig

i.ble_stack_idle_task_callback
                0x10086190        0x2
 i.ble_stack_idle_task_callback
                0x10086190        0x2 Generated_Source\PSoC6\pdl\middleware\ble\lib\cy_ble_stack_gcc_host_ipc_cm4.a(CyBleStackMgrIP_Interface.o)
                0x10086190                ble_stack_idle_task_callback

i.BT_OSFreeBuf  0x10086194       0x20
 i.BT_OSFreeBuf
                0x10086194       0x20 Generated_Source\PSoC6\pdl\middleware\ble\lib\cy_ble_stack_gcc_host_ipc_cm4.a(BT_os.o)
                0x10086194                BT_OSFreeBuf

i.BT_OSGetBuF   0x100861b4       0x30
 i.BT_OSGetBuF  0x100861b4       0x30 Generated_Source\PSoC6\pdl\middleware\ble\lib\cy_ble_stack_gcc_host_ipc_cm4.a(BT_os.o)
                0x100861b4                BT_OSGetBuF

i.BT_OSMemCreate
                0x100861e4       0x3c
 i.BT_OSMemCreate
                0x100861e4       0x3c Generated_Source\PSoC6\pdl\middleware\ble\lib\cy_ble_stack_gcc_host_ipc_cm4.a(BT_os.o)
                0x100861e4                BT_OSMemCreate

i.BT_alloc_mem_ext
                0x10086220       0x40
 i.BT_alloc_mem_ext
                0x10086220       0x40 Generated_Source\PSoC6\pdl\middleware\ble\lib\cy_ble_stack_gcc_host_ipc_cm4.a(BT_os.o)
                0x10086220                BT_alloc_mem_ext

i.BT_free_mem   0x10086260        0xa
 i.BT_free_mem  0x10086260        0xa Generated_Source\PSoC6\pdl\middleware\ble\lib\cy_ble_stack_gcc_host_ipc_cm4.a(BT_os.o)
                0x10086260                BT_free_mem

i.bt_stack_create_buffer_pool
                0x1008626c       0x2c
 i.bt_stack_create_buffer_pool
                0x1008626c       0x2c Generated_Source\PSoC6\pdl\middleware\ble\lib\cy_ble_stack_gcc_host_ipc_cm4.a(BT_os.o)
                0x1008626c                bt_stack_create_buffer_pool

i.CyBle_CreateBleStackTask
                0x10086298       0x30
 i.CyBle_CreateBleStackTask
                0x10086298       0x30 Generated_Source\PSoC6\pdl\middleware\ble\lib\cy_ble_stack_gcc_host_ipc_cm4.a(CyBleStackMgr_StackTaskHandler.o)
                0x10086298                CyBle_CreateBleStackTask

i.CyBle_SignalBleStackTask
                0x100862c8       0x38
 i.CyBle_SignalBleStackTask
                0x100862c8       0x38 Generated_Source\PSoC6\pdl\middleware\ble\lib\cy_ble_stack_gcc_host_ipc_cm4.a(CyBleStackMgr_StackTaskHandler.o)
                0x100862c8                CyBle_SignalBleStackTask

i.CyBle_StackTaskHandler
                0x10086300       0x74
 i.CyBle_StackTaskHandler
                0x10086300       0x74 Generated_Source\PSoC6\pdl\middleware\ble\lib\cy_ble_stack_gcc_host_ipc_cm4.a(CyBleStackMgr_StackTaskHandler.o)
                0x10086300                CyBle_StackTaskHandler

i.IsStackTaskFree
                0x10086374        0xc
 i.IsStackTaskFree
                0x10086374        0xc Generated_Source\PSoC6\pdl\middleware\ble\lib\cy_ble_stack_gcc_host_ipc_cm4.a(CyBleStackMgr_StackTaskHandler.o)
                0x10086374                IsStackTaskFree

i.storage_bt_init_pl
                0x10086380       0x8c
 i.storage_bt_init_pl
                0x10086380       0x8c Generated_Source\PSoC6\pdl\middleware\ble\lib\cy_ble_stack_gcc_host_ipc_cm4.a(storage_pl.o)
                0x10086380                storage_bt_init_pl

i.storage_bt_reset_offset
                0x1008640c       0x3c
 i.storage_bt_reset_offset
                0x1008640c       0x3c Generated_Source\PSoC6\pdl\middleware\ble\lib\cy_ble_stack_gcc_host_ipc_cm4.a(storage_pl.o)
                0x1008640c                storage_bt_reset_offset

i.storage_manager_init
                0x10086448       0x58
 i.storage_manager_init
                0x10086448       0x58 Generated_Source\PSoC6\pdl\middleware\ble\lib\cy_ble_stack_gcc_host_ipc_cm4.a(storage_pl.o)
                0x10086448                storage_manager_init

i.storage_manager_register_module
                0x100864a0       0x68
 i.storage_manager_register_module
                0x100864a0       0x68 Generated_Source\PSoC6\pdl\middleware\ble\lib\cy_ble_stack_gcc_host_ipc_cm4.a(storage_pl.o)
                0x100864a0                storage_manager_register_module

i.storage_validate_init_params
                0x10086508       0x98
 i.storage_validate_init_params
                0x10086508       0x98 Generated_Source\PSoC6\pdl\middleware\ble\lib\cy_ble_stack_gcc_host_ipc_cm4.a(storage_pl.o)
                0x10086508                storage_validate_init_params

i.OS_init       0x100865a0       0x64
 i.OS_init      0x100865a0       0x64 Generated_Source\PSoC6\pdl\middleware\ble\lib\cy_ble_stack_gcc_host_ipc_cm4.a(mint_os.o)
                0x100865a0                OS_init

i.OS_shutdown   0x10086604        0x4
 i.OS_shutdown  0x10086604        0x4 Generated_Source\PSoC6\pdl\middleware\ble\lib\cy_ble_stack_gcc_host_ipc_cm4.a(mint_os.o)
                0x10086604                OS_shutdown

i.mintos_malloc
                0x10086608       0x34
 i.mintos_malloc
                0x10086608       0x34 Generated_Source\PSoC6\pdl\middleware\ble\lib\cy_ble_stack_gcc_host_ipc_cm4.a(mint_os.o)
                0x10086608                mintos_malloc

i.OS_create_queue
                0x1008663c       0x74
 i.OS_create_queue
                0x1008663c       0x74 Generated_Source\PSoC6\pdl\middleware\ble\lib\cy_ble_stack_gcc_host_ipc_cm4.a(mint_os_queue.o)
                0x1008663c                OS_create_queue

i.OS_enqueue_item
                0x100866b0       0x9c
 i.OS_enqueue_item
                0x100866b0       0x9c Generated_Source\PSoC6\pdl\middleware\ble\lib\cy_ble_stack_gcc_host_ipc_cm4.a(mint_os_queue.o)
                0x100866b0                OS_enqueue_item

i.OS_queue_get_num_of_items
                0x1008674c       0x2c
 i.OS_queue_get_num_of_items
                0x1008674c       0x2c Generated_Source\PSoC6\pdl\middleware\ble\lib\cy_ble_stack_gcc_host_ipc_cm4.a(mint_os_queue.o)
                0x1008674c                OS_queue_get_num_of_items

i.OS_queue_mgmt_init
                0x10086778       0x58
 i.OS_queue_mgmt_init
                0x10086778       0x58 Generated_Source\PSoC6\pdl\middleware\ble\lib\cy_ble_stack_gcc_host_ipc_cm4.a(mint_os_queue.o)
                0x10086778                OS_queue_mgmt_init

i.OS_remove_item
                0x100867d0       0xb8
 i.OS_remove_item
                0x100867d0       0xb8 Generated_Source\PSoC6\pdl\middleware\ble\lib\cy_ble_stack_gcc_host_ipc_cm4.a(mint_os_queue.o)
                0x100867d0                OS_remove_item

i.OS_create_task
                0x10086888       0x88
 i.OS_create_task
                0x10086888       0x88 Generated_Source\PSoC6\pdl\middleware\ble\lib\cy_ble_stack_gcc_host_ipc_cm4.a(mint_os_task.o)
                0x10086888                OS_create_task

i.OS_is_task_free
                0x10086910       0x30
 i.OS_is_task_free
                0x10086910       0x30 Generated_Source\PSoC6\pdl\middleware\ble\lib\cy_ble_stack_gcc_host_ipc_cm4.a(mint_os_task.o)
                0x10086910                OS_is_task_free

i.OS_scheduler  0x10086940       0x64
 i.OS_scheduler
                0x10086940       0x64 Generated_Source\PSoC6\pdl\middleware\ble\lib\cy_ble_stack_gcc_host_ipc_cm4.a(mint_os_task.o)
                0x10086940                OS_scheduler

i.OS_send_signal_to_task
                0x100869a4        0xc
 i.OS_send_signal_to_task
                0x100869a4        0xc Generated_Source\PSoC6\pdl\middleware\ble\lib\cy_ble_stack_gcc_host_ipc_cm4.a(mint_os_task.o)
                0x100869a4                OS_send_signal_to_task

i.OS_send_signal_to_task_context
                0x100869b0       0x3c
 i.OS_send_signal_to_task_context
                0x100869b0       0x3c Generated_Source\PSoC6\pdl\middleware\ble\lib\cy_ble_stack_gcc_host_ipc_cm4.a(mint_os_task.o)

i.OS_task_mgmt_init
                0x100869ec       0x60
 i.OS_task_mgmt_init
                0x100869ec       0x60 Generated_Source\PSoC6\pdl\middleware\ble\lib\cy_ble_stack_gcc_host_ipc_cm4.a(mint_os_task.o)
                0x100869ec                OS_task_mgmt_init

i.mint_buf_mgmt_allocate_buffer
                0x10086a4c       0x54
 i.mint_buf_mgmt_allocate_buffer
                0x10086a4c       0x54 Generated_Source\PSoC6\pdl\middleware\ble\lib\cy_ble_stack_gcc_host_ipc_cm4.a(mint_buf_mgmt.o)
                0x10086a4c                mint_buf_mgmt_allocate_buffer

i.mint_buf_mgmt_create_pool
                0x10086aa0       0xd4
 i.mint_buf_mgmt_create_pool
                0x10086aa0       0xd4 Generated_Source\PSoC6\pdl\middleware\ble\lib\cy_ble_stack_gcc_host_ipc_cm4.a(mint_buf_mgmt.o)
                0x10086aa0                mint_buf_mgmt_create_pool

i.mint_buf_mgmt_free_buffer
                0x10086b74       0xac
 i.mint_buf_mgmt_free_buffer
                0x10086b74       0xac Generated_Source\PSoC6\pdl\middleware\ble\lib\cy_ble_stack_gcc_host_ipc_cm4.a(mint_buf_mgmt.o)
                0x10086b74                mint_buf_mgmt_free_buffer

i.mint_buf_mgmt_init
                0x10086c20       0x5c
 i.mint_buf_mgmt_init
                0x10086c20       0x5c Generated_Source\PSoC6\pdl\middleware\ble\lib\cy_ble_stack_gcc_host_ipc_cm4.a(mint_buf_mgmt.o)
                0x10086c20                mint_buf_mgmt_init

i.mint_buf_mgmt_malloc
                0x10086c7c       0x28
 i.mint_buf_mgmt_malloc
                0x10086c7c       0x28 Generated_Source\PSoC6\pdl\middleware\ble\lib\cy_ble_stack_gcc_host_ipc_cm4.a(mint_buf_mgmt.o)
                0x10086c7c                mint_buf_mgmt_malloc

i.mint_buf_mgmt_pl_init
                0x10086ca4       0x44
 i.mint_buf_mgmt_pl_init
                0x10086ca4       0x44 Generated_Source\PSoC6\pdl\middleware\ble\lib\cy_ble_stack_gcc_host_ipc_cm4.a(mint_buf_mgmt.o)
                0x10086ca4                mint_buf_mgmt_pl_init

i.mint_buf_mgmt_stack_init
                0x10086ce8       0x22
 i.mint_buf_mgmt_stack_init
                0x10086ce8       0x22 Generated_Source\PSoC6\pdl\middleware\ble\lib\cy_ble_stack_gcc_host_ipc_cm4.a(mint_buf_mgmt.o)
                0x10086ce8                mint_buf_mgmt_stack_init

i.mint_buf_mgmt_stack_pop
                0x10086d0a       0x34
 i.mint_buf_mgmt_stack_pop
                0x10086d0a       0x34 Generated_Source\PSoC6\pdl\middleware\ble\lib\cy_ble_stack_gcc_host_ipc_cm4.a(mint_buf_mgmt.o)
                0x10086d0a                mint_buf_mgmt_stack_pop

i.mint_buf_mgmt_stack_push
                0x10086d3e       0x34
 i.mint_buf_mgmt_stack_push
                0x10086d3e       0x34 Generated_Source\PSoC6\pdl\middleware\ble\lib\cy_ble_stack_gcc_host_ipc_cm4.a(mint_buf_mgmt.o)
                0x10086d3e                mint_buf_mgmt_stack_push

i.mint_buf_mgmt_stack_search_item
                0x10086d72       0x2e
 i.mint_buf_mgmt_stack_search_item
                0x10086d72       0x2e Generated_Source\PSoC6\pdl\middleware\ble\lib\cy_ble_stack_gcc_host_ipc_cm4.a(mint_buf_mgmt.o)
                0x10086d72                mint_buf_mgmt_stack_search_item

i.CyBleHost_HciIpcFreePktBuffer
                0x10086da0       0x2e
 i.CyBleHost_HciIpcFreePktBuffer
                0x10086da0       0x2e Generated_Source\PSoC6\pdl\middleware\ble\lib\cy_ble_stack_gcc_host_ipc_cm4.a(transport_ipc.o)
                0x10086da0                CyBleHost_HciIpcFreePktBuffer

i.CyBleHost_HciIpcMsgCompleteReceive
                0x10086dd0       0x28
 i.CyBleHost_HciIpcMsgCompleteReceive
                0x10086dd0       0x28 Generated_Source\PSoC6\pdl\middleware\ble\lib\cy_ble_stack_gcc_host_ipc_cm4.a(transport_ipc.o)
                0x10086dd0                CyBleHost_HciIpcMsgCompleteReceive

i.CyBleHost_HciIpcMsgReceive
                0x10086df8       0x28
 i.CyBleHost_HciIpcMsgReceive
                0x10086df8       0x28 Generated_Source\PSoC6\pdl\middleware\ble\lib\cy_ble_stack_gcc_host_ipc_cm4.a(transport_ipc.o)
                0x10086df8                CyBleHost_HciIpcMsgReceive

i.hci_transport_bt_shutdown
                0x10086e20        0x4
 i.hci_transport_bt_shutdown
                0x10086e20        0x4 Generated_Source\PSoC6\pdl\middleware\ble\lib\cy_ble_stack_gcc_host_ipc_cm4.a(transport_ipc.o)
                0x10086e20                hci_transport_bt_shutdown

i.hci_transport_init
                0x10086e24       0x10
 i.hci_transport_init
                0x10086e24       0x10 Generated_Source\PSoC6\pdl\middleware\ble\lib\cy_ble_stack_gcc_host_ipc_cm4.a(transport_ipc.o)
                0x10086e24                hci_transport_init

i.hci_transport_write_data
                0x10086e34       0x9c
 i.hci_transport_write_data
                0x10086e34       0x9c Generated_Source\PSoC6\pdl\middleware\ble\lib\cy_ble_stack_gcc_host_ipc_cm4.a(transport_ipc.o)
                0x10086e34                hci_transport_write_data

i.CyBleHost_IPC_HAL_Init
                0x10086ed0       0x40
 i.CyBleHost_IPC_HAL_Init
                0x10086ed0       0x40 Generated_Source\PSoC6\pdl\middleware\ble\lib\cy_ble_stack_gcc_host_ipc_cm4.a(CyBleStackMgr_PSoCIPCHal.o)
                0x10086ed0                CyBleHost_IPC_HAL_Init

i.CyBleHost_IPC_HAL_InitWithStaticMem
                0x10086f10        0xc
 i.CyBleHost_IPC_HAL_InitWithStaticMem
                0x10086f10        0xc Generated_Source\PSoC6\pdl\middleware\ble\lib\cy_ble_stack_gcc_host_ipc_cm4.a(CyBleStackMgr_PSoCIPCHal.o)
                0x10086f10                CyBleHost_IPC_HAL_InitWithStaticMem

i.CyBleHost_IPC_HAL_IsQueueEmpty
                0x10086f1c       0x24
 i.CyBleHost_IPC_HAL_IsQueueEmpty
                0x10086f1c       0x24 Generated_Source\PSoC6\pdl\middleware\ble\lib\cy_ble_stack_gcc_host_ipc_cm4.a(CyBleStackMgr_PSoCIPCHal.o)
                0x10086f1c                CyBleHost_IPC_HAL_IsQueueEmpty

i.CyBleHost_IPC_HAL_PipeReleaseCallback
                0x10086f40       0x1c
 i.CyBleHost_IPC_HAL_PipeReleaseCallback
                0x10086f40       0x1c Generated_Source\PSoC6\pdl\middleware\ble\lib\cy_ble_stack_gcc_host_ipc_cm4.a(CyBleStackMgr_PSoCIPCHal.o)

i.CyBleHost_IPC_HAL_ProcessMsgQ
                0x10086f5c       0x3c
 i.CyBleHost_IPC_HAL_ProcessMsgQ
                0x10086f5c       0x3c Generated_Source\PSoC6\pdl\middleware\ble\lib\cy_ble_stack_gcc_host_ipc_cm4.a(CyBleStackMgr_PSoCIPCHal.o)
                0x10086f5c                CyBleHost_IPC_HAL_ProcessMsgQ

i.CyBleHost_IPC_HAL_PushMessage
                0x10086f98       0x48
 i.CyBleHost_IPC_HAL_PushMessage
                0x10086f98       0x48 Generated_Source\PSoC6\pdl\middleware\ble\lib\cy_ble_stack_gcc_host_ipc_cm4.a(CyBleStackMgr_PSoCIPCHal.o)

i.CyBleHost_IPC_HAL_Reset
                0x10086fe0        0x2
 i.CyBleHost_IPC_HAL_Reset
                0x10086fe0        0x2 Generated_Source\PSoC6\pdl\middleware\ble\lib\cy_ble_stack_gcc_host_ipc_cm4.a(CyBleStackMgr_PSoCIPCHal.o)
                0x10086fe0                CyBleHost_IPC_HAL_Reset

i.CyBleHost_IPC_HAL_SendEnqueue
                0x10086fe2       0x10
 i.CyBleHost_IPC_HAL_SendEnqueue
                0x10086fe2       0x10 Generated_Source\PSoC6\pdl\middleware\ble\lib\cy_ble_stack_gcc_host_ipc_cm4.a(CyBleStackMgr_PSoCIPCHal.o)
                0x10086fe2                CyBleHost_IPC_HAL_SendEnqueue

i.CyBle_BluetoothOnCmptCB
                0x10086ff4       0x60
 i.CyBle_BluetoothOnCmptCB
                0x10086ff4       0x60 Generated_Source\PSoC6\pdl\middleware\ble\lib\cy_ble_stack_gcc_host_ipc_cm4.a(host_main.o)

i.CyBle_HostDisableFeatures
                0x10087054       0x12
 i.CyBle_HostDisableFeatures
                0x10087054       0x12 Generated_Source\PSoC6\pdl\middleware\ble\lib\cy_ble_stack_gcc_host_ipc_cm4.a(host_main.o)
                0x10087054                CyBle_HostDisableFeatures

i.CyBle_HostInit
                0x10087068       0x60
 i.CyBle_HostInit
                0x10087068       0x60 Generated_Source\PSoC6\pdl\middleware\ble\lib\cy_ble_stack_gcc_host_ipc_cm4.a(host_main.o)
                0x10087068                CyBle_HostInit

i.CyBle_HostIsStackFree
                0x100870c8       0x16
 i.CyBle_HostIsStackFree
                0x100870c8       0x16 Generated_Source\PSoC6\pdl\middleware\ble\lib\cy_ble_stack_gcc_host_ipc_cm4.a(host_main.o)
                0x100870c8                CyBle_HostIsStackFree

i.CyBle_HostSetFeatureConfig
                0x100870e0       0x80
 i.CyBle_HostSetFeatureConfig
                0x100870e0       0x80 Generated_Source\PSoC6\pdl\middleware\ble\lib\cy_ble_stack_gcc_host_ipc_cm4.a(host_main.o)
                0x100870e0                CyBle_HostSetFeatureConfig

i.CyBle_HostStackHeapDeInit
                0x10087160       0x1e
 i.CyBle_HostStackHeapDeInit
                0x10087160       0x1e Generated_Source\PSoC6\pdl\middleware\ble\lib\cy_ble_stack_gcc_host_ipc_cm4.a(host_main.o)
                0x10087160                CyBle_HostStackHeapDeInit

i.CyBle_HostStackHeapInit
                0x10087180       0x4c
 i.CyBle_HostStackHeapInit
                0x10087180       0x4c Generated_Source\PSoC6\pdl\middleware\ble\lib\cy_ble_stack_gcc_host_ipc_cm4.a(host_main.o)
                0x10087180                CyBle_HostStackHeapInit

i.CyBle_HostStackInit
                0x100871cc       0x30
 i.CyBle_HostStackInit
                0x100871cc       0x30 Generated_Source\PSoC6\pdl\middleware\ble\lib\cy_ble_stack_gcc_host_ipc_cm4.a(host_main.o)
                0x100871cc                CyBle_HostStackInit

i.CyBle_HostStackOn
                0x100871fc       0x30
 i.CyBle_HostStackOn
                0x100871fc       0x30 Generated_Source\PSoC6\pdl\middleware\ble\lib\cy_ble_stack_gcc_host_ipc_cm4.a(host_main.o)

i.CyBle_HostValidateAppBuffers
                0x1008722c       0x4c
 i.CyBle_HostValidateAppBuffers
                0x1008722c       0x4c Generated_Source\PSoC6\pdl\middleware\ble\lib\cy_ble_stack_gcc_host_ipc_cm4.a(host_main.o)
                0x1008722c                CyBle_HostValidateAppBuffers

i.CyBle_HostValidateInputParams
                0x10087278       0xb8
 i.CyBle_HostValidateInputParams
                0x10087278       0xb8 Generated_Source\PSoC6\pdl\middleware\ble\lib\cy_ble_stack_gcc_host_ipc_cm4.a(host_main.o)
                0x10087278                CyBle_HostValidateInputParams

i.CyBle_SendEvToApp
                0x10087330       0x14
 i.CyBle_SendEvToApp
                0x10087330       0x14 Generated_Source\PSoC6\pdl\middleware\ble\lib\cy_ble_stack_gcc_host_ipc_cm4.a(host_main.o)
                0x10087330                CyBle_SendEvToApp

i.CyBle_ShutdownResetComplete
                0x10087344       0x68
 i.CyBle_ShutdownResetComplete
                0x10087344       0x68 Generated_Source\PSoC6\pdl\middleware\ble\lib\cy_ble_stack_gcc_host_ipc_cm4.a(host_main.o)
                0x10087344                CyBle_ShutdownResetComplete

i.CyBle_StackResetGlobalVariables
                0x100873ac       0x10
 i.CyBle_StackResetGlobalVariables
                0x100873ac       0x10 Generated_Source\PSoC6\pdl\middleware\ble\lib\cy_ble_stack_gcc_host_ipc_cm4.a(host_main.o)

i.CyBle_StackResetShutdown
                0x100873bc        0xa
 i.CyBle_StackResetShutdown
                0x100873bc        0xa Generated_Source\PSoC6\pdl\middleware\ble\lib\cy_ble_stack_gcc_host_ipc_cm4.a(host_main.o)

i.Cy_BLE_StackShutdown
                0x100873c8       0x20
 i.Cy_BLE_StackShutdown
                0x100873c8       0x20 Generated_Source\PSoC6\pdl\middleware\ble\lib\cy_ble_stack_gcc_host_ipc_cm4.a(host_main.o)
                0x100873c8                Cy_BLE_StackShutdown

i.Cy_BLE_StopTimer
                0x100873e8       0x2c
 i.Cy_BLE_StopTimer
                0x100873e8       0x2c Generated_Source\PSoC6\pdl\middleware\ble\lib\cy_ble_stack_gcc_host_ipc_cm4.a(host_main.o)
                0x100873e8                Cy_BLE_StopTimer

i.BT_att_access_mtu
                0x10087414       0x24
 i.BT_att_access_mtu
                0x10087414       0x24 Generated_Source\PSoC6\pdl\middleware\ble\lib\cy_ble_stack_gcc_host_ipc_cm4.a(att_api.o)
                0x10087414                BT_att_access_mtu

i.BT_att_check_connected_state
                0x10087438       0x38
 i.BT_att_check_connected_state
                0x10087438       0x38 Generated_Source\PSoC6\pdl\middleware\ble\lib\cy_ble_stack_gcc_host_ipc_cm4.a(att_api.o)
                0x10087438                BT_att_check_connected_state

i.BT_att_get_att_handle_from_device_id
                0x10087470       0x34
 i.BT_att_get_att_handle_from_device_id
                0x10087470       0x34 Generated_Source\PSoC6\pdl\middleware\ble\lib\cy_ble_stack_gcc_host_ipc_cm4.a(att_api.o)
                0x10087470                BT_att_get_att_handle_from_device_id

i.BT_att_get_stop_long_procedure_state
                0x100874a4       0x10
 i.BT_att_get_stop_long_procedure_state
                0x100874a4       0x10 Generated_Source\PSoC6\pdl\middleware\ble\lib\cy_ble_stack_gcc_host_ipc_cm4.a(att_api.o)
                0x100874a4                BT_att_get_stop_long_procedure_state

i.BT_att_register
                0x100874b4       0x24
 i.BT_att_register
                0x100874b4       0x24 Generated_Source\PSoC6\pdl\middleware\ble\lib\cy_ble_stack_gcc_host_ipc_cm4.a(att_api.o)
                0x100874b4                BT_att_register

i.BT_att_send_pdu
                0x100874d8      0x5a4
 i.BT_att_send_pdu
                0x100874d8      0x5a4 Generated_Source\PSoC6\pdl\middleware\ble\lib\cy_ble_stack_gcc_host_ipc_cm4.a(att_api.o)
                0x100874d8                BT_att_send_pdu

i.BT_att_set_stop_long_procedure
                0x10087a7c       0x20
 i.BT_att_set_stop_long_procedure
                0x10087a7c       0x20 Generated_Source\PSoC6\pdl\middleware\ble\lib\cy_ble_stack_gcc_host_ipc_cm4.a(att_api.o)
                0x10087a7c                BT_att_set_stop_long_procedure

i.att_bt_init   0x10087a9c       0x48
 i.att_bt_init  0x10087a9c       0x48 Generated_Source\PSoC6\pdl\middleware\ble\lib\cy_ble_stack_gcc_host_ipc_cm4.a(att_init.o)
                0x10087a9c                att_bt_init

i.att_bt_shutdown
                0x10087ae4        0x2
 i.att_bt_shutdown
                0x10087ae4        0x2 Generated_Source\PSoC6\pdl\middleware\ble\lib\cy_ble_stack_gcc_host_ipc_cm4.a(att_init.o)
                0x10087ae4                att_bt_shutdown

i.att_get_heap_req
                0x10087ae6        0x4
 i.att_get_heap_req
                0x10087ae6        0x4 Generated_Source\PSoC6\pdl\middleware\ble\lib\cy_ble_stack_gcc_host_ipc_cm4.a(att_init.o)
                0x10087ae6                att_get_heap_req

i.att_heap_deinit
                0x10087aec        0xc
 i.att_heap_deinit
                0x10087aec        0xc Generated_Source\PSoC6\pdl\middleware\ble\lib\cy_ble_stack_gcc_host_ipc_cm4.a(att_init.o)
                0x10087aec                att_heap_deinit

i.att_heap_init
                0x10087af8        0xc
 i.att_heap_init
                0x10087af8        0xc Generated_Source\PSoC6\pdl\middleware\ble\lib\cy_ble_stack_gcc_host_ipc_cm4.a(att_init.o)
                0x10087af8                att_heap_init

i.att_init      0x10087b04        0x2
 i.att_init     0x10087b04        0x2 Generated_Source\PSoC6\pdl\middleware\ble\lib\cy_ble_stack_gcc_host_ipc_cm4.a(att_init.o)
                0x10087b04                att_init

i.att_access_state_handler
                0x10087b08       0x18
 i.att_access_state_handler
                0x10087b08       0x18 Generated_Source\PSoC6\pdl\middleware\ble\lib\cy_ble_stack_gcc_host_ipc_cm4.a(att_internal.o)
                0x10087b08                att_access_state_handler

i.att_fsm_change_state
                0x10087b20       0xd8
 i.att_fsm_change_state
                0x10087b20       0xd8 Generated_Source\PSoC6\pdl\middleware\ble\lib\cy_ble_stack_gcc_host_ipc_cm4.a(att_internal.o)
                0x10087b20                att_fsm_change_state

i.att_fsm_set_state
                0x10087bf8       0x48
 i.att_fsm_set_state
                0x10087bf8       0x48 Generated_Source\PSoC6\pdl\middleware\ble\lib\cy_ble_stack_gcc_host_ipc_cm4.a(att_internal.o)
                0x10087bf8                att_fsm_set_state

i.att_get_fsm_event
                0x10087c40       0x1e
 i.att_get_fsm_event
                0x10087c40       0x1e Generated_Source\PSoC6\pdl\middleware\ble\lib\cy_ble_stack_gcc_host_ipc_cm4.a(att_internal.o)
                0x10087c40                att_get_fsm_event

i.att_l2cap_data_cb
                0x10087c60      0x158
 i.att_l2cap_data_cb
                0x10087c60      0x158 Generated_Source\PSoC6\pdl\middleware\ble\lib\cy_ble_stack_gcc_host_ipc_cm4.a(att_internal.o)
                0x10087c60                att_l2cap_data_cb

i.att_notify_application
                0x10087db8       0x70
 i.att_notify_application
                0x10087db8       0x70 Generated_Source\PSoC6\pdl\middleware\ble\lib\cy_ble_stack_gcc_host_ipc_cm4.a(att_internal.o)
                0x10087db8                att_notify_application

i.att_pack_handle_list
                0x10087e28       0x4c
 i.att_pack_handle_list
                0x10087e28       0x4c Generated_Source\PSoC6\pdl\middleware\ble\lib\cy_ble_stack_gcc_host_ipc_cm4.a(att_internal.o)
                0x10087e28                att_pack_handle_list

i.att_pack_handle_value_pair