Archive member included to satisfy reference by file (symbol)

Generated_Source\PSoC6\pdl\middleware\ble\lib\cy_ble_stack_gcc_controller_ipc_cm0p.a(CyBleStackMgrIP_Interface.o)
                              .\CortexM0p\ARM_GCC_541\Debug\cy_ble.o (Cy_BLE_EnablePrivacyFeature)
Generated_Source\PSoC6\pdl\middleware\ble\lib\cy_ble_stack_gcc_controller_ipc_cm0p.a(CyBleStackMgr_PSoCHal.o)
                              Generated_Source\PSoC6\pdl\middleware\ble\lib\cy_ble_stack_gcc_controller_ipc_cm0p.a(CyBleStackMgrIP_Interface.o) (bt_config)
Generated_Source\PSoC6\pdl\middleware\ble\lib\cy_ble_stack_gcc_controller_ipc_cm0p.a(CyBleStackMgr_BleSSDriver.o)
                              Generated_Source\PSoC6\pdl\middleware\ble\lib\cy_ble_stack_gcc_controller_ipc_cm0p.a(CyBleStackMgrIP_Interface.o) (CyBleStackMgr_BleSSInit)
Generated_Source\PSoC6\pdl\middleware\ble\lib\cy_ble_stack_gcc_controller_ipc_cm0p.a(CyBleStackMgr_StackTaskHandler.o)
                              Generated_Source\PSoC6\pdl\middleware\ble\lib\cy_ble_stack_gcc_controller_ipc_cm0p.a(CyBleStackMgrIP_Interface.o) (CyBle_CreateBleStackTask)
Generated_Source\PSoC6\pdl\middleware\ble\lib\cy_ble_stack_gcc_controller_ipc_cm0p.a(config_bin.o)
                              Generated_Source\PSoC6\pdl\middleware\ble\lib\cy_ble_stack_gcc_controller_ipc_cm0p.a(CyBleStackMgr_PSoCHal.o) (bt_cfg_pdata)
Generated_Source\PSoC6\pdl\middleware\ble\lib\cy_ble_stack_gcc_controller_ipc_cm0p.a(BT_timer.o)
                              Generated_Source\PSoC6\pdl\middleware\ble\lib\cy_ble_stack_gcc_controller_ipc_cm0p.a(CyBleStackMgr_StackTaskHandler.o) (BT_timer_process_signals)
Generated_Source\PSoC6\pdl\middleware\ble\lib\cy_ble_stack_gcc_controller_ipc_cm0p.a(bt_os_common.o)
                              Generated_Source\PSoC6\pdl\middleware\ble\lib\cy_ble_stack_gcc_controller_ipc_cm0p.a(CyBleStackMgr_StackTaskHandler.o) (BT_ISROSQPost)
Generated_Source\PSoC6\pdl\middleware\ble\lib\cy_ble_stack_gcc_controller_ipc_cm0p.a(CyBleStackMgrIP_Pilo.o)
                              Generated_Source\PSoC6\pdl\middleware\ble\lib\cy_ble_stack_gcc_controller_ipc_cm0p.a(CyBleStackMgrIP_Interface.o) (CyPilo_InitCalibration)
Generated_Source\PSoC6\pdl\middleware\ble\lib\cy_ble_stack_gcc_controller_ipc_cm0p.a(mint_os.o)
                              Generated_Source\PSoC6\pdl\middleware\ble\lib\cy_ble_stack_gcc_controller_ipc_cm0p.a(CyBleStackMgrIP_Interface.o) (OS_init)
Generated_Source\PSoC6\pdl\middleware\ble\lib\cy_ble_stack_gcc_controller_ipc_cm0p.a(mint_os_queue.o)
                              Generated_Source\PSoC6\pdl\middleware\ble\lib\cy_ble_stack_gcc_controller_ipc_cm0p.a(mint_os.o) (OS_TOTAL_QUEUES)
Generated_Source\PSoC6\pdl\middleware\ble\lib\cy_ble_stack_gcc_controller_ipc_cm0p.a(mint_os_task.o)
                              Generated_Source\PSoC6\pdl\middleware\ble\lib\cy_ble_stack_gcc_controller_ipc_cm0p.a(mint_os.o) (idle_func_handler)
Generated_Source\PSoC6\pdl\middleware\ble\lib\cy_ble_stack_gcc_controller_ipc_cm0p.a(mint_buf_mgmt.o)
                              Generated_Source\PSoC6\pdl\middleware\ble\lib\cy_ble_stack_gcc_controller_ipc_cm0p.a(CyBleStackMgrIP_Interface.o) (mint_buf_mgmt_init)
Generated_Source\PSoC6\pdl\middleware\ble\lib\cy_ble_stack_gcc_controller_ipc_cm0p.a(transport_ipc.o)
                              Generated_Source\PSoC6\pdl\middleware\ble\lib\cy_ble_stack_gcc_controller_ipc_cm0p.a(CyBleStackMgr_PSoCHal.o) (CyBleController_HciIpcInit)
Generated_Source\PSoC6\pdl\middleware\ble\lib\cy_ble_stack_gcc_controller_ipc_cm0p.a(CyBleStackMgr_PSoCIPCHal.o)
                              Generated_Source\PSoC6\pdl\middleware\ble\lib\cy_ble_stack_gcc_controller_ipc_cm0p.a(CyBleStackMgrIP_Interface.o) (CyBleController_IPC_HAL_InitWithStaticMem)
Generated_Source\PSoC6\pdl\middleware\ble\lib\cy_ble_stack_gcc_controller_ipc_cm0p.a(CyBleControllerIP_Interface.o)
                              Generated_Source\PSoC6\pdl\middleware\ble\lib\cy_ble_stack_gcc_controller_ipc_cm0p.a(CyBleStackMgrIP_Interface.o) (CyBle_ControllerEnableDleFeature)
Generated_Source\PSoC6\pdl\middleware\ble\lib\cy_ble_stack_gcc_controller_ipc_cm0p.a(ll.o)
                              Generated_Source\PSoC6\pdl\middleware\ble\lib\cy_ble_stack_gcc_controller_ipc_cm0p.a(CyBleControllerIP_Interface.o) (ll_self_device_data)
Generated_Source\PSoC6\pdl\middleware\ble\lib\cy_ble_stack_gcc_controller_ipc_cm0p.a(ll_advertiser.o)
                              Generated_Source\PSoC6\pdl\middleware\ble\lib\cy_ble_stack_gcc_controller_ipc_cm0p.a(ll.o) (ll_adv_is_configured_connection_adv)
Generated_Source\PSoC6\pdl\middleware\ble\lib\cy_ble_stack_gcc_controller_ipc_cm0p.a(ll_connection.o)
                              Generated_Source\PSoC6\pdl\middleware\ble\lib\cy_ble_stack_gcc_controller_ipc_cm0p.a(ll.o) (bleSlDsmFix)
Generated_Source\PSoC6\pdl\middleware\ble\lib\cy_ble_stack_gcc_controller_ipc_cm0p.a(llh_api.o)
[...]
Memory Configuration

Name             Origin             Length             Attributes
ram              0x08000000         0x00024000         xrw
flash            0x10000000         0x00080000         xr
em_eeprom        0x14000000         0x00008000         xr
sflash_user_data 0x16000800         0x00000800         xr
sflash_nar       0x16001a00         0x00000200         xr
sflash_public_key 0x16005a00         0x00000c00         xr
sflash_toc_2     0x16007c00         0x00000200         xr
sflash_rtoc_2    0x16007e00         0x00000200         xr
xip              0x18000000         0x08000000         xr
efuse            0x90700000         0x00100000         r
*default*        0x00000000         0xffffffff

Linker script and memory map

LOAD c:/program files/cypress/psoc creator/4.3/psoc creator/import/gnu/arm/5.4.1/bin/../lib/gcc/arm-none-eabi/5.4.1/armv6-m/crti.o
LOAD c:/program files/cypress/psoc creator/4.3/psoc creator/import/gnu/arm/5.4.1/bin/../lib/gcc/arm-none-eabi/5.4.1/armv6-m/crtbegin.o
LOAD c:/program files/cypress/psoc creator/4.3/psoc creator/import/gnu/arm/5.4.1/bin/../lib/gcc/arm-none-eabi/5.4.1/../../../../arm-none-eabi/lib/armv6-m/crt0.o
START GROUP
LOAD Generated_Source\PSoC6\pdl\middleware\ble\lib\cy_ble_stack_gcc_radio_max_cm0p.a
LOAD Generated_Source\PSoC6\pdl\middleware\ble\lib\cy_ble_stack_gcc_controller_ipc_cm0p.a
LOAD .\CortexM0p\ARM_GCC_541\Debug\startup_psoc6_01_cm0plus.o
LOAD .\CortexM0p\ARM_GCC_541\Debug\main_cm0p.o
LOAD .\CortexM0p\ARM_GCC_541\Debug\system_psoc6_cm0plus.o
LOAD .\CortexM0p\ARM_GCC_541\Debug\cyfitter_sysint_cfg.o
LOAD .\CortexM0p\ARM_GCC_541\Debug\cyfitter_cfg.o
LOAD .\CortexM0p\ARM_GCC_541\Debug\cymetadata.o
LOAD .\CortexM0p\ARM_GCC_541\Debug\BLE.o
LOAD .\CortexM0p\ARM_GCC_541\Debug\BLE_config.o
LOAD .\CortexM0p\ARM_GCC_541\Debug\BLE_ias_config.o
LOAD .\CortexM0p\ARM_GCC_541\Debug\UART.o
LOAD .\CortexM0p\ARM_GCC_541\Debug\cy_efuse.o
LOAD .\CortexM0p\ARM_GCC_541\Debug\cy_flash.o
LOAD .\CortexM0p\ARM_GCC_541\Debug\cy_gpio.o
LOAD .\CortexM0p\ARM_GCC_541\Debug\cy_ipc_drv.o
LOAD .\CortexM0p\ARM_GCC_541\Debug\cy_ipc_sema.o
LOAD .\CortexM0p\ARM_GCC_541\Debug\cy_ipc_pipe.o
LOAD .\CortexM0p\ARM_GCC_541\Debug\cy_lvd.o
LOAD .\CortexM0p\ARM_GCC_541\Debug\cy_profile.o
LOAD .\CortexM0p\ARM_GCC_541\Debug\cy_prot.o
LOAD .\CortexM0p\ARM_GCC_541\Debug\cy_scb_common.o
LOAD .\CortexM0p\ARM_GCC_541\Debug\cy_scb_i2c.o
LOAD .\CortexM0p\ARM_GCC_541\Debug\cy_scb_ezi2c.o
LOAD .\CortexM0p\ARM_GCC_541\Debug\cy_scb_spi.o
LOAD .\CortexM0p\ARM_GCC_541\Debug\cy_scb_uart.o
LOAD .\CortexM0p\ARM_GCC_541\Debug\cy_sysanalog.o
LOAD .\CortexM0p\ARM_GCC_541\Debug\cy_sysclk.o
LOAD .\CortexM0p\ARM_GCC_541\Debug\cy_sysint.o
LOAD .\CortexM0p\ARM_GCC_541\Debug\cy_syslib.o
LOAD .\CortexM0p\ARM_GCC_541\Debug\cy_syslib_gcc.o
LOAD .\CortexM0p\ARM_GCC_541\Debug\cy_syspm.o
LOAD .\CortexM0p\ARM_GCC_541\Debug\cy_systick.o
LOAD .\CortexM0p\ARM_GCC_541\Debug\cy_trigmux.o
LOAD .\CortexM0p\ARM_GCC_541\Debug\cy_wdt.o
LOAD .\CortexM0p\ARM_GCC_541\Debug\cy_device.o
LOAD .\CortexM0p\ARM_GCC_541\Debug\cy_ble.o
LOAD .\CortexM0p\ARM_GCC_541\Debug\cy_ble_hal_int.o
LOAD .\CortexM0p\ARM_GCC_541\Debug\cy_ble_hal_pvt.o
LOAD .\CortexM0p\ARM_GCC_541\Debug\cy_ble_gap.o
LOAD .\CortexM0p\ARM_GCC_541\Debug\cy_ble_gatt.o
LOAD .\CortexM0p\ARM_GCC_541\Debug\cy_ble_event_handler.o
LOAD .\CortexM0p\ARM_GCC_541\Debug\cy_ble_ancs.o
LOAD .\CortexM0p\ARM_GCC_541\Debug\cy_ble_ans.o
LOAD .\CortexM0p\ARM_GCC_541\Debug\cy_ble_aios.o
LOAD .\CortexM0p\ARM_GCC_541\Debug\cy_ble_bas.o
LOAD .\CortexM0p\ARM_GCC_541\Debug\cy_ble_bcs.o
LOAD .\CortexM0p\ARM_GCC_541\Debug\cy_ble_bls.o
LOAD .\CortexM0p\ARM_GCC_541\Debug\cy_ble_bms.o
LOAD .\CortexM0p\ARM_GCC_541\Debug\cy_ble_bts.o
LOAD .\CortexM0p\ARM_GCC_541\Debug\cy_ble_cgms.o
LOAD .\CortexM0p\ARM_GCC_541\Debug\cy_ble_cps.o
LOAD .\CortexM0p\ARM_GCC_541\Debug\cy_ble_cscs.o
LOAD .\CortexM0p\ARM_GCC_541\Debug\cy_ble_cts.o
LOAD .\CortexM0p\ARM_GCC_541\Debug\cy_ble_custom.o
LOAD .\CortexM0p\ARM_GCC_541\Debug\cy_ble_dis.o
LOAD .\CortexM0p\ARM_GCC_541\Debug\cy_ble_ess.o
LOAD .\CortexM0p\ARM_GCC_541\Debug\cy_ble_gls.o
LOAD .\CortexM0p\ARM_GCC_541\Debug\cy_ble_hids.o
LOAD .\CortexM0p\ARM_GCC_541\Debug\cy_ble_hps.o
LOAD .\CortexM0p\ARM_GCC_541\Debug\cy_ble_hrs.o
LOAD .\CortexM0p\ARM_GCC_541\Debug\cy_ble_hts.o
LOAD .\CortexM0p\ARM_GCC_541\Debug\cy_ble_ias.o
LOAD .\CortexM0p\ARM_GCC_541\Debug\cy_ble_ips.o
LOAD .\CortexM0p\ARM_GCC_541\Debug\cy_ble_lls.o
LOAD .\CortexM0p\ARM_GCC_541\Debug\cy_ble_lns.o
LOAD .\CortexM0p\ARM_GCC_541\Debug\cy_ble_ndcs.o
LOAD .\CortexM0p\ARM_GCC_541\Debug\cy_ble_plxs.o
LOAD .\CortexM0p\ARM_GCC_541\Debug\cy_ble_pass.o
LOAD .\CortexM0p\ARM_GCC_541\Debug\cy_ble_rscs.o
LOAD .\CortexM0p\ARM_GCC_541\Debug\cy_ble_rtus.o
LOAD .\CortexM0p\ARM_GCC_541\Debug\cy_ble_scps.o
LOAD .\CortexM0p\ARM_GCC_541\Debug\cy_ble_tps.o
LOAD .\CortexM0p\ARM_GCC_541\Debug\cy_ble_uds.o
LOAD .\CortexM0p\ARM_GCC_541\Debug\cy_ble_wpts.o
LOAD .\CortexM0p\ARM_GCC_541\Debug\cy_ble_wss.o
LOAD .\CortexM0p\ARM_GCC_541\Debug\cy_ble_clk.o
END GROUP
START GROUP
LOAD c:/program files/cypress/psoc creator/4.3/psoc creator/import/gnu/arm/5.4.1/bin/../lib/gcc/arm-none-eabi/5.4.1/armv6-m\libgcc.a
LOAD c:/program files/cypress/psoc creator/4.3/psoc creator/import/gnu/arm/5.4.1/bin/../lib/gcc/arm-none-eabi/5.4.1/../../../../arm-none-eabi/lib/armv6-m\libg_nano.a
LOAD c:/program files/cypress/psoc creator/4.3/psoc creator/import/gnu/arm/5.4.1/bin/../lib/gcc/arm-none-eabi/5.4.1/../../../../arm-none-eabi/lib/armv6-m\libc_nano.a
END GROUP
START GROUP
LOAD c:/program files/cypress/psoc creator/4.3/psoc creator/import/gnu/arm/5.4.1/bin/../lib/gcc/arm-none-eabi/5.4.1/armv6-m\libgcc.a
LOAD c:/program files/cypress/psoc creator/4.3/psoc creator/import/gnu/arm/5.4.1/bin/../lib/gcc/arm-none-eabi/5.4.1/../../../../arm-none-eabi/lib/armv6-m\libc_nano.a
END GROUP
LOAD c:/program files/cypress/psoc creator/4.3/psoc creator/import/gnu/arm/5.4.1/bin/../lib/gcc/arm-none-eabi/5.4.1/armv6-m/crtend.o
LOAD c:/program files/cypress/psoc creator/4.3/psoc creator/import/gnu/arm/5.4.1/bin/../lib/gcc/arm-none-eabi/5.4.1/armv6-m/crtn.o
START GROUP
LOAD c:/program files/cypress/psoc creator/4.3/psoc creator/import/gnu/arm/5.4.1/bin/../lib/gcc/arm-none-eabi/5.4.1/armv6-m\libgcc.a
LOAD c:/program files/cypress/psoc creator/4.3/psoc creator/import/gnu/arm/5.4.1/bin/../lib/gcc/arm-none-eabi/5.4.1/../../../../arm-none-eabi/lib/armv6-m\libc.a
LOAD c:/program files/cypress/psoc creator/4.3/psoc creator/import/gnu/arm/5.4.1/bin/../lib/gcc/arm-none-eabi/5.4.1/../../../../arm-none-eabi/lib/armv6-m\libnosys.a
END GROUP
START GROUP
LOAD c:/program files/cypress/psoc creator/4.3/psoc creator/import/gnu/arm/5.4.1/bin/../lib/gcc/arm-none-eabi/5.4.1/armv6-m\libgcc.a
LOAD c:/program files/cypress/psoc creator/4.3/psoc creator/import/gnu/arm/5.4.1/bin/../lib/gcc/arm-none-eabi/5.4.1/../../../../arm-none-eabi/lib/armv6-m\libc.a
LOAD c:/program files/cypress/psoc creator/4.3/psoc creator/import/gnu/arm/5.4.1/bin/../lib/gcc/arm-none-eabi/5.4.1/../../../../arm-none-eabi/lib/armv6-m\libm.a
LOAD c:/program files/cypress/psoc creator/4.3/psoc creator/import/gnu/arm/5.4.1/bin/../lib/gcc/arm-none-eabi/5.4.1/../../../../arm-none-eabi/lib/armv6-m\libnosys.a
END GROUP

.cy_app_header
 *(.cy_app_header)

.text           0x10000000     0x6400
                0x10000000                . = ALIGN (0x4)
                0x10000000                __Vectors = .
 *(.vectors)
 .vectors       0x10000000       0xc0 .\CortexM0p\ARM_GCC_541\Debug\startup_psoc6_01_cm0plus.o
                0x100000c0                . = ALIGN (0x4)
                0x100000c0                __Vectors_End = .
                0x000000c0                __Vectors_Size = (__Vectors_End - __Vectors)
                0x100000c0                __end__ = .
                0x100000c0                . = ALIGN (0x4)
 *(.text*)
 .text          0x100000c0       0x60 c:/program files/cypress/psoc creator/4.3/psoc creator/import/gnu/arm/5.4.1/bin/../lib/gcc/arm-none-eabi/5.4.1/armv6-m/crtbegin.o
 .text          0x10000120       0x80 .\CortexM0p\ARM_GCC_541\Debug\startup_psoc6_01_cm0plus.o
                0x10000120                Cy_OnResetUser
                0x10000122                Reset_Handler
                0x10000180                NvicMux10_IRQHandler
                0x10000180                NvicMux26_IRQHandler
                0x10000180                SysTick_Handler
                0x10000180                NvicMux21_IRQHandler
                0x10000180                NMI_Handler
                0x10000180                NvicMux19_IRQHandler
                0x10000180                NvicMux8_IRQHandler
                0x10000180                NvicMux27_IRQHandler
                0x10000180                PendSV_Handler
                0x10000180                NvicMux17_IRQHandler
                0x10000180                NvicMux0_IRQHandler
                0x10000180                NvicMux25_IRQHandler
                0x10000180                NvicMux13_IRQHandler
                0x10000180                NvicMux11_IRQHandler
                0x10000180                NvicMux9_IRQHandler
                0x10000180                NvicMux18_IRQHandler
                0x10000180                NvicMux6_IRQHandler
                0x10000180                NvicMux22_IRQHandler
                0x10000180                NvicMux7_IRQHandler
                0x10000180                NvicMux2_IRQHandler
                0x10000180                NvicMux4_IRQHandler
                0x10000180                Default_Handler
                0x10000180                NvicMux30_IRQHandler
                0x10000180                NvicMux12_IRQHandler
                0x10000180                NvicMux5_IRQHandler
                0x10000180                NvicMux14_IRQHandler
                0x10000180                NvicMux3_IRQHandler
                0x10000180                SVC_Handler
                0x10000180                NvicMux1_IRQHandler
                0x10000180                NvicMux16_IRQHandler
                0x10000180                NvicMux29_IRQHandler
                0x10000180                NvicMux31_IRQHandler
                0x10000180                NvicMux24_IRQHandler
                0x10000180                NvicMux20_IRQHandler
                0x10000180                NvicMux15_IRQHandler
                0x10000180                NvicMux28_IRQHandler
                0x10000180                NvicMux23_IRQHandler
                0x10000184                HardFault_Handler
 .text.main     0x100001a0       0x40 .\CortexM0p\ARM_GCC_541\Debug\main_cm0p.o
                0x100001a0                main
 .text.Cy_SysIpcPipeIsrCm0
                0x100001e0        0xc .\CortexM0p\ARM_GCC_541\Debug\system_psoc6_cm0plus.o
                0x100001e0                Cy_SysIpcPipeIsrCm0
 .text.SystemCoreClockUpdate
                0x100001ec      0x1b0 .\CortexM0p\ARM_GCC_541\Debug\system_psoc6_cm0plus.o
                0x100001ec                SystemCoreClockUpdate
 .text.SystemInit
                0x1000039c       0xc8 .\CortexM0p\ARM_GCC_541\Debug\system_psoc6_cm0plus.o
                0x1000039c                SystemInit
 .text.Cy_SysGetCM4Status
                0x10000464       0x10 .\CortexM0p\ARM_GCC_541\Debug\system_psoc6_cm0plus.o
                0x10000464                Cy_SysGetCM4Status
 .text.Cy_SysResetCM4
                0x10000474       0x34 .\CortexM0p\ARM_GCC_541\Debug\system_psoc6_cm0plus.o
                0x10000474                Cy_SysResetCM4
 .text.Cy_SysEnableCM4
                0x100004a8       0x5c .\CortexM0p\ARM_GCC_541\Debug\system_psoc6_cm0plus.o
                0x100004a8                Cy_SysEnableCM4
 .text.CyClockStartupError
                0x10000504        0x4 .\CortexM0p\ARM_GCC_541\Debug\cyfitter_cfg.o
 .text.ClockInit
                0x10000508      0x220 .\CortexM0p\ARM_GCC_541\Debug\cyfitter_cfg.o
 .text.Cy_SystemInit
                0x10000728       0xd0 .\CortexM0p\ARM_GCC_541\Debug\cyfitter_cfg.o
                0x10000728                Cy_SystemInit
 .text.Cy_BLE_Start
                0x100007f8       0x2c .\CortexM0p\ARM_GCC_541\Debug\BLE.o
                0x100007f8                Cy_BLE_Start
 .text.UART_Start
                0x10000824       0x38 .\CortexM0p\ARM_GCC_541\Debug\UART.o
                0x10000824                UART_Start
 .text.Cy_Flash_BoundsCheck
                0x1000085c        0xc .\CortexM0p\ARM_GCC_541\Debug\cy_flash.o
 .text.Cy_Flash_ProcessOpcode
                0x10000868       0xbc .\CortexM0p\ARM_GCC_541\Debug\cy_flash.o
 .text.Cy_Flash_OperationStatus
                0x10000924       0x5c .\CortexM0p\ARM_GCC_541\Debug\cy_flash.o
 .text.Cy_Flash_InitExt
                0x10000980       0x44 .\CortexM0p\ARM_GCC_541\Debug\cy_flash.o
                0x10000980                Cy_Flash_InitExt
 .text.Cy_Flash_Init
                0x100009c4       0x10 .\CortexM0p\ARM_GCC_541\Debug\cy_flash.o
                0x100009c4                Cy_Flash_Init
 .text.Cy_Flash_WriteRow
                0x100009d4       0xa0 .\CortexM0p\ARM_GCC_541\Debug\cy_flash.o
                0x100009d4                Cy_Flash_WriteRow
 .text.Cy_Flash_IsOperationComplete
                0x10000a74        0x8 .\CortexM0p\ARM_GCC_541\Debug\cy_flash.o
                0x10000a74                Cy_Flash_IsOperationComplete
 .text.Cy_Flash_StartErase
                0x10000a7c       0xac .\CortexM0p\ARM_GCC_541\Debug\cy_flash.o
                0x10000a7c                Cy_Flash_StartErase
 .text.Cy_Flash_StartProgram
                0x10000b28       0xb4 .\CortexM0p\ARM_GCC_541\Debug\cy_flash.o
                0x10000b28                Cy_Flash_StartProgram
 .text.Cy_GPIO_Port_Init
                0x10000bdc       0xdc .\CortexM0p\ARM_GCC_541\Debug\cy_gpio.o
                0x10000bdc                Cy_GPIO_Port_Init
 .text.Cy_IPC_Drv_LockRelease
                0x10000cb8       0x40 .\CortexM0p\ARM_GCC_541\Debug\cy_ipc_drv.o
                0x10000cb8                Cy_IPC_Drv_LockRelease
 .text.Cy_IPC_Drv_SendMsgWord
                0x10000cf8       0x40 .\CortexM0p\ARM_GCC_541\Debug\cy_ipc_drv.o
                0x10000cf8                Cy_IPC_Drv_SendMsgWord
 .text.Cy_IPC_Drv_ReadMsgWord
                0x10000d38       0x38 .\CortexM0p\ARM_GCC_541\Debug\cy_ipc_drv.o
                0x10000d38                Cy_IPC_Drv_ReadMsgWord
 .text.Cy_IPC_Sema_InitExt
                0x10000d70       0xac .\CortexM0p\ARM_GCC_541\Debug\cy_ipc_sema.o
                0x10000d70                Cy_IPC_Sema_InitExt
 .text.Cy_IPC_Sema_Init
                0x10000e1c       0x68 .\CortexM0p\ARM_GCC_541\Debug\cy_ipc_sema.o
                0x10000e1c                Cy_IPC_Sema_Init
 .text.Cy_IPC_Sema_Set
                0x10000e84       0x8c .\CortexM0p\ARM_GCC_541\Debug\cy_ipc_sema.o
                0x10000e84                Cy_IPC_Sema_Set
 .text.Cy_IPC_Sema_Clear
                0x10000f10       0x8c .\CortexM0p\ARM_GCC_541\Debug\cy_ipc_sema.o
                0x10000f10                Cy_IPC_Sema_Clear
 .text.Cy_IPC_Sema_Status
                0x10000f9c       0x3c .\CortexM0p\ARM_GCC_541\Debug\cy_ipc_sema.o
                0x10000f9c                Cy_IPC_Sema_Status
 .text.Cy_IPC_Pipe_Config
                0x10000fd8       0x14 .\CortexM0p\ARM_GCC_541\Debug\cy_ipc_pipe.o
                0x10000fd8                Cy_IPC_Pipe_Config
 .text.Cy_IPC_Pipe_EndpointInit
                0x10000fec       0xd8 .\CortexM0p\ARM_GCC_541\Debug\cy_ipc_pipe.o
                0x10000fec                Cy_IPC_Pipe_EndpointInit
 .text.Cy_IPC_Pipe_Init
                0x100010c4       0xbc .\CortexM0p\ARM_GCC_541\Debug\cy_ipc_pipe.o
                0x100010c4                Cy_IPC_Pipe_Init
 .text.Cy_IPC_Pipe_SendMessage
                0x10001180       0xb8 .\CortexM0p\ARM_GCC_541\Debug\cy_ipc_pipe.o
                0x10001180                Cy_IPC_Pipe_SendMessage
 .text.Cy_IPC_Pipe_RegisterCallback
                0x10001238       0x54 .\CortexM0p\ARM_GCC_541\Debug\cy_ipc_pipe.o
                0x10001238                Cy_IPC_Pipe_RegisterCallback
 .text.Cy_IPC_Pipe_RegisterCallbackRel
                0x1000128c       0x30 .\CortexM0p\ARM_GCC_541\Debug\cy_ipc_pipe.o
                0x1000128c                Cy_IPC_Pipe_RegisterCallbackRel
 .text.Cy_IPC_Pipe_ExecCallback
                0x100012bc       0xd0 .\CortexM0p\ARM_GCC_541\Debug\cy_ipc_pipe.o
                0x100012bc                Cy_IPC_Pipe_ExecCallback
 .text.Cy_IPC_Pipe_ExecuteCallback
                0x1000138c       0x30 .\CortexM0p\ARM_GCC_541\Debug\cy_ipc_pipe.o
                0x1000138c                Cy_IPC_Pipe_ExecuteCallback
 .text.Cy_IPC_Pipe_EndpointPause
                0x100013bc       0x50 .\CortexM0p\ARM_GCC_541\Debug\cy_ipc_pipe.o
                0x100013bc                Cy_IPC_Pipe_EndpointPause
 .text.Cy_IPC_Pipe_EndpointResume
                0x1000140c       0x48 .\CortexM0p\ARM_GCC_541\Debug\cy_ipc_pipe.o
                0x1000140c                Cy_IPC_Pipe_EndpointResume
 .text.Cy_Prot_GetActivePC
                0x10001454       0x34 .\CortexM0p\ARM_GCC_541\Debug\cy_prot.o
                0x10001454                Cy_Prot_GetActivePC
 .text.Cy_SCB_UART_Init
                0x10001488      0x3b0 .\CortexM0p\ARM_GCC_541\Debug\cy_scb_uart.o
                0x10001488                Cy_SCB_UART_Init
 .text.Cy_SysClk_ClkPathSetSource
                0x10001838       0x5c .\CortexM0p\ARM_GCC_541\Debug\cy_sysclk.o
                0x10001838                Cy_SysClk_ClkPathSetSource
 .text.Cy_SysClk_ClkPathGetSource
                0x10001894       0x4c .\CortexM0p\ARM_GCC_541\Debug\cy_sysclk.o
                0x10001894                Cy_SysClk_ClkPathGetSource
 .text.Cy_SysClk_FllManualConfigure
                0x100018e0      0x174 .\CortexM0p\ARM_GCC_541\Debug\cy_sysclk.o
                0x100018e0                Cy_SysClk_FllManualConfigure
 .text.Cy_SysClk_FllEnable
                0x10001a54       0xdc .\CortexM0p\ARM_GCC_541\Debug\cy_sysclk.o
                0x10001a54                Cy_SysClk_FllEnable
 .text.Cy_SysClk_StartClkMeasurementCounters
                0x10001b30      0x19c .\CortexM0p\ARM_GCC_541\Debug\cy_sysclk.o
                0x10001b30                Cy_SysClk_StartClkMeasurementCounters
 .text.Cy_SysClk_ClkMeasurementCountersGetFreq
                0x10001ccc       0xbc .\CortexM0p\ARM_GCC_541\Debug\cy_sysclk.o
                0x10001ccc                Cy_SysClk_ClkMeasurementCountersGetFreq
 .text.Cy_SysInt_SetInterruptSource
                0x10001d88       0x78 .\CortexM0p\ARM_GCC_541\Debug\cy_sysint.o
                0x10001d88                Cy_SysInt_SetInterruptSource
 .text.Cy_SysInt_SetVector
                0x10001e00       0x44 .\CortexM0p\ARM_GCC_541\Debug\cy_sysint.o
                0x10001e00                Cy_SysInt_SetVector
 .text.Cy_SysInt_Init
                0x10001e44       0xc4 .\CortexM0p\ARM_GCC_541\Debug\cy_sysint.o
                0x10001e44                Cy_SysInt_Init
 .text.Cy_SysLib_Delay
                0x10001f08       0x34 .\CortexM0p\ARM_GCC_541\Debug\cy_syslib.o
                0x10001f08                Cy_SysLib_Delay
 .text.Cy_SysLib_DelayUs
                0x10001f3c       0x14 .\CortexM0p\ARM_GCC_541\Debug\cy_syslib.o
                0x10001f3c                Cy_SysLib_DelayUs
 .text.Cy_SysLib_Halt
                0x10001f50        0x4 .\CortexM0p\ARM_GCC_541\Debug\cy_syslib.o
                0x10001f50                Cy_SysLib_Halt
 .text.Cy_SysLib_AssertFailed
                0x10001f54       0x1c .\CortexM0p\ARM_GCC_541\Debug\cy_syslib.o
                0x10001f54                Cy_SysLib_AssertFailed
 .text.Cy_SysLib_ClearFlashCacheAndBuffer
                0x10001f70       0x10 .\CortexM0p\ARM_GCC_541\Debug\cy_syslib.o
                0x10001f70                Cy_SysLib_ClearFlashCacheAndBuffer
 .text.Cy_SysLib_ResetBackupDomain
                0x10001f80       0x20 .\CortexM0p\ARM_GCC_541\Debug\cy_syslib.o
                0x10001f80                Cy_SysLib_ResetBackupDomain
 .text.Cy_SysLib_GetResetReason
                0x10001fa0       0x1c .\CortexM0p\ARM_GCC_541\Debug\cy_syslib.o
                0x10001fa0                Cy_SysLib_GetResetReason
 .text.Cy_SysLib_ProcessingFault
                0x10001fbc        0x4 .\CortexM0p\ARM_GCC_541\Debug\cy_syslib.o
                0x10001fbc                Cy_SysLib_ProcessingFault
 .text.Cy_SysLib_FaultHandler
                0x10001fc0       0x30 .\CortexM0p\ARM_GCC_541\Debug\cy_syslib.o
                0x10001fc0                Cy_SysLib_FaultHandler
 .text.Cy_SysLib_SetWaitStates
                0x10001ff0       0xe0 .\CortexM0p\ARM_GCC_541\Debug\cy_syslib.o
                0x10001ff0                Cy_SysLib_SetWaitStates
 .text          0x100020d0       0x20 .\CortexM0p\ARM_GCC_541\Debug\cy_syslib_gcc.o
                0x100020d0                Cy_SysLib_DelayCycles
                0x100020e2                Cy_SysLib_EnterCriticalSection
                0x100020ea                Cy_SysLib_ExitCriticalSection
 .text.SetReadMarginTrimUlp
                0x100020f0       0x98 .\CortexM0p\ARM_GCC_541\Debug\cy_syspm.o
 .text.SetReadMarginTrimLp
                0x10002188       0x90 .\CortexM0p\ARM_GCC_541\Debug\cy_syspm.o
 .text.SetWriteAssistTrimUlp
                0x10002218       0x74 .\CortexM0p\ARM_GCC_541\Debug\cy_syspm.o
 .text.SetWriteAssistTrimLp
                0x1000228c       0x84 .\CortexM0p\ARM_GCC_541\Debug\cy_syspm.o
 .text.IsVoltageChangePossible
                0x10002310       0x58 .\CortexM0p\ARM_GCC_541\Debug\cy_syspm.o
 .text.Cy_SysPm_BuckIsOutputEnabled
                0x10002368       0x5c .\CortexM0p\ARM_GCC_541\Debug\cy_syspm.o
                0x10002368                Cy_SysPm_BuckIsOutputEnabled
 .text.Cy_SysPm_BuckSetVoltage2
                0x100023c4       0x6c .\CortexM0p\ARM_GCC_541\Debug\cy_syspm.o
                0x100023c4                Cy_SysPm_BuckSetVoltage2
 .text.Cy_SysPm_RegisterCallback
                0x10002430       0x5c .\CortexM0p\ARM_GCC_541\Debug\cy_syspm.o
                0x10002430                Cy_SysPm_RegisterCallback
 .text.Cy_SysPm_ExecuteCallback
                0x1000248c       0xd4 .\CortexM0p\ARM_GCC_541\Debug\cy_syspm.o
                0x1000248c                Cy_SysPm_ExecuteCallback
 .text.Cy_SysPm_CpuEnterSleep
                0x10002560       0x8c .\CortexM0p\ARM_GCC_541\Debug\cy_syspm.o
                0x10002560                Cy_SysPm_CpuEnterSleep
 .text.Cy_SysPm_IoUnfreeze
                0x100025ec       0x2c .\CortexM0p\ARM_GCC_541\Debug\cy_syspm.o
                0x100025ec                Cy_SysPm_IoUnfreeze
 .text.Cy_SysPm_WriteVoltageBitForFlash
                0x10002618      0x12c .\CortexM0p\ARM_GCC_541\Debug\cy_syspm.o
                0x10002618                Cy_SysPm_WriteVoltageBitForFlash
 .text.Cy_SysPm_BuckSetVoltage1
                0x10002744       0xa0 .\CortexM0p\ARM_GCC_541\Debug\cy_syspm.o
                0x10002744                Cy_SysPm_BuckSetVoltage1
 .text.Cy_SysPm_LdoSetVoltage
                0x100027e4       0xd0 .\CortexM0p\ARM_GCC_541\Debug\cy_syspm.o
                0x100027e4                Cy_SysPm_LdoSetVoltage
 .text.Cy_SysTick_SetClockSource
                0x100028b4       0x3c .\CortexM0p\ARM_GCC_541\Debug\cy_systick.o
                0x100028b4                Cy_SysTick_SetClockSource
 .text.Cy_WDT_Unlock
                0x100028f0       0x24 .\CortexM0p\ARM_GCC_541\Debug\cy_wdt.o
                0x100028f0                Cy_WDT_Unlock
 .text.Cy_PDL_Init
                0x10002914        0xc .\CortexM0p\ARM_GCC_541\Debug\cy_device.o
                0x10002914                Cy_PDL_Init
 .text.Cy_BLE_DeepSleepCallback
                0x10002920       0xb4 .\CortexM0p\ARM_GCC_541\Debug\cy_ble.o
                0x10002920                Cy_BLE_DeepSleepCallback
 .text.Cy_BLE_Init
                0x100029d4       0x18 .\CortexM0p\ARM_GCC_541\Debug\cy_ble.o
                0x100029d4                Cy_BLE_Init
 .text.Cy_BLE_Enable
                0x100029ec       0x80 .\CortexM0p\ARM_GCC_541\Debug\cy_ble.o
                0x100029ec                Cy_BLE_Enable
 .text.Cy_BLE_ConfigureExtPA
                0x10002a6c       0x10 .\CortexM0p\ARM_GCC_541\Debug\cy_ble.o
                0x10002a6c                Cy_BLE_ConfigureExtPA
 .text.Cy_BLE_BlessInterrupt
                0x10002a7c        0x8 .\CortexM0p\ARM_GCC_541\Debug\cy_ble_hal_int.o
                0x10002a7c                Cy_BLE_BlessInterrupt
 .text.Cy_BLE_IPC_CtrlMsgFlushRecvCallBack
                0x10002a84       0x10 .\CortexM0p\ARM_GCC_541\Debug\cy_ble_hal_pvt.o
 .text.Cy_BLE_HAL_RadioCalibrationRead
                0x10002a94       0x2c .\CortexM0p\ARM_GCC_541\Debug\cy_ble_hal_pvt.o
                0x10002a94                Cy_BLE_HAL_RadioCalibrationRead
 .text.Cy_BLE_HAL_NvramWrite
                0x10002ac0      0x324 .\CortexM0p\ARM_GCC_541\Debug\cy_ble_hal_pvt.o
                0x10002ac0                Cy_BLE_HAL_NvramWrite
 .text.Cy_BLE_HAL_RadioCalibrationWrite
                0x10002de4       0x2c .\CortexM0p\ARM_GCC_541\Debug\cy_ble_hal_pvt.o
                0x10002de4                Cy_BLE_HAL_RadioCalibrationWrite
 .text.Cy_BLE_HAL_GetIcPackageType
                0x10002e10        0x4 .\CortexM0p\ARM_GCC_541\Debug\cy_ble_hal_pvt.o
                0x10002e10                Cy_BLE_HAL_GetIcPackageType
 .text.Cy_BLE_HAL_RadioGetAbsVbat
                0x10002e14       0x20 .\CortexM0p\ARM_GCC_541\Debug\cy_ble_hal_pvt.o
                0x10002e14                Cy_BLE_HAL_RadioGetAbsVbat
 .text.Cy_BLE_HAL_RadioGetAbsTemp
                0x10002e34       0x24 .\CortexM0p\ARM_GCC_541\Debug\cy_ble_hal_pvt.o
                0x10002e34                Cy_BLE_HAL_RadioGetAbsTemp
 .text.Cy_BLE_HAL_IsDefinedTx5dbm
                0x10002e58        0x4 .\CortexM0p\ARM_GCC_541\Debug\cy_ble_hal_pvt.o
                0x10002e58                Cy_BLE_HAL_IsDefinedTx5dbm
 .text.Cy_BLE_HAL_DelayUs
                0x10002e5c        0x8 .\CortexM0p\ARM_GCC_541\Debug\cy_ble_hal_pvt.o
                0x10002e5c                Cy_BLE_HAL_DelayUs
 .text.Cy_BLE_HAL_EnableBlessInterrupt
                0x10002e64       0x24 .\CortexM0p\ARM_GCC_541\Debug\cy_ble_hal_pvt.o
                0x10002e64                Cy_BLE_HAL_EnableBlessInterrupt
 .text.Cy_BLE_HAL_DisableBlessInterrupt
                0x10002e88       0x30 .\CortexM0p\ARM_GCC_541\Debug\cy_ble_hal_pvt.o
                0x10002e88                Cy_BLE_HAL_DisableBlessInterrupt
 .text.Cy_BLE_HAL_LfClkGetSource
                0x10002eb8       0x14 .\CortexM0p\ARM_GCC_541\Debug\cy_ble_hal_pvt.o
                0x10002eb8                Cy_BLE_HAL_LfClkGetSource
 .text.Cy_BLE_HAL_ClkMeasurementCountersDone
                0x10002ecc       0x14 .\CortexM0p\ARM_GCC_541\Debug\cy_ble_hal_pvt.o
                0x10002ecc                Cy_BLE_HAL_ClkMeasurementCountersDone
 .text.Cy_BLE_HAL_ClkMeasurementCountersGetFreq
                0x10002ee0        0x8 .\CortexM0p\ARM_GCC_541\Debug\cy_ble_hal_pvt.o
                0x10002ee0                Cy_BLE_HAL_ClkMeasurementCountersGetFreq
 .text.Cy_BLE_HAL_StartClkMeasurementCounters
                0x10002ee8       0x2c .\CortexM0p\ARM_GCC_541\Debug\cy_ble_hal_pvt.o
                0x10002ee8                Cy_BLE_HAL_StartClkMeasurementCounters
 .text.Cy_BLE_HAL_TryPiloTrim
                0x10002f14       0x78 .\CortexM0p\ARM_GCC_541\Debug\cy_ble_hal_pvt.o
                0x10002f14                Cy_BLE_HAL_TryPiloTrim
 .text.Cy_BLE_HAL_PiloTrim
                0x10002f8c       0x14 .\CortexM0p\ARM_GCC_541\Debug\cy_ble_hal_pvt.o
                0x10002f8c                Cy_BLE_HAL_PiloTrim
 .text.Cy_BLE_HAL_BlessStart
                0x10002fa0       0x40 .\CortexM0p\ARM_GCC_541\Debug\cy_ble_hal_pvt.o
                0x10002fa0                Cy_BLE_HAL_BlessStart
 .text.Cy_BLE_HAL_GetIpBlockVersion
                0x10002fe0        0x4 .\CortexM0p\ARM_GCC_541\Debug\cy_ble_hal_pvt.o
                0x10002fe0                Cy_BLE_HAL_GetIpBlockVersion
 .text.Cy_BLE_HAL_EnterCriticalSection
                0x10002fe4        0x8 .\CortexM0p\ARM_GCC_541\Debug\cy_ble_hal_pvt.o
                0x10002fe4                Cy_BLE_HAL_EnterCriticalSection
 .text.Cy_BLE_HAL_ExitCriticalSection
                0x10002fec        0x8 .\CortexM0p\ARM_GCC_541\Debug\cy_ble_hal_pvt.o
                0x10002fec                Cy_BLE_HAL_ExitCriticalSection
 .text.Cy_BLE_HAL_SysPmSleep
                0x10002ff4        0x8 .\CortexM0p\ARM_GCC_541\Debug\cy_ble_hal_pvt.o
                0x10002ff4                Cy_BLE_HAL_SysPmSleep
 .text.Cy_BLE_HAL_SimoBuckSetVoltage2
                0x10002ffc        0xc .\CortexM0p\ARM_GCC_541\Debug\cy_ble_hal_pvt.o
                0x10002ffc                Cy_BLE_HAL_SimoBuckSetVoltage2
 .text.Cy_BLE_HAL_EnableControllerIpcPipeInterrupt
                0x10003008        0xc .\CortexM0p\ARM_GCC_541\Debug\cy_ble_hal_pvt.o
                0x10003008                Cy_BLE_HAL_EnableControllerIpcPipeInterrupt
 .text.Cy_BLE_HAL_DisableControllerIpcPipeInterrupt
                0x10003014        0xc .\CortexM0p\ARM_GCC_541\Debug\cy_ble_hal_pvt.o
                0x10003014                Cy_BLE_HAL_DisableControllerIpcPipeInterrupt
 .text.Cy_BLE_IPC_ControllerRegisterClientCallbacks
                0x10003020       0x28 .\CortexM0p\ARM_GCC_541\Debug\cy_ble_hal_pvt.o
                0x10003020                Cy_BLE_IPC_ControllerRegisterClientCallbacks
 .text.Cy_BLE_IPC_SendMessageToHost
                0x10003048       0x20 .\CortexM0p\ARM_GCC_541\Debug\cy_ble_hal_pvt.o
                0x10003048                Cy_BLE_IPC_SendMessageToHost
 .text.Cy_BLE_HAL_RcbRegRead
                0x10003068       0x50 .\CortexM0p\ARM_GCC_541\Debug\cy_ble_clk.o
 .text.Cy_BLE_HAL_RcbRegWrite
                0x100030b8       0x4c .\CortexM0p\ARM_GCC_541\Debug\cy_ble_clk.o
 .text.Cy_BLE_HAL_MxdRadioEnableClocks
                0x10003104      0x21c .\CortexM0p\ARM_GCC_541\Debug\cy_ble_clk.o
 .text.Cy_BLE_HAL_EcoSetTrim
                0x10003320       0x38 .\CortexM0p\ARM_GCC_541\Debug\cy_ble_clk.o
 .text.Cy_BLE_EcoStop
                0x10003358       0x18 .\CortexM0p\ARM_GCC_541\Debug\cy_ble_clk.o
                0x10003358                Cy_BLE_EcoStop
 .text.Cy_BLE_HAL_Init
                0x10003370       0x68 .\CortexM0p\ARM_GCC_541\Debug\cy_ble_clk.o
                0x10003370                Cy_BLE_HAL_Init
 .text.Cy_BLE_EcoStart
                0x100033d8      0x254 .\CortexM0p\ARM_GCC_541\Debug\cy_ble_clk.o
                0x100033d8                Cy_BLE_EcoStart
 .text.Cy_BLE_HAL_EcoGetFrequency
                0x1000362c        0xc .\CortexM0p\ARM_GCC_541\Debug\cy_ble_clk.o
                0x1000362c                Cy_BLE_HAL_EcoGetFrequency
 .text.Cy_BLE_HAL_IsEcoCpuClockSrc
                0x10003638       0x20 .\CortexM0p\ARM_GCC_541\Debug\cy_ble_clk.o
                0x10003638                Cy_BLE_HAL_IsEcoCpuClockSrc
 .text.Cy_BLE_HAL_IsWcoLfclkSrc
                0x10003658       0x24 .\CortexM0p\ARM_GCC_541\Debug\cy_ble_clk.o
                0x10003658                Cy_BLE_HAL_IsWcoLfclkSrc
 .text          0x1000367c      0x114 c:/program files/cypress/psoc creator/4.3/psoc creator/import/gnu/arm/5.4.1/bin/../lib/gcc/arm-none-eabi/5.4.1/armv6-m\libgcc.a(_udivsi3.o)
                0x1000367c                __aeabi_uidiv
                0x1000367c                __udivsi3
                0x10003788                __aeabi_uidivmod
 .text          0x10003790      0x1d4 c:/program files/cypress/psoc creator/4.3/psoc creator/import/gnu/arm/5.4.1/bin/../lib/gcc/arm-none-eabi/5.4.1/armv6-m\libgcc.a(_divsi3.o)
                0x10003790                __divsi3
                0x10003790                __aeabi_idiv
                0x1000395c                __aeabi_idivmod
 .text          0x10003964        0x4 c:/program files/cypress/psoc creator/4.3/psoc creator/import/gnu/arm/5.4.1/bin/../lib/gcc/arm-none-eabi/5.4.1/armv6-m\libgcc.a(_dvmd_tls.o)
                0x10003964                __aeabi_idiv0
                0x10003964                __aeabi_ldiv0
 .text          0x10003968       0x40 c:/program files/cypress/psoc creator/4.3/psoc creator/import/gnu/arm/5.4.1/bin/../lib/gcc/arm-none-eabi/5.4.1/armv6-m\libgcc.a(_aeabi_uldivmod.o)
                0x10003968                __aeabi_uldivmod
 .text          0x100039a8       0x58 c:/program files/cypress/psoc creator/4.3/psoc creator/import/gnu/arm/5.4.1/bin/../lib/gcc/arm-none-eabi/5.4.1/armv6-m\libgcc.a(_muldi3.o)
                0x100039a8                __muldi3
                0x100039a8                __aeabi_lmul
 .text          0x10003a00       0x3c c:/program files/cypress/psoc creator/4.3/psoc creator/import/gnu/arm/5.4.1/bin/../lib/gcc/arm-none-eabi/5.4.1/armv6-m\libgcc.a(_fixunsdfsi.o)
                0x10003a00                __aeabi_d2uiz
                0x10003a00                __fixunsdfsi
 .text          0x10003a3c      0x180 c:/program files/cypress/psoc creator/4.3/psoc creator/import/gnu/arm/5.4.1/bin/../lib/gcc/arm-none-eabi/5.4.1/armv6-m\libgcc.a(_udivmoddi4.o)
                0x10003a3c                __udivmoddi4
 .text          0x10003bbc      0x62c c:/program files/cypress/psoc creator/4.3/psoc creator/import/gnu/arm/5.4.1/bin/../lib/gcc/arm-none-eabi/5.4.1/armv6-m\libgcc.a(divdf3.o)
                0x10003bbc                __aeabi_ddiv
 .text          0x100041e8      0x4f4 c:/program files/cypress/psoc creator/4.3/psoc creator/import/gnu/arm/5.4.1/bin/../lib/gcc/arm-none-eabi/5.4.1/armv6-m\libgcc.a(muldf3.o)
                0x100041e8                __aeabi_dmul
 .text          0x100046dc      0x6a8 c:/program files/cypress/psoc creator/4.3/psoc creator/import/gnu/arm/5.4.1/bin/../lib/gcc/arm-none-eabi/5.4.1/armv6-m\libgcc.a(subdf3.o)
                0x100046dc                __aeabi_dsub
 .text          0x10004d84       0x6c c:/program files/cypress/psoc creator/4.3/psoc creator/import/gnu/arm/5.4.1/bin/../lib/gcc/arm-none-eabi/5.4.1/armv6-m\libgcc.a(fixdfsi.o)
                0x10004d84                __aeabi_d2iz
 .text          0x10004df0       0x70 c:/program files/cypress/psoc creator/4.3/psoc creator/import/gnu/arm/5.4.1/bin/../lib/gcc/arm-none-eabi/5.4.1/armv6-m\libgcc.a(floatunsidf.o)
                0x10004df0                __aeabi_ui2d
 .text          0x10004e60       0x7c c:/program files/cypress/psoc creator/4.3/psoc creator/import/gnu/arm/5.4.1/bin/../lib/gcc/arm-none-eabi/5.4.1/armv6-m\libgcc.a(_arm_cmpdf2.o)
                0x10004e60                __aeabi_cdrcmple
                0x10004e70                __aeabi_cdcmple
                0x10004e70                __aeabi_cdcmpeq
                0x10004e80                __aeabi_dcmpeq
                0x10004e8c                __aeabi_dcmplt
                0x10004ea0                __aeabi_dcmple
                0x10004eb4                __aeabi_dcmpgt
                0x10004ec8                __aeabi_dcmpge
 .text          0x10004edc       0x3c c:/program files/cypress/psoc creator/4.3/psoc creator/import/gnu/arm/5.4.1/bin/../lib/gcc/arm-none-eabi/5.4.1/armv6-m\libgcc.a(_clzsi2.o)
                0x10004edc                __clzsi2
 .text          0x10004f18       0x18 c:/program files/cypress/psoc creator/4.3/psoc creator/import/gnu/arm/5.4.1/bin/../lib/gcc/arm-none-eabi/5.4.1/armv6-m\libgcc.a(_clzdi2.o)
                0x10004f18                __clzdi2
 .text          0x10004f30       0x80 c:/program files/cypress/psoc creator/4.3/psoc creator/import/gnu/arm/5.4.1/bin/../lib/gcc/arm-none-eabi/5.4.1/armv6-m\libgcc.a(eqdf2.o)
                0x10004f30                __nedf2
                0x10004f30                __eqdf2
 .text          0x10004fb0       0xc8 c:/program files/cypress/psoc creator/4.3/psoc creator/import/gnu/arm/5.4.1/bin/../lib/gcc/arm-none-eabi/5.4.1/armv6-m\libgcc.a(gedf2.o)
                0x10004fb0                __gedf2
                0x10004fb0                __gtdf2
 .text          0x10005078       0xd4 c:/program files/cypress/psoc creator/4.3/psoc creator/import/gnu/arm/5.4.1/bin/../lib/gcc/arm-none-eabi/5.4.1/armv6-m\libgcc.a(ledf2.o)
                0x10005078                __ledf2
                0x10005078                __ltdf2
 .text.memcmp   0x1000514c       0x1e c:/program files/cypress/psoc creator/4.3/psoc creator/import/gnu/arm/5.4.1/bin/../lib/gcc/arm-none-eabi/5.4.1/../../../../arm-none-eabi/lib/armv6-m\libg_nano.a(lib_a-memcmp.o)
                0x1000514c                memcmp
 .text.memcpy   0x1000516a       0x12 c:/program files/cypress/psoc creator/4.3/psoc creator/import/gnu/arm/5.4.1/bin/../lib/gcc/arm-none-eabi/5.4.1/../../../../arm-none-eabi/lib/armv6-m\libg_nano.a(lib_a-memcpy-stub.o)
                0x1000516a                memcpy
 .text.memset   0x1000517c       0x10 c:/program files/cypress/psoc creator/4.3/psoc creator/import/gnu/arm/5.4.1/bin/../lib/gcc/arm-none-eabi/5.4.1/../../../../arm-none-eabi/lib/armv6-m\libg_nano.a(lib_a-memset.o)
                0x1000517c                memset
 .text.strncpy  0x1000518c       0x26 c:/program files/cypress/psoc creator/4.3/psoc creator/import/gnu/arm/5.4.1/bin/../lib/gcc/arm-none-eabi/5.4.1/../../../../arm-none-eabi/lib/armv6-m\libg_nano.a(lib_a-strncpy.o)
                0x1000518c                strncpy
 *(.init)
 *fill*         0x100051b2        0x2 
 .init          0x100051b4        0x4 c:/program files/cypress/psoc creator/4.3/psoc creator/import/gnu/arm/5.4.1/bin/../lib/gcc/arm-none-eabi/5.4.1/armv6-m/crti.o
                0x100051b4                _init
 .init          0x100051b8        0x8 c:/program files/cypress/psoc creator/4.3/psoc creator/import/gnu/arm/5.4.1/bin/../lib/gcc/arm-none-eabi/5.4.1/armv6-m/crtn.o
 *(.fini)
 .fini          0x100051c0        0x4 c:/program files/cypress/psoc creator/4.3/psoc creator/import/gnu/arm/5.4.1/bin/../lib/gcc/arm-none-eabi/5.4.1/armv6-m/crti.o
                0x100051c0                _fini
 .fini          0x100051c4        0x8 c:/program files/cypress/psoc creator/4.3/psoc creator/import/gnu/arm/5.4.1/bin/../lib/gcc/arm-none-eabi/5.4.1/armv6-m/crtn.o
 *fill*         0x100051cc        0x4 
 .fini.__stub   0x100051d0       0x10 linker stubs
 *crtbegin.o(.ctors)
 *crtbegin?.o(.ctors)
 *(EXCLUDE_FILE(*crtend.o *crtend?.o) .ctors)
 *(SORT(.ctors.*))
 *(.ctors)
 *crtbegin.o(.dtors)
 *crtbegin?.o(.dtors)
 *(EXCLUDE_FILE(*crtend.o *crtend?.o) .dtors)
 *(SORT(.dtors.*))
 *(.dtors)
 *(.rodata .rodata.* .constdata .constdata.* .conststring .conststring.*)
 .rodata.str1.4
                0x100051e0        0xc .\CortexM0p\ARM_GCC_541\Debug\main_cm0p.o
 .rodata        0x100051ec       0x34 .\CortexM0p\ARM_GCC_541\Debug\system_psoc6_cm0plus.o
 .rodata.str1.4
                0x10005220       0x17 .\CortexM0p\ARM_GCC_541\Debug\system_psoc6_cm0plus.o
 *fill*         0x10005237        0x1 
 .rodata        0x10005238        0x8 .\CortexM0p\ARM_GCC_541\Debug\cyfitter_sysint_cfg.o
                0x10005238                BLE_bless_isr_cfg
 .rodata        0x10005240       0x5c .\CortexM0p\ARM_GCC_541\Debug\cyfitter_cfg.o
 .rodata        0x1000529c       0x40 .\CortexM0p\ARM_GCC_541\Debug\UART.o
                0x1000529c                UART_config
 .rodata.str1.4
                0x100052dc       0x3f .\CortexM0p\ARM_GCC_541\Debug\cy_flash.o
 *fill*         0x1000531b        0x1 
 .rodata.str1.4
                0x1000531c       0x7d .\CortexM0p\ARM_GCC_541\Debug\cy_gpio.o
 *fill*         0x10005399        0x3 
 .rodata.str1.4
                0x1000539c       0x7f .\CortexM0p\ARM_GCC_541\Debug\cy_ipc_drv.o
 .rodata.str1.4
                0x1000541b       0x3f .\CortexM0p\ARM_GCC_541\Debug\cy_ipc_sema.o
 *fill*         0x1000541b        0x1 
 .rodata.str1.4
                0x1000541c       0x40 .\CortexM0p\ARM_GCC_541\Debug\cy_ipc_pipe.o
                                 0x7f (size before relaxing)
 .rodata.str1.4
                0x1000545c       0x3d .\CortexM0p\ARM_GCC_541\Debug\cy_prot.o
 *fill*         0x10005499        0x3 
 .rodata.str1.4
                0x1000549c       0xc4 .\CortexM0p\ARM_GCC_541\Debug\cy_scb_uart.o
 .rodata.str1.4
                0x10005560       0x85 .\CortexM0p\ARM_GCC_541\Debug\cy_sysclk.o
 *fill*         0x100055e5        0x3 
 .rodata.str1.4
                0x100055e8       0x41 .\CortexM0p\ARM_GCC_541\Debug\cy_sysint.o
 *fill*         0x10005629        0x3 
 .rodata.str1.4
                0x1000562c       0x3f .\CortexM0p\ARM_GCC_541\Debug\cy_syspm.o
                                 0x7f (size before relaxing)
 *fill*         0x1000566b        0x1 
 .rodata        0x1000566c      0x170 .\CortexM0p\ARM_GCC_541\Debug\cy_device.o
                0x1000566c                cy_deviceIpBlockCfgPSoC6_02
                0x10005724                cy_deviceIpBlockCfgPSoC6_01
 .rodata.str1.4
                0x100057dc       0x3c .\CortexM0p\ARM_GCC_541\Debug\cy_ble_hal_pvt.o
                                 0x3b (size before relaxing)
 .rodata        0x10005818       0x6c .\CortexM0p\ARM_GCC_541\Debug\cy_ble_clk.o
 .constdata     0x10005884       0x4c Generated_Source\PSoC6\pdl\middleware\ble\lib\cy_ble_stack_gcc_controller_ipc_cm0p.a(config_bin.o)
                0x10005884                bt_cfg_pdata
 .constdata     0x100058d0       0x10 Generated_Source\PSoC6\pdl\middleware\ble\lib\cy_ble_stack_gcc_controller_ipc_cm0p.a(ll_connection.o)
                0x100058d0                g_slave_clock_accuracy
 .constdata     0x100058e0      0x102 Generated_Source\PSoC6\pdl\middleware\ble\lib\cy_ble_stack_gcc_controller_ipc_cm0p.a(ll_pdu.o)
                0x100058e0                enc_valid_pdu_list
                0x100058e8                fp_ll_pdu_handlers
                0x1000594c                fp_ll_pdu_ack_handlers
                0x100059b0                ll_pdu_valid_length
 *fill*         0x100059e2        0x2 
 .constdata     0x100059e4       0x88 Generated_Source\PSoC6\pdl\middleware\ble\lib\cy_ble_stack_gcc_controller_ipc_cm0p.a(ll_privacy.o)
 .constdata     0x10005a6c       0x40 Generated_Source\PSoC6\pdl\middleware\ble\lib\cy_ble_stack_gcc_controller_ipc_cm0p.a(ll_dle.o)
 .constdata     0x10005aac       0x50 Generated_Source\PSoC6\pdl\middleware\ble\lib\cy_ble_stack_gcc_controller_ipc_cm0p.a(ll_phy_update.o)
 .constdata     0x10005afc       0x84 Generated_Source\PSoC6\pdl\middleware\ble\lib\cy_ble_stack_gcc_controller_ipc_cm0p.a(lec_hci_le_commands.o)
 .constdata     0x10005b80      0x3f6 Generated_Source\PSoC6\pdl\middleware\ble\lib\cy_ble_stack_gcc_controller_ipc_cm0p.a(lec_hci_le_commands.o)
 *fill*         0x10005f76        0x2 
 .constdata     0x10005f78       0x84 Generated_Source\PSoC6\pdl\middleware\ble\lib\cy_ble_stack_gcc_controller_ipc_cm0p.a(lec_hci_le_commands.o)
 .constdata     0x10005ffc       0x84 Generated_Source\PSoC6\pdl\middleware\ble\lib\cy_ble_stack_gcc_controller_ipc_cm0p.a(lec_hci_le_commands.o)
 .constdata     0x10006080       0x21 Generated_Source\PSoC6\pdl\middleware\ble\lib\cy_ble_stack_gcc_controller_ipc_cm0p.a(lec_hci_le_commands.o)
 .constdata     0x100060a1       0x40 Generated_Source\PSoC6\pdl\middleware\ble\lib\cy_ble_stack_gcc_controller_ipc_cm0p.a(lec_hci_le_common_commands.o)
                0x100060a1                Cu8_hci_le_supported_commands_array
 *fill*         0x100060e1        0x3 
 .constdata     0x100060e4       0xcc Generated_Source\PSoC6\pdl\middleware\ble\lib\cy_ble_stack_gcc_controller_ipc_cm0p.a(lec_hci_le_privacy.o)
 .constdata     0x100061b0        0xc Generated_Source\PSoC6\pdl\middleware\ble\lib\cy_ble_stack_gcc_controller_ipc_cm0p.a(lec_hci_le_privacy.o)
 .constdata     0x100061bc       0x60 Generated_Source\PSoC6\pdl\middleware\ble\lib\cy_ble_stack_gcc_controller_ipc_cm0p.a(lec_hci_le_dle.o)
 .constdata     0x1000621c       0x78 Generated_Source\PSoC6\pdl\middleware\ble\lib\cy_ble_stack_gcc_controller_ipc_cm0p.a(lec_hci_le_phy_update.o)
 .conststring   0x10006294       0x87 Generated_Source\PSoC6\pdl\middleware\ble\lib\cy_ble_stack_gcc_controller_ipc_cm0p.a(drbg.o)
 *fill*         0x1000631b        0x1 
 .constdata     0x1000631c       0x60 Generated_Source\PSoC6\pdl\middleware\ble\lib\cy_ble_stack_gcc_radio_max_cm0p.a(CyBlessVer3.o)
                0x1000631c                rssiMap
 .rodata        0x1000637c       0x40 c:/program files/cypress/psoc creator/4.3/psoc creator/import/gnu/arm/5.4.1/bin/../lib/gcc/arm-none-eabi/5.4.1/armv6-m\libgcc.a(divdf3.o)
 .rodata        0x100063bc       0x40 c:/program files/cypress/psoc creator/4.3/psoc creator/import/gnu/arm/5.4.1/bin/../lib/gcc/arm-none-eabi/5.4.1/armv6-m\libgcc.a(muldf3.o)
 *(.eh_frame*)
 .eh_frame      0x100063fc        0x0 c:/program files/cypress/psoc creator/4.3/psoc creator/import/gnu/arm/5.4.1/bin/../lib/gcc/arm-none-eabi/5.4.1/armv6-m/crtbegin.o
 .eh_frame      0x100063fc        0x4 c:/program files/cypress/psoc creator/4.3/psoc creator/import/gnu/arm/5.4.1/bin/../lib/gcc/arm-none-eabi/5.4.1/armv6-m/crtend.o

.glue_7         0x10006400        0x0
 .glue_7        0x10006400        0x0 linker stubs

.glue_7t        0x10006400        0x0
 .glue_7t       0x10006400        0x0 linker stubs

.vfp11_veneer   0x10006400        0x0
 .vfp11_veneer  0x10006400        0x0 linker stubs

.v4_bx          0x10006400        0x0
 .v4_bx         0x10006400        0x0 linker stubs

.iplt           0x10006400        0x0
 .iplt          0x10006400        0x0 c:/program files/cypress/psoc creator/4.3/psoc creator/import/gnu/arm/5.4.1/bin/../lib/gcc/arm-none-eabi/5.4.1/armv6-m/crtbegin.o

i.CyBleStackMgr_Init
                0x10006400       0xec
 i.CyBleStackMgr_Init
                0x10006400       0xec Generated_Source\PSoC6\pdl\middleware\ble\lib\cy_ble_stack_gcc_controller_ipc_cm0p.a(CyBleStackMgrIP_Interface.o)
                0x10006400                CyBleStackMgr_Init

i.CyBleStackMgr_ProcessBleEvents
                0x100064ec       0x2c
 i.CyBleStackMgr_ProcessBleEvents
                0x100064ec       0x2c Generated_Source\PSoC6\pdl\middleware\ble\lib\cy_ble_stack_gcc_controller_ipc_cm0p.a(CyBleStackMgrIP_Interface.o)
                0x100064ec                CyBleStackMgr_ProcessBleEvents

i.CyBleStackMgr_Shutdown
                0x10006518       0x28
 i.CyBleStackMgr_Shutdown
                0x10006518       0x28 Generated_Source\PSoC6\pdl\middleware\ble\lib\cy_ble_stack_gcc_controller_ipc_cm0p.a(CyBleStackMgrIP_Interface.o)
                0x10006518                CyBleStackMgr_Shutdown

i.CyBle_GetHeapConfig
                0x10006540        0x8
 i.CyBle_GetHeapConfig
                0x10006540        0x8 Generated_Source\PSoC6\pdl\middleware\ble\lib\cy_ble_stack_gcc_controller_ipc_cm0p.a(CyBleStackMgrIP_Interface.o)
                0x10006540                CyBle_GetHeapConfig

i.CyBle_GetHeapMemory
                0x10006548       0x3c
 i.CyBle_GetHeapMemory
                0x10006548       0x3c Generated_Source\PSoC6\pdl\middleware\ble\lib\cy_ble_stack_gcc_controller_ipc_cm0p.a(CyBleStackMgrIP_Interface.o)
                0x10006548                CyBle_GetHeapMemory

i.CyBle_StackGetConfigPtr
                0x10006584        0x8
 i.CyBle_StackGetConfigPtr
                0x10006584        0x8 Generated_Source\PSoC6\pdl\middleware\ble\lib\cy_ble_stack_gcc_controller_ipc_cm0p.a(CyBleStackMgrIP_Interface.o)
                0x10006584                CyBle_StackGetConfigPtr

i.Cy_BLE_EnablePrivacyFeature
                0x1000658c        0x8
 i.Cy_BLE_EnablePrivacyFeature
                0x1000658c        0x8 Generated_Source\PSoC6\pdl\middleware\ble\lib\cy_ble_stack_gcc_controller_ipc_cm0p.a(CyBleStackMgrIP_Interface.o)
                0x1000658c                Cy_BLE_EnablePrivacyFeature

i.Cy_BLE_GetStackLibraryVersion
                0x10006594       0x20
 i.Cy_BLE_GetStackLibraryVersion
                0x10006594       0x20 Generated_Source\PSoC6\pdl\middleware\ble\lib\cy_ble_stack_gcc_controller_ipc_cm0p.a(CyBleStackMgrIP_Interface.o)
                0x10006594                Cy_BLE_GetStackLibraryVersion

i.Cy_BLE_ProcessEvents
                0x100065b4        0x8
 i.Cy_BLE_ProcessEvents
                0x100065b4        0x8 Generated_Source\PSoC6\pdl\middleware\ble\lib\cy_ble_stack_gcc_controller_ipc_cm0p.a(CyBleStackMgrIP_Interface.o)
                0x100065b4                Cy_BLE_ProcessEvents

i.Cy_BLE_StackEnterLPM
                0x100065bc        0x8
 i.Cy_BLE_StackEnterLPM
                0x100065bc        0x8 Generated_Source\PSoC6\pdl\middleware\ble\lib\cy_ble_stack_gcc_controller_ipc_cm0p.a(CyBleStackMgrIP_Interface.o)
                0x100065bc                Cy_BLE_StackEnterLPM

i.Cy_BLE_StackGetBleSsState
                0x100065c4        0x8
 i.Cy_BLE_StackGetBleSsState
                0x100065c4        0x8 Generated_Source\PSoC6\pdl\middleware\ble\lib\cy_ble_stack_gcc_controller_ipc_cm0p.a(CyBleStackMgrIP_Interface.o)
                0x100065c4                Cy_BLE_StackGetBleSsState

i.Cy_BLE_StackInit
                0x100065cc       0x58
 i.Cy_BLE_StackInit
                0x100065cc       0x58 Generated_Source\PSoC6\pdl\middleware\ble\lib\cy_ble_stack_gcc_controller_ipc_cm0p.a(CyBleStackMgrIP_Interface.o)
                0x100065cc                Cy_BLE_StackInit

i.Cy_BLE_StackSetFeatureConfig
                0x10006624       0x54
 i.Cy_BLE_StackSetFeatureConfig
                0x10006624       0x54 Generated_Source\PSoC6\pdl\middleware\ble\lib\cy_ble_stack_gcc_controller_ipc_cm0p.a(CyBleStackMgrIP_Interface.o)
                0x10006624                Cy_BLE_StackSetFeatureConfig

i.ble_stack_idle_task_callback
                0x10006678        0x2
 i.ble_stack_idle_task_callback
                0x10006678        0x2 Generated_Source\PSoC6\pdl\middleware\ble\lib\cy_ble_stack_gcc_controller_ipc_cm0p.a(CyBleStackMgrIP_Interface.o)
                0x10006678                ble_stack_idle_task_callback

i.CyBleStackMgr_GetTime
                0x1000667c       0x28
 i.CyBleStackMgr_GetTime
                0x1000667c       0x28 Generated_Source\PSoC6\pdl\middleware\ble\lib\cy_ble_stack_gcc_controller_ipc_cm0p.a(CyBleStackMgr_PSoCHal.o)
                0x1000667c                CyBleStackMgr_GetTime

i.CyBleStackMgr_HalInit
                0x100066a4       0x1c
 i.CyBleStackMgr_HalInit
                0x100066a4       0x1c Generated_Source\PSoC6\pdl\middleware\ble\lib\cy_ble_stack_gcc_controller_ipc_cm0p.a(CyBleStackMgr_PSoCHal.o)
                0x100066a4                CyBleStackMgr_HalInit

i.CyBleStackMgr_HalIntrEnable
                0x100066c0        0xc
 i.CyBleStackMgr_HalIntrEnable
                0x100066c0        0xc Generated_Source\PSoC6\pdl\middleware\ble\lib\cy_ble_stack_gcc_controller_ipc_cm0p.a(CyBleStackMgr_PSoCHal.o)
                0x100066c0                CyBleStackMgr_HalIntrEnable

i.CyBleStackMgr_HciPortInit
                0x100066cc       0x18
 i.CyBleStackMgr_HciPortInit
                0x100066cc       0x18 Generated_Source\PSoC6\pdl\middleware\ble\lib\cy_ble_stack_gcc_controller_ipc_cm0p.a(CyBleStackMgr_PSoCHal.o)
                0x100066cc                CyBleStackMgr_HciPortInit

i.CyBleStackMgr_HciPortReset
                0x100066e4        0x8
 i.CyBleStackMgr_HciPortReset
                0x100066e4        0x8 Generated_Source\PSoC6\pdl\middleware\ble\lib\cy_ble_stack_gcc_controller_ipc_cm0p.a(CyBleStackMgr_PSoCHal.o)
                0x100066e4                CyBleStackMgr_HciPortReset

i.CyBleStackMgr_HciPortWrite
                0x100066ec        0x8
 i.CyBleStackMgr_HciPortWrite
                0x100066ec        0x8 Generated_Source\PSoC6\pdl\middleware\ble\lib\cy_ble_stack_gcc_controller_ipc_cm0p.a(CyBleStackMgr_PSoCHal.o)
                0x100066ec                CyBleStackMgr_HciPortWrite

i.CyBleStackMgr_TimerStart
                0x100066f4       0x20
 i.CyBleStackMgr_TimerStart
                0x100066f4       0x20 Generated_Source\PSoC6\pdl\middleware\ble\lib\cy_ble_stack_gcc_controller_ipc_cm0p.a(CyBleStackMgr_PSoCHal.o)
                0x100066f4                CyBleStackMgr_TimerStart

i.CyBleStackMgr_TimerStop
                0x10006714       0x18
 i.CyBleStackMgr_TimerStop
                0x10006714       0x18 Generated_Source\PSoC6\pdl\middleware\ble\lib\cy_ble_stack_gcc_controller_ipc_cm0p.a(CyBleStackMgr_PSoCHal.o)
                0x10006714                CyBleStackMgr_TimerStop

i.CyBleStackMgr_isTimerRunning
                0x1000672c        0xc
 i.CyBleStackMgr_isTimerRunning
                0x1000672c        0xc Generated_Source\PSoC6\pdl\middleware\ble\lib\cy_ble_stack_gcc_controller_ipc_cm0p.a(CyBleStackMgr_PSoCHal.o)
                0x1000672c                CyBleStackMgr_isTimerRunning

i.CyBleStackMgr_BleSSFifoRead
                0x10006738       0x3c
 i.CyBleStackMgr_BleSSFifoRead
                0x10006738       0x3c Generated_Source\PSoC6\pdl\middleware\ble\lib\cy_ble_stack_gcc_controller_ipc_cm0p.a(CyBleStackMgr_BleSSDriver.o)
                0x10006738                CyBleStackMgr_BleSSFifoRead

i.CyBleStackMgr_BleSSFifoWrite
                0x10006774       0x30
 i.CyBleStackMgr_BleSSFifoWrite
                0x10006774       0x30 Generated_Source\PSoC6\pdl\middleware\ble\lib\cy_ble_stack_gcc_controller_ipc_cm0p.a(CyBleStackMgr_BleSSDriver.o)
                0x10006774                CyBleStackMgr_BleSSFifoWrite

i.CyBleStackMgr_BleSSInit
                0x100067a4       0xa4
 i.CyBleStackMgr_BleSSInit
                0x100067a4       0xa4 Generated_Source\PSoC6\pdl\middleware\ble\lib\cy_ble_stack_gcc_controller_ipc_cm0p.a(CyBleStackMgr_BleSSDriver.o)
                0x100067a4                CyBleStackMgr_BleSSInit

i.CyBleStackMgr_BleSSMemRead
                0x10006848       0x30
 i.CyBleStackMgr_BleSSMemRead
                0x10006848       0x30 Generated_Source\PSoC6\pdl\middleware\ble\lib\cy_ble_stack_gcc_controller_ipc_cm0p.a(CyBleStackMgr_BleSSDriver.o)
                0x10006848                CyBleStackMgr_BleSSMemRead

i.CyBleStackMgr_BleSSMemWrite
                0x10006878       0x34
 i.CyBleStackMgr_BleSSMemWrite
                0x10006878       0x34 Generated_Source\PSoC6\pdl\middleware\ble\lib\cy_ble_stack_gcc_controller_ipc_cm0p.a(CyBleStackMgr_BleSSDriver.o)
                0x10006878                CyBleStackMgr_BleSSMemWrite

i.CyBleStackMgr_BleSSMemWriteFields
                0x100068ac       0x70
 i.CyBleStackMgr_BleSSMemWriteFields
                0x100068ac       0x70 Generated_Source\PSoC6\pdl\middleware\ble\lib\cy_ble_stack_gcc_controller_ipc_cm0p.a(CyBleStackMgr_BleSSDriver.o)
                0x100068ac                CyBleStackMgr_BleSSMemWriteFields

i.CyBleStackMgr_BleSSReset
                0x1000691c       0x2c
 i.CyBleStackMgr_BleSSReset
                0x1000691c       0x2c Generated_Source\PSoC6\pdl\middleware\ble\lib\cy_ble_stack_gcc_controller_ipc_cm0p.a(CyBleStackMgr_BleSSDriver.o)
                0x1000691c                CyBleStackMgr_BleSSReset

i.CyBleStackMgr_BleSSShutdown
                0x10006948       0x34
 i.CyBleStackMgr_BleSSShutdown
                0x10006948       0x34 Generated_Source\PSoC6\pdl\middleware\ble\lib\cy_ble_stack_gcc_controller_ipc_cm0p.a(CyBleStackMgr_BleSSDriver.o)
                0x10006948                CyBleStackMgr_BleSSShutdown

i.CyBleStackMgr_GenericIface
                0x1000697c       0x58
 i.CyBleStackMgr_GenericIface
                0x1000697c       0x58 Generated_Source\PSoC6\pdl\middleware\ble\lib\cy_ble_stack_gcc_controller_ipc_cm0p.a(CyBleStackMgr_BleSSDriver.o)
                0x1000697c                CyBleStackMgr_GenericIface

i.CyBleStackMgr_HandleBleSSIntr
                0x100069d4       0x70
 i.CyBleStackMgr_HandleBleSSIntr
                0x100069d4       0x70 Generated_Source\PSoC6\pdl\middleware\ble\lib\cy_ble_stack_gcc_controller_ipc_cm0p.a(CyBleStackMgr_BleSSDriver.o)
                0x100069d4                CyBleStackMgr_HandleBleSSIntr

i.CyBle_ControllerGetBleClockCfgParam
                0x10006a44       0x20
 i.CyBle_ControllerGetBleClockCfgParam
                0x10006a44       0x20 Generated_Source\PSoC6\pdl\middleware\ble\lib\cy_ble_stack_gcc_controller_ipc_cm0p.a(CyBleStackMgr_BleSSDriver.o)
                0x10006a44                CyBle_ControllerGetBleClockCfgParam

i.CyBle_ControllerGetTxPowerLevel
                0x10006a64       0x3c
 i.CyBle_ControllerGetTxPowerLevel
                0x10006a64       0x3c Generated_Source\PSoC6\pdl\middleware\ble\lib\cy_ble_stack_gcc_controller_ipc_cm0p.a(CyBleStackMgr_BleSSDriver.o)
                0x10006a64                CyBle_ControllerGetTxPowerLevel

i.CyBle_ControllerSetBleClockCfgParam
                0x10006aa0       0x30
 i.CyBle_ControllerSetBleClockCfgParam
                0x10006aa0       0x30 Generated_Source\PSoC6\pdl\middleware\ble\lib\cy_ble_stack_gcc_controller_ipc_cm0p.a(CyBleStackMgr_BleSSDriver.o)
                0x10006aa0                CyBle_ControllerSetBleClockCfgParam

i.CyBle_ControllerSetDcxoLdoTrim
                0x10006ad0       0x1c
 i.CyBle_ControllerSetDcxoLdoTrim
                0x10006ad0       0x1c Generated_Source\PSoC6\pdl\middleware\ble\lib\cy_ble_stack_gcc_controller_ipc_cm0p.a(CyBleStackMgr_BleSSDriver.o)
                0x10006ad0                CyBle_ControllerSetDcxoLdoTrim

i.CyBle_ControllerSetTxPowerLevel
                0x10006aec       0x20
 i.CyBle_ControllerSetTxPowerLevel
                0x10006aec       0x20 Generated_Source\PSoC6\pdl\middleware\ble\lib\cy_ble_stack_gcc_controller_ipc_cm0p.a(CyBleStackMgr_BleSSDriver.o)
                0x10006aec                CyBle_ControllerSetTxPowerLevel

i.CyBle_EnterDsmMode
                0x10006b0c       0x34
 i.CyBle_EnterDsmMode
                0x10006b0c       0x34 Generated_Source\PSoC6\pdl\middleware\ble\lib\cy_ble_stack_gcc_controller_ipc_cm0p.a(CyBleStackMgr_BleSSDriver.o)
                0x10006b0c                CyBle_EnterDsmMode

i.CyBle_ExitDsmMode
                0x10006b40       0x34
 i.CyBle_ExitDsmMode
                0x10006b40       0x34 Generated_Source\PSoC6\pdl\middleware\ble\lib\cy_ble_stack_gcc_controller_ipc_cm0p.a(CyBleStackMgr_BleSSDriver.o)
                0x10006b40                CyBle_ExitDsmMode

i.CyBle_GetBleSsOperationalMode
                0x10006b74        0xc
 i.CyBle_GetBleSsOperationalMode
                0x10006b74        0xc Generated_Source\PSoC6\pdl\middleware\ble\lib\cy_ble_stack_gcc_controller_ipc_cm0p.a(CyBleStackMgr_BleSSDriver.o)
                0x10006b74                CyBle_GetBleSsOperationalMode

i.CyBle_GetEventCloseState
                0x10006b80       0x10
 i.CyBle_GetEventCloseState
                0x10006b80       0x10 Generated_Source\PSoC6\pdl\middleware\ble\lib\cy_ble_stack_gcc_controller_ipc_cm0p.a(CyBleStackMgr_BleSSDriver.o)
                0x10006b80                CyBle_GetEventCloseState

i.CyBle_GetLpMode
                0x10006b90       0x1c
 i.CyBle_GetLpMode
                0x10006b90       0x1c Generated_Source\PSoC6\pdl\middleware\ble\lib\cy_ble_stack_gcc_controller_ipc_cm0p.a(CyBleStackMgr_BleSSDriver.o)
                0x10006b90                CyBle_GetLpMode

i.CyBle_GetTxGainMode
                0x10006bac        0xe
 i.CyBle_GetTxGainMode
                0x10006bac        0xe Generated_Source\PSoC6\pdl\middleware\ble\lib\cy_ble_stack_gcc_controller_ipc_cm0p.a(CyBleStackMgr_BleSSDriver.o)
                0x10006bac                CyBle_GetTxGainMode

i.CyBle_SetAutoWakeUp
                0x10006bbc        0xc
 i.CyBle_SetAutoWakeUp
                0x10006bbc        0xc Generated_Source\PSoC6\pdl\middleware\ble\lib\cy_ble_stack_gcc_controller_ipc_cm0p.a(CyBleStackMgr_BleSSDriver.o)
                0x10006bbc                CyBle_SetAutoWakeUp

i.CyBle_SetBleSsOperationalMode
                0x10006bc8       0x28
 i.CyBle_SetBleSsOperationalMode
                0x10006bc8       0x28 Generated_Source\PSoC6\pdl\middleware\ble\lib\cy_ble_stack_gcc_controller_ipc_cm0p.a(CyBleStackMgr_BleSSDriver.o)
                0x10006bc8                CyBle_SetBleSsOperationalMode

i.CyBle_SetEventCloseState
                0x10006bf0        0xc
 i.CyBle_SetEventCloseState
                0x10006bf0        0xc Generated_Source\PSoC6\pdl\middleware\ble\lib\cy_ble_stack_gcc_controller_ipc_cm0p.a(CyBleStackMgr_BleSSDriver.o)
                0x10006bf0                CyBle_SetEventCloseState

i.CyBle_CheckBleStackTaskStatus
                0x10006bfc        0x4
 i.CyBle_CheckBleStackTaskStatus
                0x10006bfc        0x4 Generated_Source\PSoC6\pdl\middleware\ble\lib\cy_ble_stack_gcc_controller_ipc_cm0p.a(CyBleStackMgr_StackTaskHandler.o)
                0x10006bfc                CyBle_CheckBleStackTaskStatus

i.CyBle_CreateBleStackTask
                0x10006c00       0x30
 i.CyBle_CreateBleStackTask
                0x10006c00       0x30 Generated_Source\PSoC6\pdl\middleware\ble\lib\cy_ble_stack_gcc_controller_ipc_cm0p.a(CyBleStackMgr_StackTaskHandler.o)
                0x10006c00                CyBle_CreateBleStackTask

i.CyBle_SignalBleStackTask
                0x10006c30       0x44
 i.CyBle_SignalBleStackTask
                0x10006c30       0x44 Generated_Source\PSoC6\pdl\middleware\ble\lib\cy_ble_stack_gcc_controller_ipc_cm0p.a(CyBleStackMgr_StackTaskHandler.o)
                0x10006c30                CyBle_SignalBleStackTask

i.CyBle_StackTaskHandler
                0x10006c74       0x26
 i.CyBle_StackTaskHandler
                0x10006c74       0x26 Generated_Source\PSoC6\pdl\middleware\ble\lib\cy_ble_stack_gcc_controller_ipc_cm0p.a(CyBleStackMgr_StackTaskHandler.o)
                0x10006c74                CyBle_StackTaskHandler

i.IsStackTaskFree
                0x10006c9c       0x10
 i.IsStackTaskFree
                0x10006c9c       0x10 Generated_Source\PSoC6\pdl\middleware\ble\lib\cy_ble_stack_gcc_controller_ipc_cm0p.a(CyBleStackMgr_StackTaskHandler.o)
                0x10006c9c                IsStackTaskFree

i.BT_start_timer
                0x10006cac       0xec
 i.BT_start_timer
                0x10006cac       0xec Generated_Source\PSoC6\pdl\middleware\ble\lib\cy_ble_stack_gcc_controller_ipc_cm0p.a(BT_timer.o)
                0x10006cac                BT_start_timer

i.BT_start_timer_controller
                0x10006d98       0x28
 i.BT_start_timer_controller
                0x10006d98       0x28 Generated_Source\PSoC6\pdl\middleware\ble\lib\cy_ble_stack_gcc_controller_ipc_cm0p.a(BT_timer.o)
                0x10006d98                BT_start_timer_controller

i.BT_start_timer_pilo
                0x10006dc0       0x28
 i.BT_start_timer_pilo
                0x10006dc0       0x28 Generated_Source\PSoC6\pdl\middleware\ble\lib\cy_ble_stack_gcc_controller_ipc_cm0p.a(BT_timer.o)
                0x10006dc0                BT_start_timer_pilo

i.BT_stop_timer
                0x10006de8       0xb0
 i.BT_stop_timer
                0x10006de8       0xb0 Generated_Source\PSoC6\pdl\middleware\ble\lib\cy_ble_stack_gcc_controller_ipc_cm0p.a(BT_timer.o)
                0x10006de8                BT_stop_timer

i.BT_stop_timer_controller
                0x10006e98       0x28
 i.BT_stop_timer_controller
                0x10006e98       0x28 Generated_Source\PSoC6\pdl\middleware\ble\lib\cy_ble_stack_gcc_controller_ipc_cm0p.a(BT_timer.o)
                0x10006e98                BT_stop_timer_controller

i.BT_stop_timer_pilo
                0x10006ec0       0x28
 i.BT_stop_timer_pilo
                0x10006ec0       0x28 Generated_Source\PSoC6\pdl\middleware\ble\lib\cy_ble_stack_gcc_controller_ipc_cm0p.a(BT_timer.o)
                0x10006ec0                BT_stop_timer_pilo

i.BT_timer_process_signals
                0x10006ee8       0xe0
 i.BT_timer_process_signals
                0x10006ee8       0xe0 Generated_Source\PSoC6\pdl\middleware\ble\lib\cy_ble_stack_gcc_controller_ipc_cm0p.a(BT_timer.o)
                0x10006ee8                BT_timer_process_signals

i.timer_allocated_entity
                0x10006fc8       0x34
 i.timer_allocated_entity
                0x10006fc8       0x34 Generated_Source\PSoC6\pdl\middleware\ble\lib\cy_ble_stack_gcc_controller_ipc_cm0p.a(BT_timer.o)
                0x10006fc8                timer_allocated_entity

i.timer_init    0x10006ffc       0x30
 i.timer_init   0x10006ffc       0x30 Generated_Source\PSoC6\pdl\middleware\ble\lib\cy_ble_stack_gcc_controller_ipc_cm0p.a(BT_timer.o)
                0x10006ffc                timer_init

i.timer_update_offsets
                0x1000702c       0x34
 i.timer_update_offsets
                0x1000702c       0x34 Generated_Source\PSoC6\pdl\middleware\ble\lib\cy_ble_stack_gcc_controller_ipc_cm0p.a(BT_timer.o)

i.BT_ISROSQPost
                0x10007060        0xa
 i.BT_ISROSQPost
                0x10007060        0xa Generated_Source\PSoC6\pdl\middleware\ble\lib\cy_ble_stack_gcc_controller_ipc_cm0p.a(bt_os_common.o)
                0x10007060                BT_ISROSQPost

i.BT_OSQPost    0x1000706a        0xa
 i.BT_OSQPost   0x1000706a        0xa Generated_Source\PSoC6\pdl\middleware\ble\lib\cy_ble_stack_gcc_controller_ipc_cm0p.a(bt_os_common.o)
                0x1000706a                BT_OSQPost

i.BT_thread_create
                0x10007074       0x30
 i.BT_thread_create
                0x10007074       0x30 Generated_Source\PSoC6\pdl\middleware\ble\lib\cy_ble_stack_gcc_controller_ipc_cm0p.a(bt_os_common.o)
                0x10007074                BT_thread_create

i.pf_timer_handle_tick
                0x100070a4       0x20
 i.pf_timer_handle_tick
                0x100070a4       0x20 Generated_Source\PSoC6\pdl\middleware\ble\lib\cy_ble_stack_gcc_controller_ipc_cm0p.a(bt_os_common.o)
                0x100070a4                pf_timer_handle_tick

i.CyPilo_ApplyTrim
                0x100070c4       0x88
 i.CyPilo_ApplyTrim
                0x100070c4       0x88 Generated_Source\PSoC6\pdl\middleware\ble\lib\cy_ble_stack_gcc_controller_ipc_cm0p.a(CyBleStackMgrIP_Pilo.o)

i.CyPilo_DSMExitCalibration
                0x1000714c       0x14
 i.CyPilo_DSMExitCalibration
                0x1000714c       0x14 Generated_Source\PSoC6\pdl\middleware\ble\lib\cy_ble_stack_gcc_controller_ipc_cm0p.a(CyBleStackMgrIP_Pilo.o)
                0x1000714c                CyPilo_DSMExitCalibration

i.CyPilo_GetState
                0x10007160        0xc
 i.CyPilo_GetState
                0x10007160        0xc Generated_Source\PSoC6\pdl\middleware\ble\lib\cy_ble_stack_gcc_controller_ipc_cm0p.a(CyBleStackMgrIP_Pilo.o)
                0x10007160                CyPilo_GetState

i.CyPilo_InitCalibration
                0x1000716c       0x18
 i.CyPilo_InitCalibration
                0x1000716c       0x18 Generated_Source\PSoC6\pdl\middleware\ble\lib\cy_ble_stack_gcc_controller_ipc_cm0p.a(CyBleStackMgrIP_Pilo.o)
                0x1000716c                CyPilo_InitCalibration

i.CyPilo_PeriodicCalibTimeout
                0x10007184       0x24
 i.CyPilo_PeriodicCalibTimeout
                0x10007184       0x24 Generated_Source\PSoC6\pdl\middleware\ble\lib\cy_ble_stack_gcc_controller_ipc_cm0p.a(CyBleStackMgrIP_Pilo.o)

i.CyPilo_RetryCalibration
                0x100071a8       0x20
 i.CyPilo_RetryCalibration
                0x100071a8       0x20 Generated_Source\PSoC6\pdl\middleware\ble\lib\cy_ble_stack_gcc_controller_ipc_cm0p.a(CyBleStackMgrIP_Pilo.o)

i.CyPilo_SetCalibInterval
                0x100071c8        0xc
 i.CyPilo_SetCalibInterval
                0x100071c8        0xc Generated_Source\PSoC6\pdl\middleware\ble\lib\cy_ble_stack_gcc_controller_ipc_cm0p.a(CyBleStackMgrIP_Pilo.o)
                0x100071c8                CyPilo_SetCalibInterval

i.CyPilo_SetState
                0x100071d4        0xc
 i.CyPilo_SetState
                0x100071d4        0xc Generated_Source\PSoC6\pdl\middleware\ble\lib\cy_ble_stack_gcc_controller_ipc_cm0p.a(CyBleStackMgrIP_Pilo.o)
                0x100071d4                CyPilo_SetState

i.CyPilo_ShutdownCalibration
                0x100071e0       0x1c
 i.CyPilo_ShutdownCalibration
                0x100071e0       0x1c Generated_Source\PSoC6\pdl\middleware\ble\lib\cy_ble_stack_gcc_controller_ipc_cm0p.a(CyBleStackMgrIP_Pilo.o)
                0x100071e0                CyPilo_ShutdownCalibration

i.CyPilo_StopPeriodicTimer
                0x100071fc       0x10
 i.CyPilo_StopPeriodicTimer
                0x100071fc       0x10 Generated_Source\PSoC6\pdl\middleware\ble\lib\cy_ble_stack_gcc_controller_ipc_cm0p.a(CyBleStackMgrIP_Pilo.o)
                0x100071fc                CyPilo_StopPeriodicTimer

i.CyPilo_TriggerCalibration
                0x1000720c       0x54
 i.CyPilo_TriggerCalibration
                0x1000720c       0x54 Generated_Source\PSoC6\pdl\middleware\ble\lib\cy_ble_stack_gcc_controller_ipc_cm0p.a(CyBleStackMgrIP_Pilo.o)
                0x1000720c                CyPilo_TriggerCalibration

i.CyPilo_UpdateCalibInterval
                0x10007260       0x34
 i.CyPilo_UpdateCalibInterval
                0x10007260       0x34 Generated_Source\PSoC6\pdl\middleware\ble\lib\cy_ble_stack_gcc_controller_ipc_cm0p.a(CyBleStackMgrIP_Pilo.o)
                0x10007260                CyPilo_UpdateCalibInterval

i.OS_init       0x10007294       0x64
 i.OS_init      0x10007294       0x64 Generated_Source\PSoC6\pdl\middleware\ble\lib\cy_ble_stack_gcc_controller_ipc_cm0p.a(mint_os.o)
                0x10007294                OS_init

i.OS_shutdown   0x100072f8        0x4
 i.OS_shutdown  0x100072f8        0x4 Generated_Source\PSoC6\pdl\middleware\ble\lib\cy_ble_stack_gcc_controller_ipc_cm0p.a(mint_os.o)
                0x100072f8                OS_shutdown

i.mintos_malloc
                0x100072fc       0x34
 i.mintos_malloc
                0x100072fc       0x34 Generated_Source\PSoC6\pdl\middleware\ble\lib\cy_ble_stack_gcc_controller_ipc_cm0p.a(mint_os.o)
                0x100072fc                mintos_malloc

i.OS_create_queue
                0x10007330       0x64
 i.OS_create_queue
                0x10007330       0x64 Generated_Source\PSoC6\pdl\middleware\ble\lib\cy_ble_stack_gcc_controller_ipc_cm0p.a(mint_os_queue.o)
                0x10007330                OS_create_queue

i.OS_enqueue_item
                0x10007394       0x98
 i.OS_enqueue_item
                0x10007394       0x98 Generated_Source\PSoC6\pdl\middleware\ble\lib\cy_ble_stack_gcc_controller_ipc_cm0p.a(mint_os_queue.o)
                0x10007394                OS_enqueue_item

i.OS_queue_get_num_of_items
                0x1000742c       0x28
 i.OS_queue_get_num_of_items
                0x1000742c       0x28 Generated_Source\PSoC6\pdl\middleware\ble\lib\cy_ble_stack_gcc_controller_ipc_cm0p.a(mint_os_queue.o)
                0x1000742c                OS_queue_get_num_of_items

i.OS_queue_mgmt_init
                0x10007454       0x40
 i.OS_queue_mgmt_init
                0x10007454       0x40 Generated_Source\PSoC6\pdl\middleware\ble\lib\cy_ble_stack_gcc_controller_ipc_cm0p.a(mint_os_queue.o)
                0x10007454                OS_queue_mgmt_init

i.OS_remove_item
                0x10007494       0xac
 i.OS_remove_item
                0x10007494       0xac Generated_Source\PSoC6\pdl\middleware\ble\lib\cy_ble_stack_gcc_controller_ipc_cm0p.a(mint_os_queue.o)
                0x10007494                OS_remove_item

i.OS_create_task
                0x10007540       0x88
 i.OS_create_task
                0x10007540       0x88 Generated_Source\PSoC6\pdl\middleware\ble\lib\cy_ble_stack_gcc_controller_ipc_cm0p.a(mint_os_task.o)
                0x10007540                OS_create_task

i.OS_is_task_free
                0x100075c8       0x30
 i.OS_is_task_free
                0x100075c8       0x30 Generated_Source\PSoC6\pdl\middleware\ble\lib\cy_ble_stack_gcc_controller_ipc_cm0p.a(mint_os_task.o)
                0x100075c8                OS_is_task_free

i.OS_isr_send_signal_to_task
                0x100075f8        0xc
 i.OS_isr_send_signal_to_task
                0x100075f8        0xc Generated_Source\PSoC6\pdl\middleware\ble\lib\cy_ble_stack_gcc_controller_ipc_cm0p.a(mint_os_task.o)
                0x100075f8                OS_isr_send_signal_to_task

i.OS_scheduler  0x10007604       0x6c
 i.OS_scheduler
                0x10007604       0x6c Generated_Source\PSoC6\pdl\middleware\ble\lib\cy_ble_stack_gcc_controller_ipc_cm0p.a(mint_os_task.o)
                0x10007604                OS_scheduler

i.OS_send_signal_to_task
                0x10007670        0xc
 i.OS_send_signal_to_task
                0x10007670        0xc Generated_Source\PSoC6\pdl\middleware\ble\lib\cy_ble_stack_gcc_controller_ipc_cm0p.a(mint_os_task.o)
                0x10007670                OS_send_signal_to_task

i.OS_send_signal_to_task_context
                0x1000767c       0x3c
 i.OS_send_signal_to_task_context
                0x1000767c       0x3c Generated_Source\PSoC6\pdl\middleware\ble\lib\cy_ble_stack_gcc_controller_ipc_cm0p.a(mint_os_task.o)

i.OS_task_mgmt_init
                0x100076b8       0x50
 i.OS_task_mgmt_init
                0x100076b8       0x50 Generated_Source\PSoC6\pdl\middleware\ble\lib\cy_ble_stack_gcc_controller_ipc_cm0p.a(mint_os_task.o)
                0x100076b8                OS_task_mgmt_init

i.mint_buf_mgmt_allocate_buffer
                0x10007708       0x54
 i.mint_buf_mgmt_allocate_buffer
                0x10007708       0x54 Generated_Source\PSoC6\pdl\middleware\ble\lib\cy_ble_stack_gcc_controller_ipc_cm0p.a(mint_buf_mgmt.o)
                0x10007708                mint_buf_mgmt_allocate_buffer

i.mint_buf_mgmt_create_pool
                0x1000775c       0xd4
 i.mint_buf_mgmt_create_pool
                0x1000775c       0xd4 Generated_Source\PSoC6\pdl\middleware\ble\lib\cy_ble_stack_gcc_controller_ipc_cm0p.a(mint_buf_mgmt.o)
                0x1000775c                mint_buf_mgmt_create_pool

i.mint_buf_mgmt_free_buffer
                0x10007830       0xac
 i.mint_buf_mgmt_free_buffer
                0x10007830       0xac Generated_Source\PSoC6\pdl\middleware\ble\lib\cy_ble_stack_gcc_controller_ipc_cm0p.a(mint_buf_mgmt.o)
                0x10007830                mint_buf_mgmt_free_buffer

i.mint_buf_mgmt_init
                0x100078dc       0x44
 i.mint_buf_mgmt_init
                0x100078dc       0x44 Generated_Source\PSoC6\pdl\middleware\ble\lib\cy_ble_stack_gcc_controller_ipc_cm0p.a(mint_buf_mgmt.o)
                0x100078dc                mint_buf_mgmt_init

i.mint_buf_mgmt_malloc
                0x10007920       0x28
 i.mint_buf_mgmt_malloc
                0x10007920       0x28 Generated_Source\PSoC6\pdl\middleware\ble\lib\cy_ble_stack_gcc_controller_ipc_cm0p.a(mint_buf_mgmt.o)
                0x10007920                mint_buf_mgmt_malloc

i.mint_buf_mgmt_pl_init
                0x10007948       0x4c
 i.mint_buf_mgmt_pl_init
                0x10007948       0x4c Generated_Source\PSoC6\pdl\middleware\ble\lib\cy_ble_stack_gcc_controller_ipc_cm0p.a(mint_buf_mgmt.o)
                0x10007948                mint_buf_mgmt_pl_init

i.mint_buf_mgmt_reset_pool
                0x10007994       0x70
 i.mint_buf_mgmt_reset_pool
                0x10007994       0x70 Generated_Source\PSoC6\pdl\middleware\ble\lib\cy_ble_stack_gcc_controller_ipc_cm0p.a(mint_buf_mgmt.o)
                0x10007994                mint_buf_mgmt_reset_pool

i.mint_buf_mgmt_stack_init
                0x10007a04       0x24
 i.mint_buf_mgmt_stack_init
                0x10007a04       0x24 Generated_Source\PSoC6\pdl\middleware\ble\lib\cy_ble_stack_gcc_controller_ipc_cm0p.a(mint_buf_mgmt.o)
                0x10007a04                mint_buf_mgmt_stack_init

i.mint_buf_mgmt_stack_pop
                0x10007a28       0x3e
 i.mint_buf_mgmt_stack_pop
                0x10007a28       0x3e Generated_Source\PSoC6\pdl\middleware\ble\lib\cy_ble_stack_gcc_controller_ipc_cm0p.a(mint_buf_mgmt.o)
                0x10007a28                mint_buf_mgmt_stack_pop

i.mint_buf_mgmt_stack_push
                0x10007a66       0x3e
 i.mint_buf_mgmt_stack_push
                0x10007a66       0x3e Generated_Source\PSoC6\pdl\middleware\ble\lib\cy_ble_stack_gcc_controller_ipc_cm0p.a(mint_buf_mgmt.o)
                0x10007a66                mint_buf_mgmt_stack_push

i.mint_buf_mgmt_stack_reset
                0x10007aa4       0x1e
 i.mint_buf_mgmt_stack_reset
                0x10007aa4       0x1e Generated_Source\PSoC6\pdl\middleware\ble\lib\cy_ble_stack_gcc_controller_ipc_cm0p.a(mint_buf_mgmt.o)
                0x10007aa4                mint_buf_mgmt_stack_reset

i.mint_buf_mgmt_stack_search_item
                0x10007ac2       0x30
 i.mint_buf_mgmt_stack_search_item
                0x10007ac2       0x30 Generated_Source\PSoC6\pdl\middleware\ble\lib\cy_ble_stack_gcc_controller_ipc_cm0p.a(mint_buf_mgmt.o)
                0x10007ac2                mint_buf_mgmt_stack_search_item

i.CyBleController_HciIpcExtractPacket
                0x10007af4       0xe8
 i.CyBleController_HciIpcExtractPacket
                0x10007af4       0xe8 Generated_Source\PSoC6\pdl\middleware\ble\lib\cy_ble_stack_gcc_controller_ipc_cm0p.a(transport_ipc.o)
                0x10007af4                CyBleController_HciIpcExtractPacket

i.CyBleController_HciIpcInit
                0x10007bdc       0x10
 i.CyBleController_HciIpcInit
                0x10007bdc       0x10 Generated_Source\PSoC6\pdl\middleware\ble\lib\cy_ble_stack_gcc_controller_ipc_cm0p.a(transport_ipc.o)
                0x10007bdc                CyBleController_HciIpcInit

i.CyBleController_HciIpcMsgCompleteReceive
                0x10007bec       0x20
 i.CyBleController_HciIpcMsgCompleteReceive
                0x10007bec       0x20 Generated_Source\PSoC6\pdl\middleware\ble\lib\cy_ble_stack_gcc_controller_ipc_cm0p.a(transport_ipc.o)
                0x10007bec                CyBleController_HciIpcMsgCompleteReceive

i.CyBleController_HciIpcMsgReceive
                0x10007c0c       0x34
 i.CyBleController_HciIpcMsgReceive
                0x10007c0c       0x34 Generated_Source\PSoC6\pdl\middleware\ble\lib\cy_ble_stack_gcc_controller_ipc_cm0p.a(transport_ipc.o)
                0x10007c0c                CyBleController_HciIpcMsgReceive

i.CyBleController_HciIpcSend
                0x10007c40       0x16
 i.CyBleController_HciIpcSend
                0x10007c40       0x16 Generated_Source\PSoC6\pdl\middleware\ble\lib\cy_ble_stack_gcc_controller_ipc_cm0p.a(transport_ipc.o)
                0x10007c40                CyBleController_HciIpcSend

i.CyBleController_IpcSendStackInitHWError
                0x10007c56        0x8
 i.CyBleController_IpcSendStackInitHWError
                0x10007c56        0x8 Generated_Source\PSoC6\pdl\middleware\ble\lib\cy_ble_stack_gcc_controller_ipc_cm0p.a(transport_ipc.o)
                0x10007c56                CyBleController_IpcSendStackInitHWError

i.CyBleController_IPC_HAL_Init
                0x10007c60       0x40
 i.CyBleController_IPC_HAL_Init
                0x10007c60       0x40 Generated_Source\PSoC6\pdl\middleware\ble\lib\cy_ble_stack_gcc_controller_ipc_cm0p.a(CyBleStackMgr_PSoCIPCHal.o)
                0x10007c60                CyBleController_IPC_HAL_Init

i.CyBleController_IPC_HAL_InitWithStaticMem
                0x10007ca0       0x10
 i.CyBleController_IPC_HAL_InitWithStaticMem
                0x10007ca0       0x10 Generated_Source\PSoC6\pdl\middleware\ble\lib\cy_ble_stack_gcc_controller_ipc_cm0p.a(CyBleStackMgr_PSoCIPCHal.o)
                0x10007ca0                CyBleController_IPC_HAL_InitWithStaticMem

i.CyBleController_IPC_HAL_IsQueueEmpty
                0x10007cb0       0x24
 i.CyBleController_IPC_HAL_IsQueueEmpty
                0x10007cb0       0x24 Generated_Source\PSoC6\pdl\middleware\ble\lib\cy_ble_stack_gcc_controller_ipc_cm0p.a(CyBleStackMgr_PSoCIPCHal.o)
                0x10007cb0                CyBleController_IPC_HAL_IsQueueEmpty

i.CyBleController_IPC_HAL_PipeReleaseCallback
                0x10007cd4       0x1c
 i.CyBleController_IPC_HAL_PipeReleaseCallback
                0x10007cd4       0x1c Generated_Source\PSoC6\pdl\middleware\ble\lib\cy_ble_stack_gcc_controller_ipc_cm0p.a(CyBleStackMgr_PSoCIPCHal.o)

i.CyBleController_IPC_HAL_ProcessMsgQ
                0x10007cf0       0x40
 i.CyBleController_IPC_HAL_ProcessMsgQ
                0x10007cf0       0x40 Generated_Source\PSoC6\pdl\middleware\ble\lib\cy_ble_stack_gcc_controller_ipc_cm0p.a(CyBleStackMgr_PSoCIPCHal.o)
                0x10007cf0                CyBleController_IPC_HAL_ProcessMsgQ

i.CyBleController_IPC_HAL_PushMessage
                0x10007d30       0x4c
 i.CyBleController_IPC_HAL_PushMessage
                0x10007d30       0x4c Generated_Source\PSoC6\pdl\middleware\ble\lib\cy_ble_stack_gcc_controller_ipc_cm0p.a(CyBleStackMgr_PSoCIPCHal.o)

i.CyBleController_IPC_HAL_Reset
                0x10007d7c        0x2
 i.CyBleController_IPC_HAL_Reset
                0x10007d7c        0x2 Generated_Source\PSoC6\pdl\middleware\ble\lib\cy_ble_stack_gcc_controller_ipc_cm0p.a(CyBleStackMgr_PSoCIPCHal.o)
                0x10007d7c                CyBleController_IPC_HAL_Reset

i.CyBleController_IPC_HAL_SendEnqueue
                0x10007d7e       0x10
 i.CyBleController_IPC_HAL_SendEnqueue
                0x10007d7e       0x10 Generated_Source\PSoC6\pdl\middleware\ble\lib\cy_ble_stack_gcc_controller_ipc_cm0p.a(CyBleStackMgr_PSoCIPCHal.o)
                0x10007d7e                CyBleController_IPC_HAL_SendEnqueue

i.CyBle_ControllerAesCcmDecrypt
                0x10007d90       0x50
 i.CyBle_ControllerAesCcmDecrypt
                0x10007d90       0x50 Generated_Source\PSoC6\pdl\middleware\ble\lib\cy_ble_stack_gcc_controller_ipc_cm0p.a(CyBleControllerIP_Interface.o)
                0x10007d90                CyBle_ControllerAesCcmDecrypt

i.CyBle_ControllerAesCcmEncrypt
                0x10007de0       0x44
 i.CyBle_ControllerAesCcmEncrypt
                0x10007de0       0x44 Generated_Source\PSoC6\pdl\middleware\ble\lib\cy_ble_stack_gcc_controller_ipc_cm0p.a(CyBleControllerIP_Interface.o)
                0x10007de0                CyBle_ControllerAesCcmEncrypt

i.CyBle_ControllerAesEncrypt
                0x10007e24       0x60
 i.CyBle_ControllerAesEncrypt
                0x10007e24       0x60 Generated_Source\PSoC6\pdl\middleware\ble\lib\cy_ble_stack_gcc_controller_ipc_cm0p.a(CyBleControllerIP_Interface.o)
                0x10007e24                CyBle_ControllerAesEncrypt

i.CyBle_ControllerDisableDleFeature
                0x10007e84       0x10
 i.CyBle_ControllerDisableDleFeature
                0x10007e84       0x10 Generated_Source\PSoC6\pdl\middleware\ble\lib\cy_ble_stack_gcc_controller_ipc_cm0p.a(CyBleControllerIP_Interface.o)
                0x10007e84                CyBle_ControllerDisableDleFeature

i.CyBle_ControllerDisablePhyUpdateFeature
                0x10007e94        0xc
 i.CyBle_ControllerDisablePhyUpdateFeature
                0x10007e94        0xc Generated_Source\PSoC6\pdl\middleware\ble\lib\cy_ble_stack_gcc_controller_ipc_cm0p.a(CyBleControllerIP_Interface.o)
                0x10007e94                CyBle_ControllerDisablePhyUpdateFeature

i.CyBle_ControllerDisablePrivacyFeature
                0x10007ea0        0xc
 i.CyBle_ControllerDisablePrivacyFeature
                0x10007ea0        0xc Generated_Source\PSoC6\pdl\middleware\ble\lib\cy_ble_stack_gcc_controller_ipc_cm0p.a(CyBleControllerIP_Interface.o)
                0x10007ea0                CyBle_ControllerDisablePrivacyFeature

i.CyBle_ControllerEnablePrivacyFeature
                0x10007eac       0x10
 i.CyBle_ControllerEnablePrivacyFeature
                0x10007eac       0x10 Generated_Source\PSoC6\pdl\middleware\ble\lib\cy_ble_stack_gcc_controller_ipc_cm0p.a(CyBleControllerIP_Interface.o)
                0x10007eac                CyBle_ControllerEnablePrivacyFeature

i.CyBle_ControllerExitLPM
                0x10007ebc       0x10
 i.CyBle_ControllerExitLPM
                0x10007ebc       0x10 Generated_Source\PSoC6\pdl\middleware\ble\lib\cy_ble_stack_gcc_controller_ipc_cm0p.a(CyBleControllerIP_Interface.o)
                0x10007ebc                CyBle_ControllerExitLPM

i.CyBle_ControllerGetBleSsState
                0x10007ecc       0x10
 i.CyBle_ControllerGetBleSsState
                0x10007ecc       0x10 Generated_Source\PSoC6\pdl\middleware\ble\lib\cy_ble_stack_gcc_controller_ipc_cm0p.a(CyBleControllerIP_Interface.o)
                0x10007ecc                CyBle_ControllerGetBleSsState

i.CyBle_ControllerGetFeatureHeapReq
                0x10007edc       0x58
 i.CyBle_ControllerGetFeatureHeapReq
                0x10007edc       0x58 Generated_Source\PSoC6\pdl\middleware\ble\lib\cy_ble_stack_gcc_controller_ipc_cm0p.a(CyBleControllerIP_Interface.o)
                0x10007edc                CyBle_ControllerGetFeatureHeapReq

i.CyBle_ControllerGetFirmwareProgrammedDSM
                0x10007f34        0xc
 i.CyBle_ControllerGetFirmwareProgrammedDSM
                0x10007f34        0xc Generated_Source\PSoC6\pdl\middleware\ble\lib\cy_ble_stack_gcc_controller_ipc_cm0p.a(CyBleControllerIP_Interface.o)
                0x10007f34                CyBle_ControllerGetFirmwareProgrammedDSM

i.CyBle_ControllerGetHeapMemory
                0x10007f40       0x18
 i.CyBle_ControllerGetHeapMemory
                0x10007f40       0x18 Generated_Source\PSoC6\pdl\middleware\ble\lib\cy_ble_stack_gcc_controller_ipc_cm0p.a(CyBleControllerIP_Interface.o)
                0x10007f40                CyBle_ControllerGetHeapMemory

i.CyBle_ControllerGetInternalHeapReq
                0x10007f58       0x40
 i.CyBle_ControllerGetInternalHeapReq
                0x10007f58       0x40 Generated_Source\PSoC6\pdl\middleware\ble\lib\cy_ble_stack_gcc_controller_ipc_cm0p.a(CyBleControllerIP_Interface.o)
                0x10007f58                CyBle_ControllerGetInternalHeapReq

i.CyBle_ControllerHCIReInit
                0x10007f98       0x60
 i.CyBle_ControllerHCIReInit
                0x10007f98       0x60 Generated_Source\PSoC6\pdl\middleware\ble\lib\cy_ble_stack_gcc_controller_ipc_cm0p.a(CyBleControllerIP_Interface.o)
                0x10007f98                CyBle_ControllerHCIReInit

i.CyBle_ControllerInit
                0x10007ff8       0x68
 i.CyBle_ControllerInit
                0x10007ff8       0x68 Generated_Source\PSoC6\pdl\middleware\ble\lib\cy_ble_stack_gcc_controller_ipc_cm0p.a(CyBleControllerIP_Interface.o)
                0x10007ff8                CyBle_ControllerInit

i.CyBle_ControllerReset
                0x10008060       0x20
 i.CyBle_ControllerReset
                0x10008060       0x20 Generated_Source\PSoC6\pdl\middleware\ble\lib\cy_ble_stack_gcc_controller_ipc_cm0p.a(CyBleControllerIP_Interface.o)
                0x10008060                CyBle_ControllerReset

i.CyBle_ControllerSetFeatureConfig
                0x10008080       0x68
 i.CyBle_ControllerSetFeatureConfig
                0x10008080       0x68 Generated_Source\PSoC6\pdl\middleware\ble\lib\cy_ble_stack_gcc_controller_ipc_cm0p.a(CyBleControllerIP_Interface.o)
                0x10008080                CyBle_ControllerSetFeatureConfig

i.CyBle_ControllerSetFirmwareProgrammedDSM
                0x100080e8        0xc
 i.CyBle_ControllerSetFirmwareProgrammedDSM
                0x100080e8        0xc Generated_Source\PSoC6\pdl\middleware\ble\lib\cy_ble_stack_gcc_controller_ipc_cm0p.a(CyBleControllerIP_Interface.o)
                0x100080e8                CyBle_ControllerSetFirmwareProgrammedDSM

i.CyBle_ControllerValidateInputParams
                0x100080f4       0x24
 i.CyBle_ControllerValidateInputParams
                0x100080f4       0x24 Generated_Source\PSoC6\pdl\middleware\ble\lib\cy_ble_stack_gcc_controller_ipc_cm0p.a(CyBleControllerIP_Interface.o)
                0x100080f4                CyBle_ControllerValidateInputParams

i.Cy_BLE_ControllerEnterLPM
                0x10008118       0x14
 i.Cy_BLE_ControllerEnterLPM
                0x10008118       0x14 Generated_Source\PSoC6\pdl\middleware\ble\lib\cy_ble_stack_gcc_controller_ipc_cm0p.a(CyBleControllerIP_Interface.o)
                0x10008118                Cy_BLE_ControllerEnterLPM

i.Cy_BLE_IsControllerActive
                0x1000812c       0x30
 i.Cy_BLE_IsControllerActive
                0x1000812c       0x30 Generated_Source\PSoC6\pdl\middleware\ble\lib\cy_ble_stack_gcc_controller_ipc_cm0p.a(ll.o)
                0x1000812c                Cy_BLE_IsControllerActive

i.ll_check_and_mark_packet_ready_for_transmission
                0x1000815c       0x5c
 i.ll_check_and_mark_packet_ready_for_transmission
                0x1000815c       0x5c Generated_Source\PSoC6\pdl\middleware\ble\lib\cy_ble_stack_gcc_controller_ipc_cm0p.a(ll.o)
                0x1000815c                ll_check_and_mark_packet_ready_for_transmission

i.ll_cleanup_pending_data_pdu
                0x100081b8       0x3c
 i.ll_cleanup_pending_data_pdu
                0x100081b8       0x3c Generated_Source\PSoC6\pdl\middleware\ble\lib\cy_ble_stack_gcc_controller_ipc_cm0p.a(ll.o)
                0x100081b8                ll_cleanup_pending_data_pdu

i.ll_dequeue_data_in_pdu_q_mgr
                0x100081f4      0x144
 i.ll_dequeue_data_in_pdu_q_mgr
                0x100081f4      0x144 Generated_Source\PSoC6\pdl\middleware\ble\lib\cy_ble_stack_gcc_controller_ipc_cm0p.a(ll.o)
                0x100081f4                ll_dequeue_data_in_pdu_q_mgr

i.ll_derive_window_offset
                0x10008338       0x20
 i.ll_derive_window_offset
                0x10008338       0x20 Generated_Source\PSoC6\pdl\middleware\ble\lib\cy_ble_stack_gcc_controller_ipc_cm0p.a(ll.o)
                0x10008338                ll_derive_window_offset

i.ll_derive_window_size
                0x10008358        0xc
 i.ll_derive_window_size
                0x10008358        0xc Generated_Source\PSoC6\pdl\middleware\ble\lib\cy_ble_stack_gcc_controller_ipc_cm0p.a(ll.o)
                0x10008358                ll_derive_window_size

i.ll_enqueue_data_in_pdu_q_mgr
                0x10008364       0x90
 i.ll_enqueue_data_in_pdu_q_mgr
                0x10008364       0x90 Generated_Source\PSoC6\pdl\middleware\ble\lib\cy_ble_stack_gcc_controller_ipc_cm0p.a(ll.o)
                0x10008364                ll_enqueue_data_in_pdu_q_mgr

i.ll_enter_dsm_mode
                0x100083f4      0x20c
 i.ll_enter_dsm_mode
                0x100083f4      0x20c Generated_Source\PSoC6\pdl\middleware\ble\lib\cy_ble_stack_gcc_controller_ipc_cm0p.a(ll.o)
                0x100083f4                ll_enter_dsm_mode

i.ll_exit_low_power_mode
                0x10008600       0x6c
 i.ll_exit_low_power_mode
                0x10008600       0x6c Generated_Source\PSoC6\pdl\middleware\ble\lib\cy_ble_stack_gcc_controller_ipc_cm0p.a(ll.o)
                0x10008600                ll_exit_low_power_mode

i.ll_get_ack_status
                0x1000866c       0x44
 i.ll_get_ack_status
                0x1000866c       0x44 Generated_Source\PSoC6\pdl\middleware\ble\lib\cy_ble_stack_gcc_controller_ipc_cm0p.a(ll.o)
                0x1000866c                ll_get_ack_status

i.ll_get_ack_status_for_all_connections
                0x100086b0       0x38
 i.ll_get_ack_status_for_all_connections
                0x100086b0       0x38 Generated_Source\PSoC6\pdl\middleware\ble\lib\cy_ble_stack_gcc_controller_ipc_cm0p.a(ll.o)
                0x100086b0                ll_get_ack_status_for_all_connections

i.ll_get_adv_ch_tx_power
                0x100086e8       0x16
 i.ll_get_adv_ch_tx_power
                0x100086e8       0x16 Generated_Source\PSoC6\pdl\middleware\ble\lib\cy_ble_stack_gcc_controller_ipc_cm0p.a(ll.o)
                0x100086e8                ll_get_adv_ch_tx_power

i.ll_get_data_channel_map
                0x100086fe       0x28
 i.ll_get_data_channel_map
                0x100086fe       0x28 Generated_Source\PSoC6\pdl\middleware\ble\lib\cy_ble_stack_gcc_controller_ipc_cm0p.a(ll.o)
                0x100086fe                ll_get_data_channel_map

i.ll_get_max_white_list_size
                0x10008728        0xc
 i.ll_get_max_white_list_size
                0x10008728        0xc Generated_Source\PSoC6\pdl\middleware\ble\lib\cy_ble_stack_gcc_controller_ipc_cm0p.a(ll.o)
                0x10008728                ll_get_max_white_list_size

i.ll_get_my_role
                0x10008734        0xc
 i.ll_get_my_role
                0x10008734        0xc Generated_Source\PSoC6\pdl\middleware\ble\lib\cy_ble_stack_gcc_controller_ipc_cm0p.a(ll.o)
                0x10008734                ll_get_my_role

i.ll_get_next_available_fifo_for_data_pdu
                0x10008740        0x8
 i.ll_get_next_available_fifo_for_data_pdu
                0x10008740        0x8 Generated_Source\PSoC6\pdl\middleware\ble\lib\cy_ble_stack_gcc_controller_ipc_cm0p.a(ll.o)
                0x10008740                ll_get_next_available_fifo_for_data_pdu

i.ll_get_next_available_fifo_for_ll_pdu
                0x10008748       0x30
 i.ll_get_next_available_fifo_for_ll_pdu
                0x10008748       0x30 Generated_Source\PSoC6\pdl\middleware\ble\lib\cy_ble_stack_gcc_controller_ipc_cm0p.a(ll.o)
                0x10008748                ll_get_next_available_fifo_for_ll_pdu

i.ll_get_rssi_value
                0x10008778       0x28
 i.ll_get_rssi_value